reg__196: FPGuitAr_Hero__GB2, 
logic__390: FPGuitAr_Hero__GB0, 
case__129: FPGuitAr_Hero__GB2, 
logic__349: FPGuitAr_Hero__GB0, 
logic__459: FPGuitAr_Hero__GB2, 
datapath__32: FPGuitAr_Hero__GB0, 
logic__393: FPGuitAr_Hero__GB0, 
reg__90: FPGuitAr_Hero__GB0, 
logic__1469: labkit__GC0, 
logic__1442: FPGuitAr_Hero__GB0, 
case__171: FPGuitAr_Hero__GB2, 
counter__33: audio_gen, 
case__58: audio_gen, 
counter__34: audio_gen, 
counter__47: audio_gen, 
reg__124: FPGuitAr_Hero__GB2, 
logic__1453: FPGuitAr_Hero__GB0, 
case__196: FPGuitAr_Hero__GB2, 
case__39: audio_gen, 
case__90: FPGuitAr_Hero__GB0, 
reg__226: FPGuitAr_Hero__GB2, 
reg__317: FPGuitAr_Hero__GB0, 
clk_wiz_65__GC0: clk_wiz_65__GC0, 
case__473: FPGuitAr_Hero__GB0, 
case__14: audio_gen, 
dsp48e1__23: FPGuitAr_Hero__GB0, 
sine_generator__parameterized41: audio_gen, 
logic__354: FPGuitAr_Hero__GB0, 
case__203: FPGuitAr_Hero__GB2, 
sine_generator__parameterized5: audio_gen, 
dsp48e1__2: FPGuitAr_Hero__GB0, 
logic__961: FPGuitAr_Hero__GB0, 
logic__505: FPGuitAr_Hero__GB2, 
reg__104: FPGuitAr_Hero__GB0, 
logic__34: audio_gen, 
logic__737: FPGuitAr_Hero__GB2, 
reg__110: FPGuitAr_Hero__GB0, 
case__33: audio_gen, 
logic__1001: FPGuitAr_Hero__GB0, 
logic__447: FPGuitAr_Hero__GB2, 
case__373: FPGuitAr_Hero__GB0, 
case__381: FPGuitAr_Hero__GB0, 
datapath__191: FPGuitAr_Hero__GB0, 
case__29: audio_gen, 
reg__9: labkit__GC0, 
logic__1455: FPGuitAr_Hero__GB0, 
case__92: FPGuitAr_Hero__GB0, 
logic__917: FPGuitAr_Hero__GB0, 
datapath__160: FPGuitAr_Hero__GB0, 
case__472: FPGuitAr_Hero__GB0, 
counter__30: audio_gen, 
case__223: FPGuitAr_Hero__GB2, 
case__27: audio_gen, 
datapath__5: audio_gen, 
reg__42: audio_gen, 
counter__11: audio_gen, 
case__245: FPGuitAr_Hero__GB2, 
reg__215: FPGuitAr_Hero__GB2, 
datapath__75: FPGuitAr_Hero__GB0, 
reg__100: FPGuitAr_Hero__GB0, 
case__218: FPGuitAr_Hero__GB2, 
logic__580: FPGuitAr_Hero__GB2, 
logic__1033: FPGuitAr_Hero__GB0, 
sine_generator__parameterized45: audio_gen, 
dsp48e1__14: FPGuitAr_Hero__GB0, 
sine_generator__parameterized8: audio_gen, 
case__198: FPGuitAr_Hero__GB2, 
case__425: FPGuitAr_Hero__GB0, 
logic__230: audio_gen, 
case__137: FPGuitAr_Hero__GB2, 
reg__188: FPGuitAr_Hero__GB2, 
case__452: FPGuitAr_Hero__GB0, 
logic__1017: FPGuitAr_Hero__GB0, 
datapath__28: FPGuitAr_Hero__GB0, 
case__506: FPGuitAr_Hero__GB0, 
reg__265: FPGuitAr_Hero__GB2, 
datapath__54: FPGuitAr_Hero__GB0, 
reg__83: FPGuitAr_Hero__GB0, 
logic__90: audio_gen, 
reg__253: FPGuitAr_Hero__GB2, 
case__205: FPGuitAr_Hero__GB2, 
reg__60: audio_gen, 
logic__539: FPGuitAr_Hero__GB2, 
case__160: FPGuitAr_Hero__GB2, 
logic__981: FPGuitAr_Hero__GB0, 
logic__398: FPGuitAr_Hero__GB0, 
reg__89: FPGuitAr_Hero__GB0, 
datapath__13: FPGuitAr_Hero__GB0, 
picture_blob_alph__xdcDup__5: FPGuitAr_Hero__GB0, 
datapath__108: FPGuitAr_Hero__GB0, 
case__152: FPGuitAr_Hero__GB2, 
logic__74: audio_gen, 
reg__138: FPGuitAr_Hero__GB2, 
logic__722: FPGuitAr_Hero__GB2, 
dsp48e1__10: FPGuitAr_Hero__GB0, 
logic__612: FPGuitAr_Hero__GB2, 
logic__344: FPGuitAr_Hero__GB0, 
logic__1080: FPGuitAr_Hero__GB0, 
logic__174: audio_gen, 
reg__153: FPGuitAr_Hero__GB2, 
datapath__246: FPGuitAr_Hero__GB2, 
reg__318: FPGuitAr_Hero__GB0, 
reg__93: FPGuitAr_Hero__GB0, 
case__179: FPGuitAr_Hero__GB2, 
case__19: audio_gen, 
logic__402: FPGuitAr_Hero__GB0, 
alph_map_red_rom: FPGuitAr_Hero__GB0, 
reg__156: FPGuitAr_Hero__GB2, 
reg__69: audio_gen, 
datapath__235: FPGuitAr_Hero__GB2, 
datapath__84: FPGuitAr_Hero__GB0, 
logic__341: FPGuitAr_Hero__GB0, 
dsp48e1__26: FPGuitAr_Hero__GB0, 
case__207: FPGuitAr_Hero__GB2, 
datapath__6: audio_gen, 
case: labkit__GC0, 
datapath__60: FPGuitAr_Hero__GB0, 
case__261: FPGuitAr_Hero__GB0, 
datapath__222: FPGuitAr_Hero__GB2, 
reg__95: FPGuitAr_Hero__GB0, 
logic__411: FPGuitAr_Hero__GB0, 
logic__30: audio_gen, 
reg__237: FPGuitAr_Hero__GB2, 
logic__346: FPGuitAr_Hero__GB0, 
datapath__15: FPGuitAr_Hero__GB0, 
case__168: FPGuitAr_Hero__GB2, 
reg__182: FPGuitAr_Hero__GB2, 
sine_generator__parameterized50: audio_gen, 
logic__921: FPGuitAr_Hero__GB0, 
counter__66: FPGuitAr_Hero__GB0, 
logic__659: FPGuitAr_Hero__GB2, 
counter__45: audio_gen, 
case__15: audio_gen, 
datapath__47: FPGuitAr_Hero__GB0, 
counter__72: FPGuitAr_Hero__GB2, 
sine_generator__parameterized19: audio_gen, 
reg__285: FPGuitAr_Hero__GB0, 
counter__55: audio_gen, 
counter__17: audio_gen, 
reg__232: FPGuitAr_Hero__GB2, 
reg__16: audio_gen, 
logic__706: FPGuitAr_Hero__GB2, 
case__387: FPGuitAr_Hero__GB0, 
counter__25: audio_gen, 
sine_generator__parameterized18: audio_gen, 
datapath__81: FPGuitAr_Hero__GB0, 
case__388: FPGuitAr_Hero__GB0, 
datapath__255: FPGuitAr_Hero__GB0, 
logic__1457: FPGuitAr_Hero__GB0, 
case__140: FPGuitAr_Hero__GB2, 
muxpart__3: labkit__GC0, 
reg__15: audio_gen, 
datapath__65: FPGuitAr_Hero__GB0, 
reg__176: FPGuitAr_Hero__GB2, 
reg__8: labkit__GC0, 
reg__43: audio_gen, 
logic__146: audio_gen, 
datapath__12: FPGuitAr_Hero__GB0, 
case__423: FPGuitAr_Hero__GB0, 
datapath__35: FPGuitAr_Hero__GB0, 
logic__292: FPGuitAr_Hero__GB0, 
reg__33: audio_gen, 
reg__205: FPGuitAr_Hero__GB2, 
reg__305: FPGuitAr_Hero__GB0, 
datapath__107: FPGuitAr_Hero__GB0, 
logic__348: FPGuitAr_Hero__GB0, 
reg__119: FPGuitAr_Hero__GB0, 
dsp48e1__40: FPGuitAr_Hero__GB0, 
reg__126: FPGuitAr_Hero__GB2, 
case__379: FPGuitAr_Hero__GB0, 
logic__651: FPGuitAr_Hero__GB2, 
dsp48e1__50: FPGuitAr_Hero__GB0, 
datapath__233: FPGuitAr_Hero__GB2, 
logic__274: FPGuitAr_Hero__GB0, 
reg__40: audio_gen, 
datapath__202: FPGuitAr_Hero__GB2, 
case__130: FPGuitAr_Hero__GB2, 
case__144: FPGuitAr_Hero__GB2, 
reg__289: FPGuitAr_Hero__GB0, 
sine_generator__parameterized3: audio_gen, 
logic__541: FPGuitAr_Hero__GB2, 
logic__691: FPGuitAr_Hero__GB2, 
reg__247: FPGuitAr_Hero__GB2, 
logic__1041: FPGuitAr_Hero__GB0, 
datapath__122: FPGuitAr_Hero__GB0, 
muxpart__40: FPGuitAr_Hero__GB2, 
reg__159: FPGuitAr_Hero__GB2, 
case__470: FPGuitAr_Hero__GB0, 
logic__845: FPGuitAr_Hero__GB0, 
logic__246: audio_gen, 
logic__382: FPGuitAr_Hero__GB0, 
reg__286: FPGuitAr_Hero__GB0, 
datapath__100: FPGuitAr_Hero__GB0, 
datapath__239: FPGuitAr_Hero__GB2, 
sine_generator__parameterized20: audio_gen, 
case__393: FPGuitAr_Hero__GB0, 
case__187: FPGuitAr_Hero__GB2, 
logic__86: audio_gen, 
logic__400: FPGuitAr_Hero__GB0, 
reg__249: FPGuitAr_Hero__GB2, 
sine_generator__parameterized52: audio_gen, 
case__433: FPGuitAr_Hero__GB0, 
case__411: FPGuitAr_Hero__GB0, 
reg__150: FPGuitAr_Hero__GB2, 
logic__814: FPGuitAr_Hero__GB0, 
logic__391: FPGuitAr_Hero__GB0, 
case__209: FPGuitAr_Hero__GB2, 
logic__430: FPGuitAr_Hero__GB2, 
case__16: audio_gen, 
reg__142: FPGuitAr_Hero__GB2, 
muxpart__29: FPGuitAr_Hero__GB2, 
logic__682: FPGuitAr_Hero__GB2, 
reg__230: FPGuitAr_Hero__GB2, 
datapath__150: FPGuitAr_Hero__GB0, 
datapath__234: FPGuitAr_Hero__GB2, 
datapath__149: FPGuitAr_Hero__GB0, 
reg__59: audio_gen, 
datapath__14: FPGuitAr_Hero__GB0, 
reg__311: FPGuitAr_Hero__GB0, 
case__492: FPGuitAr_Hero__GB0, 
counter__56: audio_gen, 
reg__278: FPGuitAr_Hero__GB0, 
case__409: FPGuitAr_Hero__GB0, 
reg__118: FPGuitAr_Hero__GB0, 
logic__965: FPGuitAr_Hero__GB0, 
logic__1441: FPGuitAr_Hero__GB0, 
case__157: FPGuitAr_Hero__GB2, 
sine_generator__parameterized10: audio_gen, 
reg__46: audio_gen, 
case__55: audio_gen, 
datapath__98: FPGuitAr_Hero__GB0, 
case__378: FPGuitAr_Hero__GB0, 
logic__699: FPGuitAr_Hero__GB2, 
logic__438: FPGuitAr_Hero__GB2, 
logic__562: FPGuitAr_Hero__GB2, 
logic__266: FPGuitAr_Hero__GB0, 
case__8: labkit__GC0, 
case__483: FPGuitAr_Hero__GB0, 
logic__369: FPGuitAr_Hero__GB0, 
datapath__184: FPGuitAr_Hero__GB0, 
logic__437: FPGuitAr_Hero__GB2, 
case__404: FPGuitAr_Hero__GB0, 
datapath__154: FPGuitAr_Hero__GB0, 
logic__386: FPGuitAr_Hero__GB0, 
logic__254: audio_gen, 
logic__885: FPGuitAr_Hero__GB0, 
reg__263: FPGuitAr_Hero__GB0, 
case__201: FPGuitAr_Hero__GB2, 
logic__234: audio_gen, 
datapath__192: FPGuitAr_Hero__GB0, 
picture_blob_alph__xdcDup__1: FPGuitAr_Hero__GB0, 
counter__62: audio_gen, 
reg__11: audio_gen, 
dsp48e1__41: FPGuitAr_Hero__GB0, 
logic__605: FPGuitAr_Hero__GB2, 
logic__517: FPGuitAr_Hero__GB2, 
case__475: FPGuitAr_Hero__GB0, 
logic__14: audio_gen, 
reg__236: FPGuitAr_Hero__GB2, 
reg__66: audio_gen, 
counter__13: audio_gen, 
reg__254: FPGuitAr_Hero__GB2, 
datapath__68: FPGuitAr_Hero__GB0, 
case__476: FPGuitAr_Hero__GB0, 
sine_generator__parameterized15: audio_gen, 
datapath__214: FPGuitAr_Hero__GB2, 
case__136: FPGuitAr_Hero__GB2, 
case__222: FPGuitAr_Hero__GB2, 
logic__339: FPGuitAr_Hero__GB0, 
reg__39: audio_gen, 
logic__993: FPGuitAr_Hero__GB0, 
case__420: FPGuitAr_Hero__GB0, 
case__254: FPGuitAr_Hero__GB0, 
case__477: FPGuitAr_Hero__GB0, 
datapath__136: FPGuitAr_Hero__GB0, 
reg__160: FPGuitAr_Hero__GB2, 
reg__53: audio_gen, 
case__138: FPGuitAr_Hero__GB2, 
dsp48e1__46: FPGuitAr_Hero__GB0, 
datapath__8: audio_gen, 
logic__949: FPGuitAr_Hero__GB0, 
case__134: FPGuitAr_Hero__GB2, 
case__384: FPGuitAr_Hero__GB0, 
case__487: FPGuitAr_Hero__GB0, 
case__403: FPGuitAr_Hero__GB0, 
logic__414: FPGuitAr_Hero__GB0, 
logic__521: FPGuitAr_Hero__GB2, 
logic__717: FPGuitAr_Hero__GB2, 
logic: labkit__GC0, 
logic__499: FPGuitAr_Hero__GB2, 
dsp48e1__30: FPGuitAr_Hero__GB0, 
datapath__249: FPGuitAr_Hero__GB0, 
sine_generator__parameterized32: audio_gen, 
logic__701: FPGuitAr_Hero__GB2, 
case__147: FPGuitAr_Hero__GB2, 
reg__68: audio_gen, 
logic__523: FPGuitAr_Hero__GB2, 
datapath__119: FPGuitAr_Hero__GB0, 
case__60: audio_gen, 
datapath__23: FPGuitAr_Hero__GB0, 
datapath__90: FPGuitAr_Hero__GB0, 
datapath__247: FPGuitAr_Hero__GB0, 
case__232: FPGuitAr_Hero__GB2, 
reg__91: FPGuitAr_Hero__GB0, 
case__93: FPGuitAr_Hero__GB0, 
logic__909: FPGuitAr_Hero__GB0, 
logic__861: FPGuitAr_Hero__GB0, 
logic__501: FPGuitAr_Hero__GB2, 
case__445: FPGuitAr_Hero__GB0, 
logic__186: audio_gen, 
logic__1456: FPGuitAr_Hero__GB0, 
logic__619: FPGuitAr_Hero__GB2, 
case__256: FPGuitAr_Hero__GB0, 
case__240: FPGuitAr_Hero__GB2, 
logic__26: audio_gen, 
reg__154: FPGuitAr_Hero__GB2, 
logic__392: FPGuitAr_Hero__GB0, 
case__219: FPGuitAr_Hero__GB2, 
logic__635: FPGuitAr_Hero__GB2, 
case__191: FPGuitAr_Hero__GB2, 
case__272: FPGuitAr_Hero__GB0, 
case__109: FPGuitAr_Hero__GB0, 
case__239: FPGuitAr_Hero__GB2, 
counter__75: FPGuitAr_Hero__GB2, 
case__161: FPGuitAr_Hero__GB2, 
counter__9: audio_gen, 
datapath__163: FPGuitAr_Hero__GB0, 
logic__1470: labkit__GC0, 
datapath__144: FPGuitAr_Hero__GB0, 
reg__73: audio_gen, 
reg__310: FPGuitAr_Hero__GB0, 
reg__49: audio_gen, 
case__7: labkit__GC0, 
logic__675: FPGuitAr_Hero__GB2, 
alph_image_rom: FPGuitAr_Hero__GB0, 
case__237: FPGuitAr_Hero__GB2, 
reg__113: FPGuitAr_Hero__GB0, 
logic__182: audio_gen, 
reg__18: audio_gen, 
logic__445: FPGuitAr_Hero__GB2, 
reg__163: FPGuitAr_Hero__GB2, 
case__125: FPGuitAr_Hero__GB0, 
case__84: FPGuitAr_Hero__GB0, 
muxpart__11: audio_gen, 
sine_generator__parameterized17: audio_gen, 
reg: labkit__GC0, 
logic__94: audio_gen, 
logic__11: labkit__GC0, 
datapath__169: FPGuitAr_Hero__GB0, 
counter__14: audio_gen, 
logic__781: FPGuitAr_Hero__GB0, 
logic__601: FPGuitAr_Hero__GB2, 
logic__368: FPGuitAr_Hero__GB0, 
logic__725: FPGuitAr_Hero__GB2, 
datapath__63: FPGuitAr_Hero__GB0, 
logic__645: FPGuitAr_Hero__GB2, 
logic__384: FPGuitAr_Hero__GB0, 
logic__746: FPGuitAr_Hero__GB0, 
datapath__212: FPGuitAr_Hero__GB2, 
datapath__113: FPGuitAr_Hero__GB0, 
logic__331: FPGuitAr_Hero__GB0, 
dsp48e1__36: FPGuitAr_Hero__GB0, 
datapath__229: FPGuitAr_Hero__GB2, 
reg__167: FPGuitAr_Hero__GB2, 
reg__146: FPGuitAr_Hero__GB2, 
datapath__99: FPGuitAr_Hero__GB0, 
counter__42: audio_gen, 
reg__239: FPGuitAr_Hero__GB2, 
logic__652: FPGuitAr_Hero__GB2, 
logic__815: FPGuitAr_Hero__GB0, 
logic__1452: FPGuitAr_Hero__GB0, 
logic__78: audio_gen, 
logic__198: audio_gen, 
logic__355: FPGuitAr_Hero__GB0, 
datapath__173: FPGuitAr_Hero__GB0, 
datapath__50: FPGuitAr_Hero__GB0, 
logic__330: FPGuitAr_Hero__GB0, 
case__249: FPGuitAr_Hero__GB2, 
counter__20: audio_gen, 
reg__323: FPGuitAr_Hero__GB0, 
counter__99: FPGuitAr_Hero__GB2, 
datapath__64: FPGuitAr_Hero__GB0, 
reg__238: FPGuitAr_Hero__GB2, 
case__192: FPGuitAr_Hero__GB2, 
logic__533: FPGuitAr_Hero__GB2, 
reg__75: FPGuitAr_Hero__GB0, 
logic__733: FPGuitAr_Hero__GB2, 
logic__806: FPGuitAr_Hero__GB0, 
xvga: labkit__GC0, 
logic__620: FPGuitAr_Hero__GB2, 
case__508: FPGuitAr_Hero__GB0, 
logic__689: FPGuitAr_Hero__GB2, 
counter__85: FPGuitAr_Hero__GB2, 
case__87: FPGuitAr_Hero__GB0, 
logic__565: FPGuitAr_Hero__GB2, 
dsp48e1__11: FPGuitAr_Hero__GB0, 
datapath__95: FPGuitAr_Hero__GB0, 
datapath__213: FPGuitAr_Hero__GB2, 
reg__328: FPGuitAr_Hero__GB2, 
reg__270: FPGuitAr_Hero__GB0, 
sine_generator__parameterized59: audio_gen, 
reg__172: FPGuitAr_Hero__GB2, 
logic__210: audio_gen, 
datapath__171: FPGuitAr_Hero__GB0, 
sine_generator__parameterized27: audio_gen, 
logic__492: FPGuitAr_Hero__GB2, 
reg__86: FPGuitAr_Hero__GB0, 
reg__203: FPGuitAr_Hero__GB2, 
datapath__135: FPGuitAr_Hero__GB0, 
case__31: audio_gen, 
datapath__133: FPGuitAr_Hero__GB0, 
dsp48e1__9: FPGuitAr_Hero__GB0, 
reg__213: FPGuitAr_Hero__GB2, 
note_blob: FPGuitAr_Hero__GB2, 
datapath__143: FPGuitAr_Hero__GB0, 
logic__347: FPGuitAr_Hero__GB0, 
logic__658: FPGuitAr_Hero__GB2, 
logic__442: FPGuitAr_Hero__GB2, 
muxpart: labkit__GC0, 
datapath__31: FPGuitAr_Hero__GB0, 
logic__18: audio_gen, 
labkit__GC0: labkit__GC0, 
counter__10: audio_gen, 
datapath__220: FPGuitAr_Hero__GB2, 
datapath__102: FPGuitAr_Hero__GB0, 
datapath__76: FPGuitAr_Hero__GB0, 
reg__262: FPGuitAr_Hero__GB2, 
logic__753: FPGuitAr_Hero__GB0, 
case__374: FPGuitAr_Hero__GB0, 
logic__618: FPGuitAr_Hero__GB2, 
logic__833: FPGuitAr_Hero__GB0, 
logic__1074: FPGuitAr_Hero__GB0, 
logic__439: FPGuitAr_Hero__GB2, 
case__95: FPGuitAr_Hero__GB0, 
case__49: audio_gen, 
case__6: labkit__GC0, 
reg__269: FPGuitAr_Hero__GB2, 
reg__112: FPGuitAr_Hero__GB0, 
datapath__155: FPGuitAr_Hero__GB0, 
case__431: FPGuitAr_Hero__GB0, 
sine_generator__parameterized7: audio_gen, 
case__159: FPGuitAr_Hero__GB2, 
case__439: FPGuitAr_Hero__GB0, 
case__212: FPGuitAr_Hero__GB2, 
datapath__137: FPGuitAr_Hero__GB0, 
case__53: audio_gen, 
reg__4: labkit__GC0, 
reg__201: FPGuitAr_Hero__GB2, 
reg__197: FPGuitAr_Hero__GB2, 
case__413: FPGuitAr_Hero__GB0, 
reg__267: FPGuitAr_Hero__GB0, 
datapath__67: FPGuitAr_Hero__GB0, 
muxpart__27: FPGuitAr_Hero__GB2, 
reg__184: FPGuitAr_Hero__GB2, 
logic__1440: FPGuitAr_Hero__GB0, 
datapath__103: FPGuitAr_Hero__GB0, 
dsp48e1__13: FPGuitAr_Hero__GB0, 
counter__39: audio_gen, 
reg__128: FPGuitAr_Hero__GB2, 
reg__195: FPGuitAr_Hero__GB2, 
reg__316: FPGuitAr_Hero__GB0, 
case__170: FPGuitAr_Hero__GB2, 
logic__394: FPGuitAr_Hero__GB0, 
case__457: FPGuitAr_Hero__GB0, 
reg__64: audio_gen, 
datapath__52: FPGuitAr_Hero__GB0, 
case__265: FPGuitAr_Hero__GB0, 
logic__773: FPGuitAr_Hero__GB0, 
logic__102: audio_gen, 
logic__268: FPGuitAr_Hero__GB0, 
debounce: labkit__GC0, 
datapath__236: FPGuitAr_Hero__GB2, 
datapath__180: FPGuitAr_Hero__GB0, 
picture_blob_alph__xdcDup__4: FPGuitAr_Hero__GB0, 
case__139: FPGuitAr_Hero__GB2, 
logic__925: FPGuitAr_Hero__GB0, 
reg__5: labkit__GC0, 
logic__154: audio_gen, 
case__262: FPGuitAr_Hero__GB0, 
muxpart__36: FPGuitAr_Hero__GB0, 
datapath__72: FPGuitAr_Hero__GB0, 
dsp48e1__16: FPGuitAr_Hero__GB0, 
sine_generator__parameterized37: audio_gen, 
muxpart__26: FPGuitAr_Hero__GB2, 
counter__106: FPGuitAr_Hero__GB0, 
datapath__109: FPGuitAr_Hero__GB0, 
logic__1057: FPGuitAr_Hero__GB0, 
case__38: audio_gen, 
dsp48e1__29: FPGuitAr_Hero__GB0, 
logic__731: FPGuitAr_Hero__GB2, 
reg__243: FPGuitAr_Hero__GB2, 
logic__444: FPGuitAr_Hero__GB2, 
case__215: FPGuitAr_Hero__GB2, 
reg__290: FPGuitAr_Hero__GB0, 
datapath__121: FPGuitAr_Hero__GB0, 
logic__1013: FPGuitAr_Hero__GB0, 
muxpart__42: FPGuitAr_Hero__GB0, 
datapath__48: FPGuitAr_Hero__GB0, 
dsp48e1__47: FPGuitAr_Hero__GB0, 
reg__186: FPGuitAr_Hero__GB2, 
logic__530: FPGuitAr_Hero__GB2, 
logic__106: audio_gen, 
case__228: FPGuitAr_Hero__GB2, 
datapath__170: FPGuitAr_Hero__GB0, 
reg__272: FPGuitAr_Hero__GB0, 
case__263: FPGuitAr_Hero__GB0, 
case__427: FPGuitAr_Hero__GB0, 
logic__547: FPGuitAr_Hero__GB2, 
muxpart__9: labkit__GC0, 
logic__713: FPGuitAr_Hero__GB2, 
logic__593: FPGuitAr_Hero__GB2, 
dsp48e1__37: FPGuitAr_Hero__GB0, 
reg__125: FPGuitAr_Hero__GB2, 
case__43: audio_gen, 
reg__198: FPGuitAr_Hero__GB2, 
reg__81: FPGuitAr_Hero__GB0, 
counter__49: audio_gen, 
reg__98: FPGuitAr_Hero__GB0, 
datapath__77: FPGuitAr_Hero__GB0, 
reg__326: FPGuitAr_Hero__GB0, 
datapath__22: FPGuitAr_Hero__GB0, 
reg__29: audio_gen, 
datapath__201: FPGuitAr_Hero__GB2, 
reg__23: audio_gen, 
case__442: FPGuitAr_Hero__GB0, 
logic__579: FPGuitAr_Hero__GB2, 
datapath__254: FPGuitAr_Hero__GB0, 
case__377: FPGuitAr_Hero__GB0, 
sine_generator__parameterized22: audio_gen, 
case__11: audio_gen, 
counter__71: FPGuitAr_Hero__GB2, 
counter__46: audio_gen, 
logic__350: FPGuitAr_Hero__GB0, 
logic__869: FPGuitAr_Hero__GB0, 
case__257: FPGuitAr_Hero__GB0, 
case__235: FPGuitAr_Hero__GB2, 
case__229: FPGuitAr_Hero__GB2, 
datapath__29: FPGuitAr_Hero__GB0, 
logic__969: FPGuitAr_Hero__GB0, 
case__428: FPGuitAr_Hero__GB0, 
counter__105: FPGuitAr_Hero__GB2, 
picture_blob_alph__xdcDup__7: FPGuitAr_Hero__GB0, 
datapath__141: FPGuitAr_Hero__GB0, 
reg__315: FPGuitAr_Hero__GB0, 
reg__287: FPGuitAr_Hero__GB0, 
logic__571: FPGuitAr_Hero__GB2, 
datapath__152: FPGuitAr_Hero__GB0, 
counter__61: audio_gen, 
reg__78: FPGuitAr_Hero__GB0, 
logic__538: FPGuitAr_Hero__GB2, 
logic__515: FPGuitAr_Hero__GB2, 
logic__130: audio_gen, 
reg__103: FPGuitAr_Hero__GB0, 
logic__396: FPGuitAr_Hero__GB0, 
datapath__40: FPGuitAr_Hero__GB0, 
logic__573: FPGuitAr_Hero__GB2, 
dsp48e1__4: FPGuitAr_Hero__GB0, 
counter__43: audio_gen, 
reg__210: FPGuitAr_Hero__GB2, 
reg__187: FPGuitAr_Hero__GB2, 
logic__1078: FPGuitAr_Hero__GB0, 
logic__953: FPGuitAr_Hero__GB0, 
datapath__101: FPGuitAr_Hero__GB0, 
datapath__66: FPGuitAr_Hero__GB0, 
logic__609: FPGuitAr_Hero__GB2, 
logic__358: FPGuitAr_Hero__GB0, 
logic__190: audio_gen, 
counter__58: audio_gen, 
case__382: FPGuitAr_Hero__GB0, 
logic__913: FPGuitAr_Hero__GB0, 
dsp48e1__24: FPGuitAr_Hero__GB0, 
case__200: FPGuitAr_Hero__GB2, 
case__36: audio_gen, 
reg__151: FPGuitAr_Hero__GB2, 
logic__466: FPGuitAr_Hero__GB2, 
logic__889: FPGuitAr_Hero__GB0, 
case__178: FPGuitAr_Hero__GB2, 
reg__283: FPGuitAr_Hero__GB0, 
reg__248: FPGuitAr_Hero__GB2, 
datapath__123: FPGuitAr_Hero__GB0, 
logic__989: FPGuitAr_Hero__GB0, 
logic__357: FPGuitAr_Hero__GB0, 
logic__493: FPGuitAr_Hero__GB2, 
logic__693: FPGuitAr_Hero__GB2, 
counter__92: FPGuitAr_Hero__GB2, 
datapath__223: FPGuitAr_Hero__GB2, 
logic__283: FPGuitAr_Hero__GB0, 
reg__41: audio_gen, 
reg__101: FPGuitAr_Hero__GB0, 
case__389: FPGuitAr_Hero__GB0, 
case__426: FPGuitAr_Hero__GB0, 
case__141: FPGuitAr_Hero__GB2, 
case__172: FPGuitAr_Hero__GB2, 
reg__223: FPGuitAr_Hero__GB2, 
reg__295: FPGuitAr_Hero__GB0, 
reg__199: FPGuitAr_Hero__GB2, 
logic__776: FPGuitAr_Hero__GB2, 
reg__116: FPGuitAr_Hero__GB0, 
sine_generator__parameterized11: audio_gen, 
case__520: labkit__GC0, 
case__458: FPGuitAr_Hero__GB0, 
datapath__55: FPGuitAr_Hero__GB0, 
datapath__1: labkit__GC0, 
case__244: FPGuitAr_Hero__GB2, 
case__30: audio_gen, 
datapath__56: FPGuitAr_Hero__GB0, 
counter__59: audio_gen, 
logic__162: audio_gen, 
reg__268: FPGuitAr_Hero__GB2, 
reg__242: FPGuitAr_Hero__GB2, 
reg__225: FPGuitAr_Hero__GB2, 
reg__158: FPGuitAr_Hero__GB2, 
reg__157: FPGuitAr_Hero__GB2, 
datapath__130: FPGuitAr_Hero__GB0, 
logic__408: FPGuitAr_Hero__GB0, 
logic__267: FPGuitAr_Hero__GB0, 
counter__37: audio_gen, 
counter__32: audio_gen, 
logic__275: FPGuitAr_Hero__GB0, 
counter__96: FPGuitAr_Hero__GB2, 
sine_generator__parameterized14: audio_gen, 
datapath__182: FPGuitAr_Hero__GB0, 
logic__454: FPGuitAr_Hero__GB2, 
case__68: audio_gen, 
case__233: FPGuitAr_Hero__GB2, 
logic__500: FPGuitAr_Hero__GB2, 
datapath__124: FPGuitAr_Hero__GB0, 
case__412: FPGuitAr_Hero__GB0, 
logic__692: FPGuitAr_Hero__GB2, 
case__4: labkit__GC0, 
datapath__194: FPGuitAr_Hero__GB2, 
reg__208: FPGuitAr_Hero__GB2, 
logic__351: FPGuitAr_Hero__GB0, 
case__101: FPGuitAr_Hero__GB0, 
datapath__125: FPGuitAr_Hero__GB0, 
logic__829: FPGuitAr_Hero__GB0, 
case__52: audio_gen, 
case__443: FPGuitAr_Hero__GB0, 
logic__329: FPGuitAr_Hero__GB0, 
reg__7: labkit__GC0, 
case__260: FPGuitAr_Hero__GB0, 
dsp48e1__5: FPGuitAr_Hero__GB0, 
datapath__127: FPGuitAr_Hero__GB0, 
case__269: FPGuitAr_Hero__GB0, 
case__517: labkit__GC0, 
case__224: FPGuitAr_Hero__GB2, 
logic__1451: FPGuitAr_Hero__GB0, 
counter__88: FPGuitAr_Hero__GB2, 
reg__31: audio_gen, 
datapath__181: FPGuitAr_Hero__GB0, 
case__258: FPGuitAr_Hero__GB0, 
sine_generator__parameterized12: audio_gen, 
reg__52: audio_gen, 
muxpart__37: FPGuitAr_Hero__GB0, 
case__135: FPGuitAr_Hero__GB2, 
case__72: FPGuitAr_Hero__GB0, 
sine_generator__parameterized6: audio_gen, 
signinv: FPGuitAr_Hero__GB0, 
case__453: FPGuitAr_Hero__GB0, 
picture_blob_alph__xdcDup__10: FPGuitAr_Hero__GB0, 
case__247: FPGuitAr_Hero__GB2, 
logic__362: FPGuitAr_Hero__GB0, 
logic__587: FPGuitAr_Hero__GB2, 
logic__410: FPGuitAr_Hero__GB0, 
case__380: FPGuitAr_Hero__GB0, 
counter__22: audio_gen, 
logic__513: FPGuitAr_Hero__GB2, 
datapath__27: FPGuitAr_Hero__GB0, 
case__1: labkit__GC0, 
reg__301: FPGuitAr_Hero__GB0, 
logic__356: FPGuitAr_Hero__GB0, 
logic__666: FPGuitAr_Hero__GB2, 
reg__50: audio_gen, 
reg__92: FPGuitAr_Hero__GB0, 
dsp48e1__20: FPGuitAr_Hero__GB0, 
logic__626: FPGuitAr_Hero__GB2, 
case__407: FPGuitAr_Hero__GB0, 
case__510: FPGuitAr_Hero__GB0, 
reg__246: FPGuitAr_Hero__GB2, 
reg__10: labkit__GC0, 
datapath__117: FPGuitAr_Hero__GB0, 
counter__73: FPGuitAr_Hero__GB2, 
logic__486: FPGuitAr_Hero__GB2, 
reg__164: FPGuitAr_Hero__GB2, 
reg__36: audio_gen, 
counter__60: audio_gen, 
logic__596: FPGuitAr_Hero__GB2, 
reg__329: labkit__GC0, 
datapath__134: FPGuitAr_Hero__GB0, 
logic__581: FPGuitAr_Hero__GB2, 
reg__143: FPGuitAr_Hero__GB2, 
reg__222: FPGuitAr_Hero__GB2, 
reg__320: FPGuitAr_Hero__GB0, 
reg__14: audio_gen, 
case__177: FPGuitAr_Hero__GB2, 
reg__106: FPGuitAr_Hero__GB0, 
reg__282: FPGuitAr_Hero__GB0, 
logic__857: FPGuitAr_Hero__GB0, 
logic__482: FPGuitAr_Hero__GB2, 
case__183: FPGuitAr_Hero__GB2, 
datapath__126: FPGuitAr_Hero__GB0, 
datapath__232: FPGuitAr_Hero__GB2, 
picture_blob_digit: FPGuitAr_Hero__GB0, 
counter__67: FPGuitAr_Hero__GB0, 
reg__319: FPGuitAr_Hero__GB0, 
logic__684: FPGuitAr_Hero__GB2, 
reg__200: FPGuitAr_Hero__GB2, 
logic__325: FPGuitAr_Hero__GB0, 
datapath__165: FPGuitAr_Hero__GB0, 
logic__555: FPGuitAr_Hero__GB2, 
reg__304: FPGuitAr_Hero__GB0, 
counter__63: audio_gen, 
logic__361: FPGuitAr_Hero__GB0, 
logic__660: FPGuitAr_Hero__GB2, 
datapath__250: FPGuitAr_Hero__GB0, 
datapath__159: FPGuitAr_Hero__GB0, 
sine_generator__parameterized42: audio_gen, 
muxpart__7: labkit__GC0, 
sine_generator__parameterized21: audio_gen, 
dsp48e1__19: FPGuitAr_Hero__GB0, 
datapath__37: FPGuitAr_Hero__GB0, 
case__9: audio_gen, 
dsp48e1__25: FPGuitAr_Hero__GB0, 
logic__637: FPGuitAr_Hero__GB2, 
logic__644: FPGuitAr_Hero__GB2, 
logic__810: FPGuitAr_Hero__GB0, 
counter__38: audio_gen, 
muxpart__33: FPGuitAr_Hero__GB0, 
logic__548: FPGuitAr_Hero__GB2, 
reg__257: FPGuitAr_Hero__GB2, 
logic__929: FPGuitAr_Hero__GB0, 
datapath__53: FPGuitAr_Hero__GB0, 
case__408: FPGuitAr_Hero__GB0, 
case__173: FPGuitAr_Hero__GB2, 
logic__1079: FPGuitAr_Hero__GB0, 
muxpart__2: labkit__GC0, 
logic__841: FPGuitAr_Hero__GB0, 
logic__443: FPGuitAr_Hero__GB2, 
reg__102: FPGuitAr_Hero__GB0, 
logic__389: FPGuitAr_Hero__GB0, 
logic__463: FPGuitAr_Hero__GB2, 
logic__462: FPGuitAr_Hero__GB2, 
logic__401: FPGuitAr_Hero__GB0, 
case__406: FPGuitAr_Hero__GB0, 
dsp48e1__32: FPGuitAr_Hero__GB0, 
datapath__21: FPGuitAr_Hero__GB0, 
sine_generator__parameterized53: audio_gen, 
datapath__240: FPGuitAr_Hero__GB2, 
logic__595: FPGuitAr_Hero__GB2, 
datapath__187: FPGuitAr_Hero__GB0, 
datapath__38: FPGuitAr_Hero__GB0, 
reg__276: FPGuitAr_Hero__GB0, 
logic__446: FPGuitAr_Hero__GB2, 
datapath__244: FPGuitAr_Hero__GB2, 
reg__79: FPGuitAr_Hero__GB0, 
case__386: FPGuitAr_Hero__GB0, 
logic__429: FPGuitAr_Hero__GB2, 
reg__115: FPGuitAr_Hero__GB0, 
counter__93: FPGuitAr_Hero__GB2, 
case__469: FPGuitAr_Hero__GB0, 
logic__62: audio_gen, 
case__3: labkit__GC0, 
logic__1443: FPGuitAr_Hero__GB0, 
logic__564: FPGuitAr_Hero__GB2, 
case__123: FPGuitAr_Hero__GB0, 
logic__749: FPGuitAr_Hero__GB0, 
logic__425: FPGuitAr_Hero__GB2, 
logic__506: FPGuitAr_Hero__GB2, 
logic__1075: FPGuitAr_Hero__GB0, 
logic__1: labkit__GC0, 
logic__823: FPGuitAr_Hero__GB0, 
sine_lut: audio_gen, 
logic__1065: FPGuitAr_Hero__GB0, 
picture_blob_alph__xdcDup__12: FPGuitAr_Hero__GB0, 
reg__189: FPGuitAr_Hero__GB2, 
case__151: FPGuitAr_Hero__GB2, 
datapath__158: FPGuitAr_Hero__GB0, 
case__236: FPGuitAr_Hero__GB2, 
logic__110: audio_gen, 
datapath__78: FPGuitAr_Hero__GB0, 
case__184: FPGuitAr_Hero__GB2, 
reg__220: FPGuitAr_Hero__GB2, 
case__497: FPGuitAr_Hero__GB0, 
sine_generator__parameterized40: audio_gen, 
logic__6: labkit__GC0, 
datapath__185: FPGuitAr_Hero__GB0, 
case__504: FPGuitAr_Hero__GB0, 
FPGuitAr_Hero__GB0: FPGuitAr_Hero__GB0, 
reg__212: FPGuitAr_Hero__GB2, 
logic__409: FPGuitAr_Hero__GB0, 
case__115: FPGuitAr_Hero__GB0, 
note_positions: FPGuitAr_Hero__GB2, 
logic__1460: FPGuitAr_Hero__GB0, 
reg__284: FPGuitAr_Hero__GB0, 
logic__561: FPGuitAr_Hero__GB2, 
dsp48e1__43: FPGuitAr_Hero__GB0, 
sine_generator__parameterized30: audio_gen, 
case__174: FPGuitAr_Hero__GB2, 
logic__265: audio_gen, 
sine_generator__parameterized2: audio_gen, 
reg__71: audio_gen, 
reg__321: FPGuitAr_Hero__GB0, 
case__195: FPGuitAr_Hero__GB2, 
reg__38: audio_gen, 
logic__977: FPGuitAr_Hero__GB0, 
reg__120: FPGuitAr_Hero__GB2, 
logic__893: FPGuitAr_Hero__GB0, 
counter__80: FPGuitAr_Hero__GB2, 
case__166: FPGuitAr_Hero__GB2, 
counter__18: audio_gen, 
reg__183: FPGuitAr_Hero__GB2, 
case__186: FPGuitAr_Hero__GB2, 
logic__531: FPGuitAr_Hero__GB2, 
datapath__243: FPGuitAr_Hero__GB2, 
datapath__179: FPGuitAr_Hero__GB0, 
case__405: FPGuitAr_Hero__GB0, 
case__454: FPGuitAr_Hero__GB0, 
case__515: FPGuitAr_Hero__GB0, 
reg__255: FPGuitAr_Hero__GB2, 
case__498: FPGuitAr_Hero__GB0, 
case__41: audio_gen, 
reg__67: audio_gen, 
logic__385: FPGuitAr_Hero__GB0, 
logic__497: FPGuitAr_Hero__GB2, 
picture_blob_alph__xdcDup__11: FPGuitAr_Hero__GB0, 
logic__779: FPGuitAr_Hero__GB0, 
logic__342: FPGuitAr_Hero__GB0, 
logic__397: FPGuitAr_Hero__GB0, 
case__421: FPGuitAr_Hero__GB0, 
sine_generator__parameterized57: audio_gen, 
dsp48e1__28: FPGuitAr_Hero__GB0, 
case__496: FPGuitAr_Hero__GB0, 
case__88: FPGuitAr_Hero__GB0, 
reg__314: FPGuitAr_Hero__GB0, 
case__117: FPGuitAr_Hero__GB0, 
reg__218: FPGuitAr_Hero__GB2, 
case__21: audio_gen, 
logic__642: FPGuitAr_Hero__GB2, 
case__47: audio_gen, 
case__121: FPGuitAr_Hero__GB0, 
logic__412: FPGuitAr_Hero__GB0, 
reg__171: FPGuitAr_Hero__GB2, 
logic__653: FPGuitAr_Hero__GB2, 
datapath__82: FPGuitAr_Hero__GB0, 
case__99: FPGuitAr_Hero__GB0, 
counter__65: audio_gen, 
reg__72: audio_gen, 
case__274: FPGuitAr_Hero__GB0, 
logic__359: FPGuitAr_Hero__GB0, 
datapath__176: FPGuitAr_Hero__GB0, 
datapath__230: FPGuitAr_Hero__GB2, 
case__85: FPGuitAr_Hero__GB0, 
case__271: FPGuitAr_Hero__GB0, 
datapath__166: FPGuitAr_Hero__GB0, 
reg__302: FPGuitAr_Hero__GB0, 
case__480: FPGuitAr_Hero__GB0, 
sine_generator__parameterized58: audio_gen, 
logic__464: FPGuitAr_Hero__GB2, 
logic__334: FPGuitAr_Hero__GB0, 
sine_generator__parameterized51: audio_gen, 
picture_blob_alph: FPGuitAr_Hero__GB0, 
case__211: FPGuitAr_Hero__GB2, 
reg__260: FPGuitAr_Hero__GB2, 
logic__824: FPGuitAr_Hero__GB0, 
case__509: FPGuitAr_Hero__GB0, 
logic__387: FPGuitAr_Hero__GB0, 
datapath__204: FPGuitAr_Hero__GB2, 
datapath__25: FPGuitAr_Hero__GB0, 
logic__610: FPGuitAr_Hero__GB2, 
case__424: FPGuitAr_Hero__GB0, 
reg__332: labkit__GC0, 
logic__628: FPGuitAr_Hero__GB2, 
datapath__224: FPGuitAr_Hero__GB2, 
case__434: FPGuitAr_Hero__GB0, 
datapath__174: FPGuitAr_Hero__GB0, 
datapath__116: FPGuitAr_Hero__GB0, 
picture_blob_alph__xdcDup__9: FPGuitAr_Hero__GB0, 
logic__378: FPGuitAr_Hero__GB0, 
reg__107: FPGuitAr_Hero__GB0, 
datapath__195: FPGuitAr_Hero__GB2, 
reg__80: FPGuitAr_Hero__GB0, 
logic__403: FPGuitAr_Hero__GB0, 
reg__193: FPGuitAr_Hero__GB2, 
reg__58: audio_gen, 
case__392: FPGuitAr_Hero__GB0, 
datapath__42: FPGuitAr_Hero__GB0, 
logic__797: FPGuitAr_Hero__GB0, 
picture_blob_alph__xdcDup__2: FPGuitAr_Hero__GB0, 
logic__388: FPGuitAr_Hero__GB0, 
image_rom: FPGuitAr_Hero__GB0, 
logic__399: FPGuitAr_Hero__GB0, 
logic__800: FPGuitAr_Hero__GB0, 
case__210: FPGuitAr_Hero__GB2, 
logic__563: FPGuitAr_Hero__GB2, 
beat_generator: FPGuitAr_Hero__GB2, 
logic__524: FPGuitAr_Hero__GB2, 
case__50: audio_gen, 
logic__941: FPGuitAr_Hero__GB0, 
logic__46: audio_gen, 
logic__340: FPGuitAr_Hero__GB0, 
logic__22: audio_gen, 
case__449: FPGuitAr_Hero__GB0, 
logic__708: FPGuitAr_Hero__GB2, 
logic__673: FPGuitAr_Hero__GB2, 
datapath__172: FPGuitAr_Hero__GB0, 
logic__273: FPGuitAr_Hero__GB0, 
reg__94: FPGuitAr_Hero__GB0, 
reg__192: FPGuitAr_Hero__GB2, 
counter__15: audio_gen, 
reg__127: FPGuitAr_Hero__GB2, 
dsp48e1__44: FPGuitAr_Hero__GB0, 
reg__85: FPGuitAr_Hero__GB0, 
reg__245: FPGuitAr_Hero__GB2, 
reg__240: FPGuitAr_Hero__GB2, 
case__163: FPGuitAr_Hero__GB2, 
note_generator: FPGuitAr_Hero__GB2, 
case__456: FPGuitAr_Hero__GB0, 
logic__374: FPGuitAr_Hero__GB0, 
datapath__225: FPGuitAr_Hero__GB2, 
reg__97: FPGuitAr_Hero__GB0, 
case__511: FPGuitAr_Hero__GB0, 
datapath__86: FPGuitAr_Hero__GB0, 
logic__413: FPGuitAr_Hero__GB0, 
logic__752: FPGuitAr_Hero__GB0, 
case__275: FPGuitAr_Hero__GB0, 
datapath__142: FPGuitAr_Hero__GB0, 
muxpart__38: FPGuitAr_Hero__GB0, 
sine_generator: audio_gen, 
counter__35: audio_gen, 
logic__364: FPGuitAr_Hero__GB0, 
logic__739: FPGuitAr_Hero__GB2, 
datapath__205: FPGuitAr_Hero__GB2, 
counter__27: audio_gen, 
reg__331: labkit__GC0, 
case__83: FPGuitAr_Hero__GB0, 
reg__168: FPGuitAr_Hero__GB2, 
reg__54: audio_gen, 
logic__751: FPGuitAr_Hero__GB0, 
logic__572: FPGuitAr_Hero__GB2, 
counter__91: FPGuitAr_Hero__GB2, 
reg__22: audio_gen, 
reg__256: FPGuitAr_Hero__GB2, 
dsp48e1__3: FPGuitAr_Hero__GB0, 
reg__228: FPGuitAr_Hero__GB2, 
reg__63: audio_gen, 
case__448: FPGuitAr_Hero__GB0, 
datapath__3: audio_gen, 
reg__148: FPGuitAr_Hero__GB2, 
case__491: FPGuitAr_Hero__GB0, 
case__225: FPGuitAr_Hero__GB2, 
logic__604: FPGuitAr_Hero__GB2, 
reg__293: FPGuitAr_Hero__GB0, 
logic__404: FPGuitAr_Hero__GB0, 
counter__95: FPGuitAr_Hero__GB2, 
case__164: FPGuitAr_Hero__GB2, 
datapath__118: FPGuitAr_Hero__GB0, 
picture_blob_digit__xdcDup__3: FPGuitAr_Hero__GB0, 
logic__407: FPGuitAr_Hero__GB0, 
logic__1450: FPGuitAr_Hero__GB0, 
reg__206: FPGuitAr_Hero__GB2, 
datapath__167: FPGuitAr_Hero__GB0, 
datapath__138: FPGuitAr_Hero__GB0, 
case__390: FPGuitAr_Hero__GB0, 
reg__175: FPGuitAr_Hero__GB2, 
case__169: FPGuitAr_Hero__GB2, 
case__514: FPGuitAr_Hero__GB0, 
case__45: audio_gen, 
reg__133: FPGuitAr_Hero__GB2, 
case__489: FPGuitAr_Hero__GB0, 
datapath__156: FPGuitAr_Hero__GB0, 
logic__371: FPGuitAr_Hero__GB0, 
reg__274: FPGuitAr_Hero__GB0, 
case__259: FPGuitAr_Hero__GB0, 
counter__90: FPGuitAr_Hero__GB2, 
logic__837: FPGuitAr_Hero__GB0, 
logic__242: audio_gen, 
case__471: FPGuitAr_Hero__GB2, 
case__468: FPGuitAr_Hero__GB0, 
reg__3: labkit__GC0, 
datapath__248: FPGuitAr_Hero__GB0, 
logic__669: FPGuitAr_Hero__GB2, 
reg__307: FPGuitAr_Hero__GB0, 
logic__641: FPGuitAr_Hero__GB2, 
case__162: FPGuitAr_Hero__GB2, 
reg__61: audio_gen, 
counter__97: FPGuitAr_Hero__GB2, 
logic__380: FPGuitAr_Hero__GB0, 
logic__683: FPGuitAr_Hero__GB2, 
logic__877: FPGuitAr_Hero__GB0, 
datapath__188: FPGuitAr_Hero__GB0, 
logic__724: FPGuitAr_Hero__GB2, 
case__67: audio_gen, 
case__501: FPGuitAr_Hero__GB0, 
datapath__57: FPGuitAr_Hero__GB0, 
logic__118: audio_gen, 
counter__57: audio_gen, 
sine_generator__parameterized36: audio_gen, 
case__416: FPGuitAr_Hero__GB0, 
datapath__88: FPGuitAr_Hero__GB0, 
counter__103: FPGuitAr_Hero__GB2, 
reg__219: FPGuitAr_Hero__GB2, 
datapath__97: FPGuitAr_Hero__GB0, 
reg__149: FPGuitAr_Hero__GB2, 
reg__140: FPGuitAr_Hero__GB2, 
logic__881: FPGuitAr_Hero__GB0, 
datapath__140: FPGuitAr_Hero__GB0, 
case__221: FPGuitAr_Hero__GB2, 
datapath__59: FPGuitAr_Hero__GB0, 
muxpart__32: FPGuitAr_Hero__GB2, 
logic__1045: FPGuitAr_Hero__GB0, 
counter: labkit__GC0, 
reg__280: FPGuitAr_Hero__GB0, 
counter__78: FPGuitAr_Hero__GB2, 
reg__32: audio_gen, 
logic__352: FPGuitAr_Hero__GB0, 
case__42: audio_gen, 
reg__117: FPGuitAr_Hero__GB0, 
logic__985: FPGuitAr_Hero__GB0, 
datapath__93: FPGuitAr_Hero__GB0, 
case__91: FPGuitAr_Hero__GB0, 
case__273: FPGuitAr_Hero__GB0, 
counter__41: audio_gen, 
case__417: FPGuitAr_Hero__GB0, 
datapath__148: FPGuitAr_Hero__GB0, 
counter__94: FPGuitAr_Hero__GB2, 
dsp48e1__39: FPGuitAr_Hero__GB0, 
reg__291: FPGuitAr_Hero__GB0, 
case__488: FPGuitAr_Hero__GB0, 
muxpart__44: FPGuitAr_Hero__GB0, 
muxpart__41: FPGuitAr_Hero__GB2, 
counter__6: audio_gen, 
case__252: FPGuitAr_Hero__GB0, 
logic__238: audio_gen, 
reg__121: FPGuitAr_Hero__GB2, 
reg__37: audio_gen, 
case__62: audio_gen, 
case__241: FPGuitAr_Hero__GB2, 
logic__570: FPGuitAr_Hero__GB2, 
dsp48e1__49: FPGuitAr_Hero__GB0, 
logic__741: FPGuitAr_Hero__GB2, 
logic__613: FPGuitAr_Hero__GB2, 
datapath__146: FPGuitAr_Hero__GB0, 
extrom: audio_gen, 
logic__750: FPGuitAr_Hero__GB0, 
case__394: FPGuitAr_Hero__GB0, 
counter__104: FPGuitAr_Hero__GB2, 
logic__440: FPGuitAr_Hero__GB2, 
case__165: FPGuitAr_Hero__GB2, 
datapath__186: FPGuitAr_Hero__GB0, 
reg__217: FPGuitAr_Hero__GB2, 
case__516: labkit__GC0, 
muxpart__4: labkit__GC0, 
reg__20: audio_gen, 
counter__69: FPGuitAr_Hero__GB0, 
case__519: labkit__GC0, 
datapath__110: FPGuitAr_Hero__GB0, 
reg__96: FPGuitAr_Hero__GB0, 
datapath__10: FPGuitAr_Hero__GB0, 
case__145: FPGuitAr_Hero__GB2, 
muxpart__35: FPGuitAr_Hero__GB0, 
counter__5: audio_gen, 
reg__202: FPGuitAr_Hero__GB2, 
reg__281: FPGuitAr_Hero__GB0, 
logic__345: FPGuitAr_Hero__GB0, 
logic__343: FPGuitAr_Hero__GB0, 
case__518: labkit__GC0, 
case__220: FPGuitAr_Hero__GB2, 
logic__766: FPGuitAr_Hero__GB0, 
picture_blob_alph__xdcDup__3: FPGuitAr_Hero__GB0, 
logic__271: FPGuitAr_Hero__GB0, 
logic__1021: FPGuitAr_Hero__GB0, 
logic__434: FPGuitAr_Hero__GB2, 
logic__336: FPGuitAr_Hero__GB0, 
datapath__231: FPGuitAr_Hero__GB2, 
case__25: audio_gen, 
pwm: audio_gen, 
logic__491: FPGuitAr_Hero__GB2, 
datapath__69: FPGuitAr_Hero__GB0, 
sine_generator__parameterized46: audio_gen, 
logic__150: audio_gen, 
case__103: FPGuitAr_Hero__GB0, 
case__24: audio_gen, 
case__132: FPGuitAr_Hero__GB2, 
case__150: FPGuitAr_Hero__GB2, 
case__444: FPGuitAr_Hero__GB0, 
logic__549: FPGuitAr_Hero__GB2, 
datapath__87: FPGuitAr_Hero__GB0, 
reg__147: FPGuitAr_Hero__GB2, 
logic__509: FPGuitAr_Hero__GB2, 
logic__338: FPGuitAr_Hero__GB0, 
reg__131: FPGuitAr_Hero__GB2, 
reg__227: FPGuitAr_Hero__GB2, 
datapath__49: FPGuitAr_Hero__GB0, 
datapath__219: FPGuitAr_Hero__GB2, 
case__451: FPGuitAr_Hero__GB0, 
case__402: FPGuitAr_Hero__GB0, 
dsp48e1__31: FPGuitAr_Hero__GB0, 
reg__62: audio_gen, 
reg__234: FPGuitAr_Hero__GB2, 
case__175: FPGuitAr_Hero__GB2, 
datapath__71: FPGuitAr_Hero__GB0, 
datapath__252: FPGuitAr_Hero__GB0, 
sine_generator__parameterized44: audio_gen, 
logic__222: audio_gen, 
logic__732: FPGuitAr_Hero__GB2, 
sine_generator__parameterized29: audio_gen, 
counter__44: audio_gen, 
case__71: FPGuitAr_Hero__GB0, 
datapath__131: FPGuitAr_Hero__GB0, 
logic__276: FPGuitAr_Hero__GB0, 
datapath__74: FPGuitAr_Hero__GB0, 
case__128: FPGuitAr_Hero__GB2, 
datapath__238: FPGuitAr_Hero__GB2, 
case__214: FPGuitAr_Hero__GB2, 
case__226: FPGuitAr_Hero__GB2, 
reg__173: FPGuitAr_Hero__GB2, 
dsp48e1__12: FPGuitAr_Hero__GB0, 
datapath__241: FPGuitAr_Hero__GB2, 
logic__377: FPGuitAr_Hero__GB0, 
case__158: FPGuitAr_Hero__GB2, 
case__156: FPGuitAr_Hero__GB2, 
logic__816: FPGuitAr_Hero__GB0, 
case__51: audio_gen, 
case__485: FPGuitAr_Hero__GB0, 
datapath__7: audio_gen, 
reg__44: audio_gen, 
reg__312: FPGuitAr_Hero__GB0, 
logic__82: audio_gen, 
logic__1444: FPGuitAr_Hero__GB0, 
case__267: FPGuitAr_Hero__GB0, 
case__513: FPGuitAr_Hero__GB0, 
logic__557: FPGuitAr_Hero__GB2, 
logic__537: FPGuitAr_Hero__GB2, 
case__248: FPGuitAr_Hero__GB2, 
datapath__9: FPGuitAr_Hero__GB0, 
case__266: FPGuitAr_Hero__GB0, 
logic__353: FPGuitAr_Hero__GB0, 
logic__373: FPGuitAr_Hero__GB0, 
logic__379: FPGuitAr_Hero__GB0, 
logic__516: FPGuitAr_Hero__GB2, 
logic__498: FPGuitAr_Hero__GB2, 
datapath__237: FPGuitAr_Hero__GB2, 
sine_generator__parameterized49: audio_gen, 
logic__54: audio_gen, 
counter__31: audio_gen, 
case__238: FPGuitAr_Hero__GB2, 
case__18: audio_gen, 
case__208: FPGuitAr_Hero__GB2, 
logic__738: FPGuitAr_Hero__GB2, 
logic__650: FPGuitAr_Hero__GB2, 
logic__633: FPGuitAr_Hero__GB2, 
reg__264: FPGuitAr_Hero__GB0, 
logic__525: FPGuitAr_Hero__GB2, 
reg__47: audio_gen, 
datapath__112: FPGuitAr_Hero__GB0, 
reg__303: FPGuitAr_Hero__GB0, 
reg__17: audio_gen, 
counter__40: audio_gen, 
case__385: FPGuitAr_Hero__GB0, 
counter__3: labkit__GC0, 
logic__416: FPGuitAr_Hero__GB2, 
logic__685: FPGuitAr_Hero__GB2, 
reg__177: FPGuitAr_Hero__GB2, 
reg__55: audio_gen, 
datapath__203: FPGuitAr_Hero__GB2, 
reg__258: FPGuitAr_Hero__GB2, 
counter__16: audio_gen, 
case__494: FPGuitAr_Hero__GB0, 
sine_generator__parameterized56: audio_gen, 
case__522: labkit__GC0, 
datapath__256: FPGuitAr_Hero__GB0, 
datapath__177: FPGuitAr_Hero__GB0, 
reg__250: FPGuitAr_Hero__GB2, 
counter__74: FPGuitAr_Hero__GB2, 
logic__166: audio_gen, 
logic__603: FPGuitAr_Hero__GB2, 
counter__23: audio_gen, 
case__230: FPGuitAr_Hero__GB2, 
datapath__198: FPGuitAr_Hero__GB2, 
reg__211: FPGuitAr_Hero__GB2, 
case__155: FPGuitAr_Hero__GB2, 
logic__1009: FPGuitAr_Hero__GB0, 
case__270: FPGuitAr_Hero__GB0, 
case__44: audio_gen, 
logic__745: FPGuitAr_Hero__GB2, 
case__430: FPGuitAr_Hero__GB0, 
logic__158: audio_gen, 
counter__86: FPGuitAr_Hero__GB2, 
logic__897: FPGuitAr_Hero__GB0, 
datapath__106: FPGuitAr_Hero__GB0, 
counter__81: FPGuitAr_Hero__GB2, 
case__429: FPGuitAr_Hero__GB0, 
logic__126: audio_gen, 
case__113: FPGuitAr_Hero__GB0, 
datapath__189: FPGuitAr_Hero__GB0, 
dsp48e1__18: FPGuitAr_Hero__GB0, 
logic__578: FPGuitAr_Hero__GB2, 
reg__162: FPGuitAr_Hero__GB2, 
counter__8: audio_gen, 
logic__796: FPGuitAr_Hero__GB0, 
case__502: FPGuitAr_Hero__GB0, 
sine_generator__parameterized38: audio_gen, 
case__401: FPGuitAr_Hero__GB0, 
logic__597: FPGuitAr_Hero__GB2, 
logic__774: FPGuitAr_Hero__GB0, 
reg__221: FPGuitAr_Hero__GB2, 
counter__84: FPGuitAr_Hero__GB2, 
case__234: FPGuitAr_Hero__GB2, 
logic__218: audio_gen, 
datapath__120: FPGuitAr_Hero__GB0, 
logic__405: FPGuitAr_Hero__GB0, 
logic__286: FPGuitAr_Hero__GB0, 
sine_generator__parameterized39: audio_gen, 
reg__299: FPGuitAr_Hero__GB0, 
reg__57: audio_gen, 
reg__130: FPGuitAr_Hero__GB2, 
sine_generator__parameterized33: audio_gen, 
dsp48e1__42: FPGuitAr_Hero__GB0, 
reg__229: FPGuitAr_Hero__GB2, 
logic__901: FPGuitAr_Hero__GB0, 
case__185: FPGuitAr_Hero__GB2, 
counter__77: FPGuitAr_Hero__GB2, 
reg__114: FPGuitAr_Hero__GB0, 
case__418: FPGuitAr_Hero__GB0, 
case__499: FPGuitAr_Hero__GB0, 
reg__82: FPGuitAr_Hero__GB0, 
logic__715: FPGuitAr_Hero__GB2, 
case__176: FPGuitAr_Hero__GB2, 
counter__70: FPGuitAr_Hero__GB2, 
datapath__228: FPGuitAr_Hero__GB2, 
logic__2: labkit__GC0, 
reg__155: FPGuitAr_Hero__GB2, 
case__481: FPGuitAr_Hero__GB0, 
reg__271: FPGuitAr_Hero__GB0, 
datapath__168: FPGuitAr_Hero__GB0, 
case__199: FPGuitAr_Hero__GB2, 
case__478: FPGuitAr_Hero__GB0, 
case__446: FPGuitAr_Hero__GB0, 
datapath__139: FPGuitAr_Hero__GB0, 
case__264: FPGuitAr_Hero__GB0, 
logic__540: FPGuitAr_Hero__GB2, 
case__10: audio_gen, 
case__438: FPGuitAr_Hero__GB0, 
logic__905: FPGuitAr_Hero__GB0, 
datapath__199: FPGuitAr_Hero__GB2, 
logic__360: FPGuitAr_Hero__GB0, 
logic__522: FPGuitAr_Hero__GB2, 
datapath__39: FPGuitAr_Hero__GB0, 
reg__105: FPGuitAr_Hero__GB0, 
case__105: FPGuitAr_Hero__GB0, 
sine_generator__parameterized23: audio_gen, 
sine_generator__parameterized13: audio_gen, 
logic__945: FPGuitAr_Hero__GB0, 
datapath__209: FPGuitAr_Hero__GB2, 
datapath__105: FPGuitAr_Hero__GB0, 
reg__6: labkit__GC0, 
logic__335: FPGuitAr_Hero__GB0, 
case__243: FPGuitAr_Hero__GB2, 
datapath__217: FPGuitAr_Hero__GB2, 
logic__611: FPGuitAr_Hero__GB2, 
reg__181: FPGuitAr_Hero__GB2, 
reg__88: FPGuitAr_Hero__GB0, 
counter__50: audio_gen, 
logic__98: audio_gen, 
case__17: audio_gen, 
case__503: FPGuitAr_Hero__GB0, 
reg__24: audio_gen, 
datapath__70: FPGuitAr_Hero__GB0, 
reg__190: FPGuitAr_Hero__GB2, 
case__70: FPGuitAr_Hero__GB0, 
logic__3: labkit__GC0, 
logic__577: FPGuitAr_Hero__GB2, 
counter__36: audio_gen, 
reg__34: audio_gen, 
reg__144: FPGuitAr_Hero__GB2, 
logic__250: audio_gen, 
reg__129: FPGuitAr_Hero__GB2, 
reg__241: FPGuitAr_Hero__GB2, 
case__500: FPGuitAr_Hero__GB0, 
reg__277: FPGuitAr_Hero__GB0, 
reg__266: FPGuitAr_Hero__GB0, 
logic__469: FPGuitAr_Hero__GB2, 
case__455: FPGuitAr_Hero__GB0, 
reg__26: audio_gen, 
audio_gen: audio_gen, 
logic__258: audio_gen, 
dsp48e1: FPGuitAr_Hero__GB0, 
datapath__161: FPGuitAr_Hero__GB0, 
dsp48e1__33: FPGuitAr_Hero__GB0, 
reg__169: FPGuitAr_Hero__GB2, 
datapath__80: FPGuitAr_Hero__GB0, 
case__242: FPGuitAr_Hero__GB2, 
datapath__197: FPGuitAr_Hero__GB2, 
logic__406: FPGuitAr_Hero__GB0, 
logic__461: FPGuitAr_Hero__GB2, 
reg__132: FPGuitAr_Hero__GB2, 
case__193: FPGuitAr_Hero__GB2, 
logic__569: FPGuitAr_Hero__GB2, 
case__410: FPGuitAr_Hero__GB0, 
reg__174: FPGuitAr_Hero__GB2, 
case__28: audio_gen, 
case__46: audio_gen, 
datapath__145: FPGuitAr_Hero__GB0, 
logic__529: FPGuitAr_Hero__GB2, 
counter__12: audio_gen, 
reg__13: audio_gen, 
case__493: FPGuitAr_Hero__GB0, 
reg__99: FPGuitAr_Hero__GB0, 
logic__813: FPGuitAr_Hero__GB0, 
datapath__157: FPGuitAr_Hero__GB0, 
reg__1: labkit__GC0, 
case__180: FPGuitAr_Hero__GB2, 
reg__56: audio_gen, 
reg__233: FPGuitAr_Hero__GB2, 
logic__370: FPGuitAr_Hero__GB0, 
reg__273: FPGuitAr_Hero__GB0, 
logic__729: FPGuitAr_Hero__GB2, 
logic__661: FPGuitAr_Hero__GB2, 
reg__170: FPGuitAr_Hero__GB2, 
logic__194: audio_gen, 
counter__2: labkit__GC0, 
logic__58: audio_gen, 
logic__457: FPGuitAr_Hero__GB2, 
dsp48e1__17: FPGuitAr_Hero__GB0, 
logic__677: FPGuitAr_Hero__GB2, 
case__22: audio_gen, 
logic__1077: FPGuitAr_Hero__GB0, 
logic__716: FPGuitAr_Hero__GB2, 
logic__585: FPGuitAr_Hero__GB2, 
logic__602: FPGuitAr_Hero__GB2, 
muxpart__34: FPGuitAr_Hero__GB0, 
reg__306: FPGuitAr_Hero__GB0, 
case__35: audio_gen, 
logic__259: audio_gen, 
logic__363: FPGuitAr_Hero__GB0, 
case__64: audio_gen, 
logic__1466: labkit__GC0, 
logic__70: audio_gen, 
datapath: labkit__GC0, 
logic__700: FPGuitAr_Hero__GB2, 
reg__141: FPGuitAr_Hero__GB2, 
case__48: audio_gen, 
case__66: audio_gen, 
sine_generator__parameterized0: audio_gen, 
reg__296: FPGuitAr_Hero__GB0, 
case__111: FPGuitAr_Hero__GB0, 
case__32: audio_gen, 
reg__70: audio_gen, 
logic__376: FPGuitAr_Hero__GB0, 
datapath__132: FPGuitAr_Hero__GB0, 
case__181: FPGuitAr_Hero__GB2, 
logic__1029: FPGuitAr_Hero__GB0, 
datapath__73: FPGuitAr_Hero__GB0, 
datapath__44: FPGuitAr_Hero__GB0, 
case__255: FPGuitAr_Hero__GB0, 
case__202: FPGuitAr_Hero__GB2, 
datapath__162: FPGuitAr_Hero__GB0, 
picture_blob_digit__xdcDup__1: FPGuitAr_Hero__GB0, 
counter__101: FPGuitAr_Hero__GB2, 
reg__122: FPGuitAr_Hero__GB2, 
datapath__83: FPGuitAr_Hero__GB0, 
datapath__175: FPGuitAr_Hero__GB0, 
case__253: FPGuitAr_Hero__GB0, 
datapath__45: FPGuitAr_Hero__GB0, 
reg__19: audio_gen, 
logic__214: audio_gen, 
logic__375: FPGuitAr_Hero__GB0, 
logic__586: FPGuitAr_Hero__GB2, 
reg__137: FPGuitAr_Hero__GB2, 
datapath__164: FPGuitAr_Hero__GB0, 
logic__367: FPGuitAr_Hero__GB0, 
logic__625: FPGuitAr_Hero__GB2, 
logic__594: FPGuitAr_Hero__GB2, 
logic__546: FPGuitAr_Hero__GB2, 
reg__288: FPGuitAr_Hero__GB2, 
datapath__33: FPGuitAr_Hero__GB0, 
logic__643: FPGuitAr_Hero__GB2, 
logic__383: FPGuitAr_Hero__GB0, 
logic__1463: FPGuitAr_Hero__GB0, 
datapath__26: FPGuitAr_Hero__GB0, 
case__479: FPGuitAr_Hero__GB0, 
reg__322: FPGuitAr_Hero__GB0, 
case__450: FPGuitAr_Hero__GB0, 
logic__997: FPGuitAr_Hero__GB0, 
logic__42: audio_gen, 
reg__180: FPGuitAr_Hero__GB2, 
case__154: FPGuitAr_Hero__GB2, 
datapath__36: FPGuitAr_Hero__GB0, 
datapath__211: FPGuitAr_Hero__GB2, 
case__250: FPGuitAr_Hero__GB0, 
case__376: FPGuitAr_Hero__GB0, 
FPGuitAr_Hero__GB2: FPGuitAr_Hero__GB2, 
logic__441: FPGuitAr_Hero__GB2, 
datapath__114: FPGuitAr_Hero__GB0, 
datapath__104: FPGuitAr_Hero__GB0, 
reg__207: FPGuitAr_Hero__GB2, 
logic__791: FPGuitAr_Hero__GB0, 
logic__957: FPGuitAr_Hero__GB0, 
dsp48e1__1: FPGuitAr_Hero__GB0, 
counter__24: audio_gen, 
datapath__85: FPGuitAr_Hero__GB0, 
picture_blob_alph__xdcDup__8: FPGuitAr_Hero__GB0, 
dsp48e1__27: FPGuitAr_Hero__GB0, 
logic__1076: FPGuitAr_Hero__GB0, 
logic__873: FPGuitAr_Hero__GB0, 
datapath__41: FPGuitAr_Hero__GB0, 
logic__1037: FPGuitAr_Hero__GB0, 
reg__214: FPGuitAr_Hero__GB2, 
datapath__11: FPGuitAr_Hero__GB0, 
counter__51: audio_gen, 
reg__111: FPGuitAr_Hero__GB0, 
logic__937: FPGuitAr_Hero__GB0, 
case__13: audio_gen, 
logic__709: FPGuitAr_Hero__GB2, 
logic__478: FPGuitAr_Hero__GB2, 
reg__27: audio_gen, 
sine_generator__parameterized1: audio_gen, 
counter__83: FPGuitAr_Hero__GB2, 
reg__74: audio_gen, 
case__217: FPGuitAr_Hero__GB2, 
music_lookup: FPGuitAr_Hero__GB2, 
sine_generator__parameterized4: audio_gen, 
reg__135: FPGuitAr_Hero__GB2, 
case__63: audio_gen, 
case__422: FPGuitAr_Hero__GB0, 
datapath__19: FPGuitAr_Hero__GB0, 
datapath__208: FPGuitAr_Hero__GB2, 
logic__332: FPGuitAr_Hero__GB0, 
reg__123: FPGuitAr_Hero__GB2, 
logic__289: FPGuitAr_Hero__GB0, 
reg__244: FPGuitAr_Hero__GB2, 
logic__636: FPGuitAr_Hero__GB2, 
reg__325: FPGuitAr_Hero__GB0, 
datapath__129: FPGuitAr_Hero__GB0, 
logic__775: FPGuitAr_Hero__GB0, 
reg__136: FPGuitAr_Hero__GB2, 
reg__298: FPGuitAr_Hero__GB0, 
case__167: FPGuitAr_Hero__GB2, 
case__89: FPGuitAr_Hero__GB0, 
case__216: FPGuitAr_Hero__GB2, 
picture_blob_alph__xdcDup__6: FPGuitAr_Hero__GB0, 
muxpart__31: FPGuitAr_Hero__GB2, 
case__436: FPGuitAr_Hero__GB0, 
counter__68: FPGuitAr_Hero__GB0, 
case__182: FPGuitAr_Hero__GB2, 
sine_generator__parameterized48: audio_gen, 
datapath__147: FPGuitAr_Hero__GB0, 
muxpart__6: labkit__GC0, 
reg__194: FPGuitAr_Hero__GB2, 
sine_generator__parameterized25: audio_gen, 
datapath__94: FPGuitAr_Hero__GB0, 
addsub: FPGuitAr_Hero__GB0, 
datapath__251: FPGuitAr_Hero__GB2, 
logic__50: audio_gen, 
case__419: FPGuitAr_Hero__GB0, 
logic__697: FPGuitAr_Hero__GB2, 
sine_generator__parameterized55: audio_gen, 
logic__627: FPGuitAr_Hero__GB2, 
counter__28: audio_gen, 
logic__668: FPGuitAr_Hero__GB2, 
logic__507: FPGuitAr_Hero__GB2, 
logic__178: audio_gen, 
case__521: labkit__GC0, 
datapath__96: FPGuitAr_Hero__GB0, 
case__507: FPGuitAr_Hero__GB0, 
logic__721: FPGuitAr_Hero__GB2, 
case__437: FPGuitAr_Hero__GB0, 
case__383: FPGuitAr_Hero__GB0, 
logic__415: FPGuitAr_Hero__GB0, 
reg__297: FPGuitAr_Hero__GB0, 
logic__1049: FPGuitAr_Hero__GB0, 
logic__714: FPGuitAr_Hero__GB2, 
logic__142: audio_gen, 
reg__191: FPGuitAr_Hero__GB2, 
case__189: FPGuitAr_Hero__GB2, 
case__34: audio_gen, 
case__5: labkit__GC0, 
case__97: FPGuitAr_Hero__GB0, 
datapath__193: FPGuitAr_Hero__GB2, 
sine_generator__parameterized9: audio_gen, 
reg__252: FPGuitAr_Hero__GB2, 
hex_to_decimal: FPGuitAr_Hero__GB0, 
counter__26: audio_gen, 
logic__532: FPGuitAr_Hero__GB2, 
counter__29: audio_gen, 
reg__25: audio_gen, 
reg__308: FPGuitAr_Hero__GB0, 
case__69: audio_gen, 
logic__588: FPGuitAr_Hero__GB2, 
logic__556: FPGuitAr_Hero__GB2, 
datapath__153: FPGuitAr_Hero__GB0, 
datapath__183: FPGuitAr_Hero__GB0, 
datapath__207: FPGuitAr_Hero__GB2, 
datapath__46: FPGuitAr_Hero__GB0, 
counter__98: FPGuitAr_Hero__GB2, 
reg__216: FPGuitAr_Hero__GB2, 
counter__48: audio_gen, 
datapath__79: FPGuitAr_Hero__GB0, 
logic__328: FPGuitAr_Hero__GB0, 
counter__52: audio_gen, 
datapath__34: FPGuitAr_Hero__GB0, 
reg__2: labkit__GC0, 
logic__705: FPGuitAr_Hero__GB2, 
case__188: FPGuitAr_Hero__GB2, 
reg__134: FPGuitAr_Hero__GB2, 
datapath__62: FPGuitAr_Hero__GB0, 
reg__65: audio_gen, 
case__26: audio_gen, 
reg__109: FPGuitAr_Hero__GB0, 
logic__1025: FPGuitAr_Hero__GB0, 
case__482: FPGuitAr_Hero__GB0, 
reg__292: FPGuitAr_Hero__GB0, 
logic__456: FPGuitAr_Hero__GB2, 
logic__698: FPGuitAr_Hero__GB2, 
logic__1069: FPGuitAr_Hero__GB0, 
sine_generator__parameterized35: audio_gen, 
logic__973: FPGuitAr_Hero__GB0, 
rom: FPGuitAr_Hero__GB2, 
case__194: FPGuitAr_Hero__GB2, 
logic__455: FPGuitAr_Hero__GB2, 
reg__28: audio_gen, 
reg__327: FPGuitAr_Hero__GB0, 
case__441: FPGuitAr_Hero__GB0, 
sine_generator__parameterized24: audio_gen, 
muxpart__1: labkit__GC0, 
counter__21: audio_gen, 
case__153: FPGuitAr_Hero__GB2, 
datapath__92: FPGuitAr_Hero__GB0, 
logic__138: audio_gen, 
case__146: FPGuitAr_Hero__GB2, 
case__474: FPGuitAr_Hero__GB0, 
logic__1081: FPGuitAr_Hero__GB0, 
logic__1445: FPGuitAr_Hero__GB0, 
logic__1446: FPGuitAr_Hero__GB0, 
datapath__151: FPGuitAr_Hero__GB0, 
case__512: FPGuitAr_Hero__GB0, 
logic__366: FPGuitAr_Hero__GB0, 
case__206: FPGuitAr_Hero__GB2, 
logic__365: FPGuitAr_Hero__GB0, 
logic__327: FPGuitAr_Hero__GB0, 
counter__102: FPGuitAr_Hero__GB2, 
logic__676: FPGuitAr_Hero__GB2, 
logic__514: FPGuitAr_Hero__GB2, 
reg__139: FPGuitAr_Hero__GB2, 
logic__272: FPGuitAr_Hero__GB0, 
datapath__16: FPGuitAr_Hero__GB0, 
case__65: audio_gen, 
case__251: FPGuitAr_Hero__GB0, 
case__20: audio_gen, 
case__246: FPGuitAr_Hero__GB2, 
case__57: audio_gen, 
logic__395: FPGuitAr_Hero__GB0, 
logic__435: FPGuitAr_Hero__GB2, 
logic__730: FPGuitAr_Hero__GB2, 
picture_blob_digit__xdcDup__2: FPGuitAr_Hero__GB0, 
logic__589: FPGuitAr_Hero__GB2, 
datapath__30: FPGuitAr_Hero__GB0, 
reg__309: FPGuitAr_Hero__GB0, 
logic__423: FPGuitAr_Hero__GB2, 
reg__145: FPGuitAr_Hero__GB2, 
logic__114: audio_gen, 
logic__226: audio_gen, 
logic__460: FPGuitAr_Hero__GB2, 
sine_generator__parameterized34: audio_gen, 
logic__1005: FPGuitAr_Hero__GB0, 
case__375: FPGuitAr_Hero__GB0, 
case__505: FPGuitAr_Hero__GB0, 
logic__865: FPGuitAr_Hero__GB0, 
counter__64: audio_gen, 
case__61: audio_gen, 
case__37: audio_gen, 
logic__665: FPGuitAr_Hero__GB2, 
logic__38: audio_gen, 
display_8hex: labkit__GC0, 
reg__235: FPGuitAr_Hero__GB2, 
datapath__227: FPGuitAr_Hero__GB2, 
case__391: FPGuitAr_Hero__GB0, 
case__149: FPGuitAr_Hero__GB2, 
logic__426: FPGuitAr_Hero__GB2, 
dsp48e1__38: FPGuitAr_Hero__GB0, 
image_rom_map: FPGuitAr_Hero__GB0, 
logic__629: FPGuitAr_Hero__GB2, 
counter__76: FPGuitAr_Hero__GB2, 
case__415: FPGuitAr_Hero__GB0, 
counter__89: FPGuitAr_Hero__GB2, 
logic__554: FPGuitAr_Hero__GB2, 
dsp48e1__21: FPGuitAr_Hero__GB0, 
case__127: FPGuitAr_Hero__GB2, 
logic__667: FPGuitAr_Hero__GB2, 
play_notes: audio_gen, 
case__148: FPGuitAr_Hero__GB2, 
datapath__216: FPGuitAr_Hero__GB2, 
reg__35: audio_gen, 
logic__206: audio_gen, 
dsp48e1__48: FPGuitAr_Hero__GB0, 
datapath__245: FPGuitAr_Hero__GB2, 
logic__621: FPGuitAr_Hero__GB2, 
dsp48e1__6: FPGuitAr_Hero__GB0, 
case__204: FPGuitAr_Hero__GB2, 
reg__300: FPGuitAr_Hero__GB0, 
logic__433: FPGuitAr_Hero__GB2, 
case__142: FPGuitAr_Hero__GB2, 
logic__617: FPGuitAr_Hero__GB2, 
logic__465: FPGuitAr_Hero__GB2, 
reg__204: FPGuitAr_Hero__GB2, 
sine_generator__parameterized43: audio_gen, 
dsp48e1__8: FPGuitAr_Hero__GB0, 
reg__259: FPGuitAr_Hero__GB2, 
case__432: FPGuitAr_Hero__GB0, 
logic__333: FPGuitAr_Hero__GB0, 
logic__122: audio_gen, 
muxpart__5: labkit__GC0, 
reg__12: audio_gen, 
sine_generator__parameterized54: audio_gen, 
dsp48e1__35: FPGuitAr_Hero__GB0, 
logic__657: FPGuitAr_Hero__GB2, 
dsp48e1__22: FPGuitAr_Hero__GB0, 
datapath__226: FPGuitAr_Hero__GB2, 
datapath__190: FPGuitAr_Hero__GB0, 
logic__419: FPGuitAr_Hero__GB2, 
logic__740: FPGuitAr_Hero__GB2, 
datapath__210: FPGuitAr_Hero__GB2, 
reg__178: FPGuitAr_Hero__GB2, 
sine_generator__parameterized28: audio_gen, 
logic__326: FPGuitAr_Hero__GB0, 
case__486: FPGuitAr_Hero__GB0, 
logic__1053: FPGuitAr_Hero__GB0, 
muxpart__43: FPGuitAr_Hero__GB0, 
reg__279: FPGuitAr_Hero__GB0, 
logic__134: audio_gen, 
reg__108: FPGuitAr_Hero__GB0, 
reg__313: FPGuitAr_Hero__GB0, 
reg__275: FPGuitAr_Hero__GB0, 
reg__330: labkit__GC0, 
datapath__24: FPGuitAr_Hero__GB0, 
logic__707: FPGuitAr_Hero__GB2, 
logic__1454: FPGuitAr_Hero__GB0, 
logic__508: FPGuitAr_Hero__GB2, 
reg__30: audio_gen, 
case__59: audio_gen, 
counter__54: audio_gen, 
reg__165: FPGuitAr_Hero__GB2, 
case__119: FPGuitAr_Hero__GB0, 
case__197: FPGuitAr_Hero__GB2, 
datapath__58: FPGuitAr_Hero__GB0, 
reg__261: FPGuitAr_Hero__GB2, 
reg__231: FPGuitAr_Hero__GB2, 
datapath__91: FPGuitAr_Hero__GB0, 
logic__260: audio_gen, 
datapath__178: FPGuitAr_Hero__GB0, 
logic__473: FPGuitAr_Hero__GB2, 
reg__324: FPGuitAr_Hero__GB0, 
logic__458: FPGuitAr_Hero__GB2, 
datapath__18: FPGuitAr_Hero__GB0, 
logic__849: FPGuitAr_Hero__GB0, 
logic__723: FPGuitAr_Hero__GB2, 
case__231: FPGuitAr_Hero__GB2, 
case__484: FPGuitAr_Hero__GB0, 
logic__202: audio_gen, 
counter__19: audio_gen, 
counter__87: FPGuitAr_Hero__GB2, 
logic__372: FPGuitAr_Hero__GB0, 
case__495: FPGuitAr_Hero__GB0, 
reg__166: FPGuitAr_Hero__GB2, 
counter__79: FPGuitAr_Hero__GB2, 
datapath__20: FPGuitAr_Hero__GB0, 
dsp48e1__7: FPGuitAr_Hero__GB0, 
muxpart__8: labkit__GC0, 
case__190: FPGuitAr_Hero__GB2, 
datapath__2: labkit__GC0, 
counter__82: FPGuitAr_Hero__GB2, 
logic__545: FPGuitAr_Hero__GB2, 
datapath__200: FPGuitAr_Hero__GB2, 
case__227: FPGuitAr_Hero__GB2, 
dsp48e1__15: FPGuitAr_Hero__GB0, 
muxpart__24: FPGuitAr_Hero__GB2, 
counter__7: audio_gen, 
reg__48: audio_gen, 
logic__802: FPGuitAr_Hero__GB2, 
case__23: audio_gen, 
case__143: FPGuitAr_Hero__GB2, 
case__54: audio_gen, 
logic__674: FPGuitAr_Hero__GB2, 
blob: FPGuitAr_Hero__GB0, 
case__131: FPGuitAr_Hero__GB2, 
reg__51: audio_gen, 
case__2: labkit__GC0, 
datapath__128: FPGuitAr_Hero__GB0, 
case__414: FPGuitAr_Hero__GB0, 
case__40: audio_gen, 
datapath__196: FPGuitAr_Hero__GB2, 
dsp48e1__45: FPGuitAr_Hero__GB0, 
counter__100: FPGuitAr_Hero__GB2, 
reg__152: FPGuitAr_Hero__GB2, 
reg__87: FPGuitAr_Hero__GB0, 
case__490: FPGuitAr_Hero__GB0, 
muxpart__39: FPGuitAr_Hero__GB0, 
datapath__115: FPGuitAr_Hero__GB0, 
datapath__242: FPGuitAr_Hero__GB2, 
datapath__43: FPGuitAr_Hero__GB0, 
reg__251: FPGuitAr_Hero__GB2, 
logic__170: audio_gen, 
datapath__111: FPGuitAr_Hero__GB0, 
datapath__206: FPGuitAr_Hero__GB2, 
counter__4: audio_gen, 
counter__53: audio_gen, 
logic__681: FPGuitAr_Hero__GB2, 
sine_generator__parameterized47: audio_gen, 
reg__209: FPGuitAr_Hero__GB2, 
datapath__89: FPGuitAr_Hero__GB0, 
muxpart__10: labkit__GC0, 
sine_generator__parameterized31: audio_gen, 
datapath__215: FPGuitAr_Hero__GB2, 
case__435: FPGuitAr_Hero__GB0, 
logic__1061: FPGuitAr_Hero__GB0, 
datapath__221: FPGuitAr_Hero__GB2, 
case__107: FPGuitAr_Hero__GB0, 
sine_generator__parameterized26: audio_gen, 
reg__161: FPGuitAr_Hero__GB2, 
logic__436: FPGuitAr_Hero__GB2, 
case__56: audio_gen, 
logic__337: FPGuitAr_Hero__GB0, 
logic__853: FPGuitAr_Hero__GB0, 
datapath__51: FPGuitAr_Hero__GB0, 
logic__634: FPGuitAr_Hero__GB2, 
logic__690: FPGuitAr_Hero__GB2, 
logic__553: FPGuitAr_Hero__GB2, 
case__213: FPGuitAr_Hero__GB2, 
counter__1: labkit__GC0, 
logic__66: audio_gen, 
logic__649: FPGuitAr_Hero__GB2, 
reg__179: FPGuitAr_Hero__GB2, 
reg__294: FPGuitAr_Hero__GB0, 
logic__933: FPGuitAr_Hero__GB0, 
datapath__218: FPGuitAr_Hero__GB2, 
reg__21: audio_gen, 
case__447: FPGuitAr_Hero__GB0, 
logic__381: FPGuitAr_Hero__GB0, 
reg__224: FPGuitAr_Hero__GB2, 
reg__45: audio_gen, 
reg__185: FPGuitAr_Hero__GB2, 
logic__792: FPGuitAr_Hero__GB0, 
datapath__17: FPGuitAr_Hero__GB0, 
dsp48e1__34: FPGuitAr_Hero__GB0, 
datapath__253: FPGuitAr_Hero__GB0, 
case__12: audio_gen, 
reg__84: FPGuitAr_Hero__GB0, 
sine_generator__parameterized16: audio_gen, 
volume_control: audio_gen, 
datapath__61: FPGuitAr_Hero__GB0, 
