alph_image_rom__22: alph_image_rom
logic__1847: logic__441
datapath__176: datapath__176
logic__683: logic__683
case__149: case__149
datapath__186: datapath__186
case__674: case__136
datapath__459: datapath__198
logic__1833: logic__443
datapath__602: datapath__195
reg__258: reg__258
datapath__131: datapath__131
reg__260: reg__260
reg__271: reg__271
sine_lut__46: sine_lut
datapath__255: datapath__255
datapath__445: datapath__198
datapath__216: datapath__216
sine_generator__parameterized33: sine_generator__parameterized33
case__444: case__444
datapath__618: datapath__207
sine_generator__parameterized38: sine_generator__parameterized38
logic__1624: logic__436
datapath__262: datapath__9
logic__444: logic__444
sine_lut__39: sine_lut
case__478: case__478
case__225: case__225
logic__1614: logic__434
logic__1748: logic__444
datapath__571: datapath__198
datapath__253: datapath__253
datapath__503: datapath__196
case__575: case__139
logic__1841: logic__435
case__64: case__64
logic__1474: logic__268
logic__154: logic__154
logic__460: logic__460
reg__175: reg__175
sine_generator__parameterized13: sine_generator__parameterized13
datapath__249: datapath__249
logic__1522: logic__442
logic__1507: logic__445
logic__620: logic__620
reg__308: reg__308
note_blob__2: note_blob
datapath__474: datapath__197
datapath__364: datapath__195
dsp48e1__20: dsp48e1__20
logic__423: logic__423
case__217: case__217
logic__810: logic__810
datapath__180: datapath__180
alph_image_rom__24: alph_image_rom
extrom__47: extrom
extrom__11: extrom
case__61: case__61
logic__1485: logic__443
datapath__564: datapath__205
picture_blob_alph__xdcDup__9: picture_blob_alph__xdcDup__9
logic__629: logic__629
logic__110: logic__110
datapath__85: datapath__85
reg__304: reg__304
logic__717: logic__717
logic__1593: logic__443
reg__39: reg__39
reg__163: reg__163
case__55: case__55
logic__382: logic__382
logic__1731: logic__437
case__167: case__167
datapath__273: datapath__10
datapath__440: datapath__203
case__475: case__475
case__169: case__169
extrom__20: extrom
reg__186: reg__186
logic__360: logic__360
case__410: case__410
sine_lut__11: sine_lut
case__482: case__482
counter__44: counter__44
dsp48e1__48: dsp48e1__48
logic__1510: logic__442
datapath__124: datapath__124
counter__3: counter__3
case__710: case__136
case__265: case__265
counter__43: counter__43
dsp48e1__19: dsp48e1__19
logic__464: logic__464
logic__813: logic__813
logic__130: logic__130
logic__1511: logic__441
reg__74: reg__74
case__439: case__439
logic__1788: logic__440
case__473: case__473
logic__861: logic__861
sine_lut__52: sine_lut
datapath__497: datapath__202
dsp48e1__41: dsp48e1__41
datapath__355: datapath__204
muxpart__34: muxpart__34
case__543: case__135
datapath__13: datapath__13
logic__628: logic__628
reg__274: reg__274
logic__1609: logic__439
reg__82: reg__82
dsp48e1__43: dsp48e1__43
datapath__680: datapath__201
reg__147: reg__147
case__682: case__134
case__249: case__249
extrom__54: extrom
logic__1724: logic__444
logic__341: logic__341
counter__51: counter__51
case__449: case__449
case__501: case__501
case__599: case__139
datapath__248: datapath__248
sine_generator__parameterized0: sine_generator__parameterized0
logic__1516: logic__436
case__476: case__476
counter__47: counter__47
reg__45: reg__45
logic__1526: logic__438
datapath__100: datapath__100
logic__1627: logic__445
case__91: case__91
case__424: case__424
logic__1644: logic__440
datapath__163: datapath__163
datapath__687: datapath__208
logic__1065: logic__1065
datapath__127: datapath__127
datapath__12: datapath__12
muxpart__2: muxpart__2
logic__833: logic__833
dsp48e1__35: dsp48e1__35
reg__100: reg__100
datapath__242: datapath__242
datapath__73: datapath__73
datapath__367: datapath__206
datapath__432: datapath__197
datapath__227: datapath__227
case__585: case__135
case__69: case__69
datapath__309: datapath__208
logic__1540: logic__436
logic__1576: logic__436
logic__1741: logic__439
logic__1674: logic__434
logic__523: logic__523
logic__405: logic__405
logic__1797: logic__443
case__220: case__220
reg__151: reg__151
datapath__678: datapath__203
logic__369: logic__369
reg__262: reg__262
case__690: case__138
datapath__211: datapath__211
logic__993: logic__993
logic__486: logic__486
case__157: case__157
case__164: case__164
logic__1490: logic__438
reg__310: reg__310
datapath__622: datapath__203
reg__106: reg__106
case__175: case__175
datapath__125: datapath__125
logic__1484: logic__444
logic__1469: logic__1469
muxpart__8: muxpart__8
logic__1605: logic__443
datapath__132: datapath__132
logic__70: logic__70
logic__781: logic__781
datapath__57: datapath__57
note_blob__4: note_blob
logic__332: logic__332
case__243: case__243
reg__241: reg__241
datapath__469: datapath__202
case__639: case__135
dsp48e1__44: dsp48e1__44
logic__505: logic__505
case__426: case__426
logic__1608: logic__440
case__235: case__235
sine_generator__parameterized48: sine_generator__parameterized48
sine_lut__57: sine_lut
note_blob__7: note_blob
datapath__36: datapath__36
reg__321: reg__321
case__541: case__137
logic__597: logic__597
datapath__259: datapath__12
case__384: case__384
datapath__277: datapath__12
case__577: case__137
datapath__323: datapath__208
logic__443: logic__443
logic__573: logic__573
case__72: case__72
logic__366: logic__366
logic__442: logic__442
extrom__33: extrom
case__625: case__137
counter__79: counter__79
logic__1525: logic__439
datapath__379: datapath__208
sine_generator__parameterized9: sine_generator__parameterized9
case__527: case__139
alph_map_red_rom__20: alph_map_red_rom
reg__96: reg__96
datapath__640: datapath__199
logic__1651: logic__445
case__254: case__254
datapath__111: datapath__111
logic__1835: logic__441
reg__328: reg__328
logic__194: logic__194
case__551: case__139
logic__1498: logic__442
reg__52: reg__52
logic__685: logic__685
logic__1648: logic__436
case__706: case__134
note_blob__18: note_blob
case__708: case__138
case__59: case__59
case__437: case__437
case__179: case__179
extrom__51: extrom
logic__438: logic__438
dsp48e1__21: dsp48e1__21
image_rom_map__5: image_rom_map
case__250: case__250
sine_generator__parameterized24: sine_generator__parameterized24
case__158: case__158
datapath__371: datapath__202
case__641: case__139
sine_generator__parameterized35: sine_generator__parameterized35
case__195: case__195
datapath__96: datapath__96
case__573: case__135
datapath__705: datapath__204
logic__1629: logic__443
logic__1726: logic__442
reg__149: reg__149
case__505: case__505
logic__1548: logic__440
case__578: case__136
sine_lut__17: sine_lut
datapath__350: datapath__195
logic__857: logic__857
logic__499: logic__499
reg__124: reg__124
muxpart__191: muxpart__31
datapath__642: datapath__197
logic__1705: logic__439
logic__602: logic__602
reg__254: reg__254
datapath__566: datapath__203
extrom__35: extrom
logic__214: logic__214
case__470: case__470
case__592: case__134
logic__1687: logic__445
dsp48e1__22: dsp48e1__22
case__147: case__147
case__549: case__135
datapath__303: datapath__200
sine_generator__parameterized34: sine_generator__parameterized34
case__626: case__136
case__523: case__70
logic__869: logic__869
case__234: case__234
logic__6: logic__6
note_blob__30: note_blob
datapath__526: datapath__201
case__266: case__266
reg__98: reg__98
logic__578: logic__578
datapath__256: datapath__256
datapath__389: datapath__198
case__431: case__431
datapath__593: datapath__204
datapath__635: datapath__204
logic__1505: logic__435
logic__1794: logic__434
case__97: case__97
datapath__615: datapath__196
case__526: case__70
logic__1077: logic__1077
datapath__34: datapath__34
sine_lut__34: sine_lut
logic__682: logic__682
datapath__88: datapath__88
logic__118: logic__118
datapath__525: datapath__202
sine_generator__parameterized28: sine_generator__parameterized28
sine_generator__parameterized54: sine_generator__parameterized54
logic__1698: logic__434
datapath__611: datapath__200
datapath__332: datapath__199
sine_generator__parameterized43: sine_generator__parameterized43
counter__27: counter__27
datapath__93: datapath__93
reg__46: reg__46
case__380: case__380
logic__637: logic__637
case__37: case__37
case__84: case__84
datapath__458: datapath__199
logic__226: logic__226
datapath__366: datapath__207
datapath__398: datapath__203
reg__230: reg__230
logic__1692: logic__440
counter__87: counter__87
reg__296: reg__296
datapath__24: datapath__24
case__238: case__238
case__117: case__117
reg__291: reg__291
logic__1677: logic__443
logic__50: logic__50
logic__1463: logic__1463
music_lookup: music_lookup
reg__195: reg__195
reg__115: reg__115
logic__513: logic__513
case__32: case__32
logic__1734: logic__434
extrom__53: extrom
reg__197: reg__197
reg__29: reg__29
case__216: case__216
logic__1586: logic__438
datapath__237: datapath__237
datapath__648: datapath__205
datapath__712: datapath__197
reg__122: reg__122
logic__331: logic__331
reg__324: reg__324
reg__298: reg__298
logic__397: logic__397
datapath__496: datapath__203
counter__103: counter__103
reg__123: reg__123
reg__131: reg__131
case__71: case__71
case__474: case__474
reg__286: reg__286
case__535: case__137
sine_lut__51: sine_lut
logic__1517: logic__435
case__576: case__138
FPGuitAr_Hero__GB0: FPGuitAr_Hero__GB0
muxpart: muxpart
datapath__543: datapath__198
case__601: case__137
counter__91: counter__91
datapath__626: datapath__199
muxpart__4: muxpart__4
datapath__241: datapath__241
logic__1761: logic__443
case__517: case__517
reg__227: reg__227
muxpart__207: muxpart__9
logic__395: logic__395
logic__774: logic__774
datapath__639: datapath__200
logic__1706: logic__438
logic__507: logic__507
dsp48e1__26: dsp48e1__26
reg__203: reg__203
datapath__436: datapath__207
case__716: case__5
datapath__275: datapath__14
reg__188: reg__188
datapath__1: datapath__1
logic__373: logic__373
reg__280: reg__280
dsp48e1__6: dsp48e1__6
datapath__400: datapath__201
logic__1521: logic__443
logic__436: logic__436
datapath__683: datapath__198
reg__191: reg__191
datapath__505: datapath__208
case__11: case__11
datapath__397: datapath__204
datapath__587: datapath__196
counter__106: counter__106
datapath__235: datapath__235
dsp48e1__7: dsp48e1__7
logic__394: logic__394
logic__1707: logic__437
datapath__129: datapath__129
logic__1634: logic__438
reg__263: reg__263
case__487: case__487
logic__437: logic__437
case__720: case__5
reg__224: reg__224
datapath__307: datapath__196
logic__498: logic__498
case__530: case__136
reg__102: reg__102
note_blob__5: note_blob
dsp48e1__15: dsp48e1__15
case__386: case__386
case__52: case__52
logic__272: logic__272
muxpart__187: muxpart__31
reg__250: reg__250
logic__611: logic__611
reg__36: reg__36
reg__252: reg__252
datapath__423: datapath__206
note_blob__22: note_blob
logic__1503: logic__437
logic__1681: logic__439
reg__150: reg__150
reg__141: reg__141
reg__264: reg__264
logic__563: logic__563
sine_generator__parameterized16: sine_generator__parameterized16
datapath__434: datapath__195
case__513: case__513
muxpart__192: muxpart__31
logic__1599: logic__437
blob__1: blob
logic__925: logic__925
reg__14: reg__14
datapath__704: datapath__205
logic__1569: logic__443
reg__222: reg__222
case__390: case__390
extrom__39: extrom
dsp48e1__8: dsp48e1__8
logic__1446: logic__1446
logic__521: logic__521
datapath__537: datapath__204
reg__101: reg__101
case__85: case__85
case__60: case__60
logic__1571: logic__441
case__646: case__134
reg__173: reg__173
datapath__446: datapath__197
logic__1855: logic__11
datapath__412: datapath__203
case__40: case__40
case__13: case__13
logic__636: logic__636
logic__562: logic__562
reg__145: reg__145
note_blob__13: note_blob
logic__1758: logic__434
datapath__504: datapath__195
case__660: case__138
reg__309: reg__309
case__528: case__138
logic__459: logic__459
reg__268: reg__268
datapath__271: datapath__12
logic__1792: logic__436
datapath__31: datapath__31
muxpart__41: muxpart__41
logic__1820: logic__444
datapath__321: datapath__196
datapath__349: datapath__196
muxpart__38: muxpart__38
logic__953: logic__953
case__651: case__135
datapath__696: datapath__199
datapath__692: datapath__203
datapath__69: datapath__69
counter__85: counter__85
picture_blob_alph__xdcDup__8: picture_blob_alph__xdcDup__8
datapath__714: datapath__195
case__121: case__121
case__491: case__491
case__534: case__138
case__670: case__134
logic__1717: logic__439
logic__732: logic__732
case__146: case__146
logic__901: logic__901
case__618: case__138
logic__54: logic__54
logic__889: logic__889
case__241: case__241
logic__1766: logic__438
datapath__590: datapath__207
logic__652: logic__652
sine_generator__parameterized8: sine_generator__parameterized8
counter__31: counter__31
case__432: case__432
logic__745: logic__745
reg__38: reg__38
logic__540: logic__540
datapath__551: datapath__204
dsp48e1__45: dsp48e1__45
logic__1533: logic__443
logic__1713: logic__443
logic__1843: logic__445
datapath__75: datapath__75
sine_lut__27: sine_lut
datapath__219: datapath__219
sine_lut__30: sine_lut
counter__62: counter__62
reg__65: reg__65
logic__1830: logic__434
datapath__666: datapath__201
datapath__700: datapath__195
reg__185: reg__185
sine_lut__4: sine_lut
logic__126: logic__126
case__111: case__111
case__514: case__514
logic__565: logic__565
logic__1709: logic__435
datapath__576: datapath__207
logic__267: logic__267
logic__1760: logic__444
case__574: case__134
case__406: case__406
muxpart__198: muxpart__31
case__39: case__39
case__222: case__222
sine_lut__56: sine_lut
reg__84: reg__84
logic__823: logic__823
reg__282: reg__282
case__262: case__262
muxpart__188: muxpart__31
logic__669: logic__669
reg__132: reg__132
logic__1546: logic__442
sine_lut__48: sine_lut
datapath__238: datapath__238
datapath__51: datapath__51
reg__179: reg__179
case__408: case__408
logic__386: logic__386
case__269: case__269
datapath__396: datapath__205
counter__52: counter__52
case__611: case__139
datapath__709: datapath__200
sine_generator__parameterized18: sine_generator__parameterized18
muxpart__1: muxpart__1
case__623: case__139
case__588: case__138
reg__26: reg__26
case__244: case__244
blob__3: blob
logic__707: logic__707
datapath__142: datapath__142
reg__219: reg__219
datapath__79: datapath__79
case__130: case__130
sine_lut__33: sine_lut
case__453: case__453
extrom__46: extrom
datapath__703: datapath__206
case__515: case__515
logic__853: logic__853
reg__128: reg__128
logic__1565: logic__435
case__221: case__221
reg__214: reg__214
datapath__274: datapath__9
case__614: case__136
case__495: case__495
datapath__616: datapath__195
logic__949: logic__949
reg__306: reg__306
reg__335: reg__10
extrom__31: extrom
logic__587: logic__587
muxpart__186: muxpart__31
case__139: case__139
case__4: case__4
logic__419: logic__419
case__113: case__113
logic__1588: logic__436
case__156: case__156
logic__1747: logic__445
logic__404: logic__404
datapath__160: datapath__160
logic__1856: logic__11
counter__64: counter__64
datapath__522: datapath__205
case__458: case__458
logic__775: logic__775
case__271: case__271
logic__344: logic__344
reg__83: reg__83
reg__237: reg__237
reg__126: reg__126
logic__738: logic__738
logic__1078: logic__1078
case__621: case__135
counter__7: counter__7
datapath__501: datapath__198
case__635: case__139
case__570: case__138
datapath__414: datapath__201
logic__1775: logic__441
logic__430: logic__430
logic__824: logic__824
case__109: case__109
logic__619: logic__619
datapath__461: datapath__196
datapath__149: datapath__149
reg__238: reg__238
logic__1555: logic__445
datapath__368: datapath__205
datapath__301: datapath__202
case__162: case__162
reg__134: reg__134
case__591: case__135
counter__17: counter__17
reg__206: reg__206
reg__73: reg__73
case__620: case__136
alph_image_rom__17: alph_image_rom
case__469: case__469
case__273: case__273
logic__729: logic__729
datapath__206: datapath__206
datapath__254: datapath__254
datapath__22: datapath__22
muxpart__193: muxpart__31
reg__113: reg__113
case__177: case__177
datapath__35: datapath__35
case__87: case__87
reg__190: reg__190
case__492: case__492
counter__6: counter__6
logic__797: logic__797
sine_generator__parameterized10: sine_generator__parameterized10
reg__210: reg__210
case__433: case__433
logic__458: logic__458
datapath__385: datapath__202
sine_lut__37: sine_lut
datapath__2: datapath__2
case__251: case__251
datapath__189: datapath__189
logic__446: logic__446
extrom__48: extrom
case__516: case__516
reg__27: reg__27
logic__1597: logic__439
case__200: case__200
logic__1745: logic__435
datapath__715: datapath__2
datapath__607: datapath__204
logic__58: logic__58
datapath__447: datapath__196
case__101: case__101
reg__330: reg__330
reg__284: reg__284
datapath__154: datapath__154
datapath__419: datapath__196
logic__1519: logic__445
sine_generator__parameterized15: sine_generator__parameterized15
logic__1457: logic__1457
logic__1493: logic__435
logic__1572: logic__440
reg__285: reg__285
logic__1642: logic__442
datapath__223: datapath__223
case__446: case__446
counter__92: counter__92
logic__1810: logic__442
logic__1557: logic__443
case__236: case__236
logic__529: logic__529
logic__1839: logic__437
case__688: case__134
case__34: case__34
datapath__568: datapath__201
datapath__109: datapath__109
case__267: case__267
datapath__369: datapath__204
datapath__601: datapath__196
counter__5: counter__5
datapath__247: datapath__247
reg__104: reg__104
sine_generator__parameterized32: sine_generator__parameterized32
case__619: case__137
case__240: case__240
counter__63: counter__63
logic__1694: logic__438
logic__1757: logic__435
alph_image_rom__20: alph_image_rom
case__392: case__392
case__184: case__184
datapath__370: datapath__203
case__490: case__490
case__584: case__136
case__557: case__139
logic__1582: logic__442
case__3: case__3
reg__11: reg__11
muxpart__6: muxpart__6
reg__25: reg__25
datapath__560: datapath__195
case__562: case__134
datapath__58: datapath__58
extrom__16: extrom
sine_lut__60: sine_lut
logic__1678: logic__442
sine_generator__parameterized17: sine_generator__parameterized17
case__171: case__171
logic__1620: logic__440
case__275: case__275
case__65: case__65
logic__1473: logic__266
reg__103: reg__103
logic__339: logic__339
case__210: case__210
muxpart__190: muxpart__31
case__155: case__155
logic__1649: logic__435
logic__1759: logic__445
datapath__670: datapath__197
debounce__1: debounce
case__479: case__479
reg__62: reg__62
datapath__668: datapath__199
muxpart__189: muxpart__31
dsp48e1__24: dsp48e1__24
datapath__377: datapath__196
logic__365: logic__365
datapath__102: datapath__102
logic__675: logic__675
datapath__595: datapath__202
datapath__92: datapath__92
datapath__295: datapath__208
logic__905: logic__905
case__62: case__62
datapath__212: datapath__212
logic__1796: logic__444
alph_map_red_rom__24: alph_map_red_rom
datapath__150: datapath__150
datapath__266: datapath__11
logic__86: logic__86
logic__714: logic__714
alph_map_red_rom__18: alph_map_red_rom
case__129: case__129
sine_lut__23: sine_lut
sine_lut__9: sine_lut
logic__1601: logic__435
datapath__660: datapath__207
display_8hex: display_8hex
logic__881: logic__881
logic__368: logic__368
reg__281: reg__281
logic__897: logic__897
extrom__52: extrom
case__600: case__138
datapath__6: datapath__6
logic__1551: logic__437
case__684: case__138
case__472: case__472
logic__413: logic__413
datapath__184: datapath__184
logic__604: logic__604
reg__176: reg__176
datapath__495: datapath__204
datapath__63: datapath__63
logic__749: logic__749
logic__1561: logic__439
datapath__281: datapath__208
logic__1643: logic__441
case__435: case__435
sine_generator__parameterized59: sine_generator__parameterized59
logic__1756: logic__436
logic__325: logic__325
alph_map_red_rom__21: alph_map_red_rom
datapath__399: datapath__202
counter__45: counter__45
case__192: case__192
logic__532: logic__532
extrom__41: extrom
logic__138: logic__138
case__615: case__135
datapath__554: datapath__201
case__603: case__135
logic__792: logic__792
case__411: case__411
logic__698: logic__698
datapath__108: datapath__108
logic__1733: logic__435
datapath__103: datapath__103
datapath__61: datapath__61
logic__1553: logic__435
case__207: case__207
reg__158: reg__158
datapath__234: datapath__234
note_blob__8: note_blob
case__698: case__136
logic__660: logic__660
datapath__339: datapath__206
datapath__95: datapath__95
logic__691: logic__691
case__58: case__58
counter__8: counter__8
logic__376: logic__376
sine_generator__parameterized7: sine_generator__parameterized7
logic__1033: logic__1033
case__695: case__139
logic__1543: logic__445
datapath__395: datapath__206
logic__537: logic__537
datapath__263: datapath__14
logic__1782: logic__434
datapath__221: datapath__221
case__547: case__137
datapath__650: datapath__203
logic__330: logic__330
case__454: case__454
reg__135: reg__135
muxpart__32: muxpart__32
logic__334: logic__334
counter__61: counter__61
sine_lut__41: sine_lut
logic__473: logic__473
logic__570: logic__570
reg__322: reg__322
dsp48e1__37: dsp48e1__37
sine_generator__parameterized37: sine_generator__parameterized37
case__612: case__138
datapath__101: datapath__101
counter__100: counter__100
logic__134: logic__134
datapath__47: datapath__47
datapath__465: datapath__206
datapath__121: datapath__121
case__519: case__519
logic__921: logic__921
logic__530: logic__530
case__161: case__161
logic__1598: logic__438
dsp48e1__4: dsp48e1__4
logic__122: logic__122
datapath__420: datapath__195
datapath__656: datapath__197
datapath__304: datapath__199
datapath__312: datapath__205
reg__269: reg__269
counter__42: counter__42
logic__1803: logic__437
reg__302: reg__302
datapath__488: datapath__197
case__95: case__95
datapath__428: datapath__201
logic__985: logic__985
reg__226: reg__226
datapath__361: datapath__198
reg__334: reg__9
sine_generator__parameterized22: sine_generator__parameterized22
datapath__672: datapath__195
datapath__394: datapath__207
case__661: case__137
datapath__89: datapath__89
logic__796: logic__796
case__38: case__38
logic__539: logic__539
reg__142: reg__142
counter__48: counter__48
reg__146: reg__146
logic__11: logic__11
datapath__83: datapath__83
reg__183: reg__183
reg__234: reg__234
datapath__623: datapath__202
note_blob__17: note_blob
case__518: case__518
logic__603: logic__603
logic__524: logic__524
case__136: case__136
datapath__569: datapath__200
dsp48e1__25: dsp48e1__25
logic__1566: logic__434
datapath__225: datapath__225
dsp48e1__10: dsp48e1__10
datapath__575: datapath__208
case__648: case__138
case__68: case__68
case__47: case__47
logic__1558: logic__442
datapath__643: datapath__196
reg__228: reg__228
case__680: case__136
muxpart__27: muxpart__27
datapath__77: datapath__77
datapath__60: datapath__60
logic__1531: logic__445
datapath__134: datapath__134
logic__1666: logic__442
datapath__40: datapath__40
logic__1491: logic__437
case__15: case__15
sine_lut__58: sine_lut
logic__548: logic__548
logic__1684: logic__436
extrom__1: extrom
reg__323: reg__323
counter__19: counter__19
counter__50: counter__50
reg__63: reg__63
sine_lut__18: sine_lut
datapath__123: datapath__123
case__187: case__187
logic__561: logic__561
sine_generator__parameterized11: sine_generator__parameterized11
logic__1452: logic__1452
logic__445: logic__445
alph_map_red_rom__16: alph_map_red_rom
datapath__48: datapath__48
reg__312: reg__312
alph_map_red_rom__14: alph_map_red_rom
logic__1585: logic__439
datapath__477: datapath__208
datapath__354: datapath__205
datapath__290: datapath__199
logic__348: logic__348
logic__1639: logic__445
logic__1806: logic__434
case__610: case__134
reg__116: reg__116
dsp48e1__5: dsp48e1__5
counter__68: counter__68
datapath__411: datapath__204
blob__4: blob
logic__357: logic__357
datapath__536: datapath__205
logic__1550: logic__438
datapath__531: datapath__196
datapath__171: datapath__171
case__616: case__134
case__507: case__507
datapath__52: datapath__52
logic__501: logic__501
case__43: case__43
image_rom__5: image_rom
muxpart__7: muxpart__7
datapath__360: datapath__199
datapath__706: datapath__203
datapath__466: datapath__205
datapath__520: datapath__207
sine_generator__parameterized14: sine_generator__parameterized14
datapath__493: datapath__206
datapath__582: datapath__201
datapath__605: datapath__206
extrom__23: extrom
logic__384: logic__384
logic__588: logic__588
case__166: case__166
logic__1672: logic__436
reg__231: reg__231
extrom__37: extrom
logic__381: logic__381
reg__171: reg__171
logic__1478: logic__267
reg__88: reg__88
logic__1645: logic__439
reg__168: reg__168
reg__60: reg__60
logic__1812: logic__440
logic__1623: logic__437
logic__271: logic__271
datapath__549: datapath__206
datapath__402: datapath__199
extrom__14: extrom
logic__352: logic__352
extrom__18: extrom
case__559: case__137
sine_generator__parameterized12: sine_generator__parameterized12
reg__34: reg__34
case__565: case__137
logic__66: logic__66
datapath__598: datapath__199
sine_lut__36: sine_lut
logic__965: logic__965
case__10: case__10
case__598: case__134
logic__1729: logic__439
muxpart__197: muxpart__31
logic__1466: logic__1466
reg__162: reg__162
case__45: case__45
logic__1441: logic__1441
logic__1037: logic__1037
datapath__148: datapath__148
case__259: case__259
case__413: case__413
logic__737: logic__737
reg__200: reg__200
logic__328: logic__328
logic__1544: logic__444
case__504: case__504
counter__2: counter__2
datapath__388: datapath__199
datapath__158: datapath__158
datapath__251: datapath__251
datapath__146: datapath__146
logic__1695: logic__437
case__667: case__137
reg__278: reg__278
logic__697: logic__697
logic__1591: logic__445
datapath__627: datapath__198
logic__618: logic__618
xvga: xvga
case__417: case__417
reg__17: reg__17
logic__1829: logic__435
blob__2: blob
logic__657: logic__657
logic__1456: logic__1456
reg__91: reg__91
sine_lut__54: sine_lut
reg__205: reg__205
note_blob__21: note_blob
datapath__229: datapath__229
counter__95: counter__95
logic__1567: logic__445
sine_lut__8: sine_lut
logic__1618: logic__442
datapath__128: datapath__128
logic__1587: logic__437
note_blob: note_blob
case__450: case__450
sine_generator__parameterized21: sine_generator__parameterized21
datapath__464: datapath__207
logic__722: logic__722
sine_generator__parameterized42: sine_generator__parameterized42
muxpart__29: muxpart__29
reg__181: reg__181
datapath__383: datapath__204
reg__266: reg__266
logic__374: logic__374
sine_lut__14: sine_lut
datapath__384: datapath__203
datapath__299: datapath__204
case__172: case__172
logic__613: logic__613
logic__1538: logic__438
dsp48e1__29: dsp48e1__29
case__643: case__137
case__442: case__442
logic__90: logic__90
datapath__633: datapath__206
case__666: case__138
logic__354: logic__354
logic__658: logic__658
logic__1827: logic__437
datapath__532: datapath__195
labkit__GC0: labkit__GC0
logic__1696: logic__436
muxpart__42: muxpart__42
sine_generator__parameterized53: sine_generator__parameterized53
datapath__308: datapath__195
note_blob__23: note_blob
logic__1596: logic__440
counter__25: counter__25
muxpart__3: muxpart__3
reg__51: reg__51
extrom__3: extrom
logic__1606: logic__442
extrom__34: extrom
datapath__596: datapath__201
logic__693: logic__693
alph_map_red_rom__19: alph_map_red_rom
case__630: case__138
datapath__203: datapath__203
logic__399: logic__399
case__189: case__189
case__590: case__136
datapath__511: datapath__202
logic__706: logic__706
case__536: case__136
counter__60: counter__60
logic__1844: logic__444
case__229: case__229
case__707: case__139
logic__190: logic__190
logic__393: logic__393
image_rom_map: image_rom_map
datapath__644: datapath__195
case__9: case__9
reg__127: reg__127
counter__74: counter__74
case__255: case__255
reg__253: reg__253
logic__1081: logic__1081
reg__59: reg__59
alph_image_rom__15: alph_image_rom
logic__557: logic__557
reg__182: reg__182
case__29: case__29
counter__82: counter__82
reg__6: reg__6
logic__461: logic__461
logic__645: logic__645
datapath__612: datapath__199
muxpart__184: muxpart__31
case__213: case__213
datapath__205: datapath__205
datapath__289: datapath__200
datapath__20: datapath__20
counter__84: counter__84
logic__389: logic__389
datapath__42: datapath__42
logic__681: logic__681
sine_lut__31: sine_lut
logic__806: logic__806
sine_lut__26: sine_lut
reg__110: reg__110
reg: reg
alph_image_rom__13: alph_image_rom
case__480: case__480
logic__1545: logic__443
datapath__182: datapath__182
logic__1583: logic__441
logic__1799: logic__441
case__425: case__425
logic__634: logic__634
debounce: debounce
logic__340: logic__340
reg__209: reg__209
case__176: case__176
muxpart__183: muxpart__31
muxpart__9: muxpart__9
logic__547: logic__547
logic__466: logic__466
reg__165: reg__165
case__436: case__436
logic__335: logic__335
datapath__195: datapath__195
logic__633: logic__633
reg__300: reg__300
logic__347: logic__347
picture_blob_alph__xdcDup__4: picture_blob_alph__xdcDup__4
case__627: case__135
logic__1074: logic__1074
logic__497: logic__497
logic__1770: logic__434
logic__651: logic__651
datapath__483: datapath__202
reg__143: reg__143
datapath__561: datapath__208
case__67: case__67
datapath__444: datapath__199
case__25: case__25
sine_generator__parameterized51: sine_generator__parameterized51
logic__1460: logic__1460
reg__138: reg__138
case__264: case__264
sine_generator__parameterized58: sine_generator__parameterized58
volume_control: volume_control
datapath__269: datapath__14
sine_lut__7: sine_lut
logic__1711: logic__445
case__256: case__256
case__188: case__188
datapath__110: datapath__110
reg__216: reg__216
logic__222: logic__222
case__197: case__197
case__582: case__138
datapath__527: datapath__200
datapath__130: datapath__130
case__232: case__232
case__649: case__137
logic__579: logic__579
datapath__422: datapath__207
reg__111: reg__111
datapath__145: datapath__145
counter__36: counter__36
logic__403: logic__403
logic__1832: logic__444
datapath__90: datapath__90
datapath__597: datapath__200
datapath__382: datapath__205
logic__1699: logic__445
reg__79: reg__79
reg__247: reg__247
reg__164: reg__164
logic__1654: logic__442
datapath__293: datapath__196
reg__144: reg__144
case__44: case__44
datapath__475: datapath__196
datapath__284: datapath__205
logic__242: logic__242
datapath__187: datapath__187
logic__690: logic__690
logic__482: logic__482
logic__969: logic__969
logic__491: logic__491
alph_map_red_rom__15: alph_map_red_rom
sine_lut__1: sine_lut
reg__3: reg__3
logic__933: logic__933
muxpart__176: muxpart__31
case__521: case__521
case__568: case__134
datapath__697: datapath__198
case__423: case__423
picture_blob_alph__xdcDup__7: picture_blob_alph__xdcDup__7
reg__18: reg__18
logic__1854: logic__434
datapath__619: datapath__206
datapath__676: datapath__205
datapath__508: datapath__205
case__211: case__211
case__391: case__391
logic__1789: logic__439
logic__674: logic__674
reg__297: reg__297
datapath__460: datapath__197
logic__1685: logic__435
reg__295: reg__295
dsp48e1__46: dsp48e1__46
logic__1667: logic__441
logic__1603: logic__445
datapath__280: datapath__9
reg__332: reg__332
logic__1021: logic__1021
muxpart__37: muxpart__37
case__412: case__412
logic__371: logic__371
logic__709: logic__709
datapath__443: datapath__200
muxpart__174: muxpart__31
logic__1817: logic__435
counter__80: counter__80
logic__390: logic__390
datapath__539: datapath__202
logic__493: logic__493
case__181: case__181
logic__1616: logic__444
logic__1743: logic__437
case__389: case__389
logic__78: logic__78
datapath__502: datapath__197
case__713: case__8
logic__973: logic__973
logic__463: logic__463
logic__1673: logic__435
case__54: case__54
reg__7: reg__7
reg__48: reg__48
alph_map_red_rom__23: alph_map_red_rom
datapath__156: datapath__156
datapath__427: datapath__202
logic__1719: logic__437
case__485: case__485
datapath__372: datapath__201
logic__329: logic__329
reg__255: reg__255
datapath__485: datapath__200
datapath__15: datapath__15
datapath__276: datapath__13
logic__514: logic__514
logic__412: logic__412
extrom__12: extrom
logic__1562: logic__438
logic__1658: logic__438
logic__1515: logic__437
logic__1486: logic__442
datapath__649: datapath__204
datapath__473: datapath__198
picture_blob_digit__xdcDup__2: picture_blob_digit__xdcDup__2
logic__1025: logic__1025
sine_lut__45: sine_lut
logic__538: logic__538
logic__46: logic__46
counter__14: counter__14
logic__609: logic__609
logic__1549: logic__439
datapath__645: datapath__208
sine_generator__parameterized36: sine_generator__parameterized36
reg__30: reg__30
case__405: case__405
counter__30: counter__30
logic__1442: logic__1442
logic__545: logic__545
case__388: case__388
case__500: case__500
logic__1752: logic__440
reg__118: reg__118
reg__276: reg__276
case__558: case__138
counter__39: counter__39
datapath__328: datapath__203
datapath__565: datapath__204
reg__157: reg__157
logic__1753: logic__439
logic__465: logic__465
reg__215: reg__215
sine_lut__55: sine_lut
case__165: case__165
datapath__589: datapath__208
logic__441: logic__441
case__134: case__134
note_generator: note_generator
logic__1680: logic__440
logic__730: logic__730
logic__684: logic__684
logic__1625: logic__435
alph_image_rom__18: alph_image_rom
FPGuitAr_Hero__GB2: FPGuitAr_Hero__GB2
logic__1828: logic__436
extrom__10: extrom
case__700: case__134
logic__594: logic__594
datapath__484: datapath__201
logic__1838: logic__438
datapath__208: datapath__208
datapath__170: datapath__170
datapath__547: datapath__208
picture_blob_digit__xdcDup__1: picture_blob_digit__xdcDup__1
reg__85: reg__85
logic__359: logic__359
logic__1650: logic__434
reg__327: reg__327
case__529: case__137
logic__700: logic__700
logic__1631: logic__441
logic__1771: logic__445
logic__1508: logic__444
logic__1653: logic__443
logic__601: logic__601
counter__57: counter__57
logic__766: logic__766
case__685: case__137
logic__349: logic__349
logic__644: logic__644
datapath__267: datapath__10
note_blob__31: note_blob
case__48: case__48
logic__1749: logic__443
reg__236: reg__236
case__509: case__509
muxpart__204: muxpart__10
datapath__246: datapath__246
signinv: signinv
case__596: case__136
logic__1581: logic__443
case__624: case__138
logic__1542: logic__434
counter__105: counter__105
logic__142: logic__142
counter__86: counter__86
case__430: case__430
logic__351: logic__351
logic__1578: logic__434
datapath__336: datapath__195
logic__1041: logic__1041
logic__414: logic__414
case__387: case__387
sine_lut__5: sine_lut
datapath__21: datapath__21
datapath__147: datapath__147
datapath__480: datapath__205
datapath__341: datapath__204
reg__97: reg__97
reg__307: reg__307
datapath__298: datapath__205
logic__385: logic__385
logic__1492: logic__436
extrom__5: extrom
logic__102: logic__102
sine_lut__22: sine_lut
logic__355: logic__355
case__589: case__137
datapath__381: datapath__206
case__542: case__136
logic__18: logic__18
case__140: case__140
counter__96: counter__96
logic__621: logic__621
case__183: case__183
case__180: case__180
muxpart__43: muxpart__43
sine_generator__parameterized29: sine_generator__parameterized29
reg__23: reg__23
datapath__482: datapath__203
rom: rom
datapath__530: datapath__197
reg__329: reg__329
logic__571: logic__571
extrom__7: extrom
case__35: case__35
case__697: case__137
datapath__310: datapath__207
logic__1801: logic__439
case__694: case__134
logic__1732: logic__436
reg__239: reg__239
reg__53: reg__53
logic__751: logic__751
reg__67: reg__67
datapath__628: datapath__197
muxpart__202: muxpart__31
datapath__228: datapath__228
reg__283: reg__283
logic__1530: logic__434
datapath__581: datapath__202
logic__1619: logic__441
datapath__239: datapath__239
case__555: case__135
logic__1563: logic__437
sine_generator__parameterized49: sine_generator__parameterized49
datapath__157: datapath__157
datapath__204: datapath__204
logic__1612: logic__436
datapath__30: datapath__30
logic__1778: logic__438
logic__556: logic__556
counter__40: counter__40
logic__1504: logic__436
datapath__74: datapath__74
sine_lut__38: sine_lut
case__609: case__135
logic__435: logic__435
alph_image_rom__21: alph_image_rom
case__709: case__137
datapath__236: datapath__236
datapath__693: datapath__202
logic__1079: logic__1079
logic__106: logic__106
reg__242: reg__242
reg__107: reg__107
extrom__36: extrom
reg__42: reg__42
extrom__45: extrom
reg__9: reg__9
logic__506: logic__506
extrom__25: extrom
case__629: case__139
datapath__250: datapath__250
datapath__49: datapath__49
sine_generator__parameterized56: sine_generator__parameterized56
reg__196: reg__196
datapath__472: datapath__199
muxpart__205: muxpart__9
logic__342: logic__342
reg__315: reg__315
logic__375: logic__375
logic__1740: logic__440
datapath__270: datapath__13
datapath__53: datapath__53
logic__1080: logic__1080
case__8: case__8
logic__981: logic__981
counter__108: counter__3
datapath__139: datapath__139
logic__1846: logic__442
reg__257: reg__257
case__499: case__499
logic__1481: logic__267
case__274: case__274
case__607: case__137
reg__114: reg__114
datapath__113: datapath__113
logic__1568: logic__444
reg__78: reg__78
reg__217: reg__217
case__493: case__493
datapath__453: datapath__204
logic__1739: logic__441
reg__290: reg__290
datapath__72: datapath__72
logic__541: logic__541
logic__259: logic__259
datapath__513: datapath__200
alph_map_red_rom__13: alph_map_red_rom
case__658: case__134
reg__211: reg__211
datapath__535: datapath__206
sine_generator__parameterized39: sine_generator__parameterized39
reg__89: reg__89
datapath__467: datapath__204
logic__1482: logic__266
picture_blob_alph__xdcDup__12: picture_blob_alph__xdcDup__12
logic__202: logic__202
datapath__168: datapath__168
reg__178: reg__178
logic__345: logic__345
datapath__574: datapath__195
reg__136: reg__136
datapath__71: datapath__71
logic__508: logic__508
case__457: case__457
logic__1780: logic__436
counter__53: counter__53
datapath__105: datapath__105
logic__1737: logic__443
case__402: case__402
case__174: case__174
logic__26: logic__26
datapath__507: datapath__206
logic__977: logic__977
logic__909: logic__909
case__522: case__522
reg__293: reg__293
logic__273: logic__273
picture_blob_alph__xdcDup__11: picture_blob_alph__xdcDup__11
datapath__424: datapath__205
sine_generator__parameterized23: sine_generator__parameterized23
logic__1781: logic__435
extrom: extrom
logic__733: logic__733
logic__370: logic__370
reg__58: reg__58
logic__773: logic__773
reg__193: reg__193
datapath__318: datapath__199
logic__1001: logic__1001
case__382: case__382
datapath__39: datapath__39
logic__1534: logic__442
logic__641: logic__641
case__489: case__489
case__145: case__145
case__498: case__498
datapath__197: datapath__197
note_blob__20: note_blob
datapath__319: datapath__198
logic__238: logic__238
logic__400: logic__400
case__7: case__7
logic__407: logic__407
reg__333: reg__10
logic__1445: logic__1445
datapath__454: datapath__203
datapath__698: datapath__197
case__447: case__447
logic__1728: logic__440
case__21: case__21
reg__180: reg__180
logic__666: logic__666
datapath__200: datapath__200
logic__1821: logic__443
counter__32: counter__32
logic__1552: logic__436
reg__33: reg__33
case__99: case__99
reg__265: reg__265
logic__1790: logic__438
extrom__40: extrom
datapath__478: datapath__207
case__26: case__26
case__711: case__135
case__385: case__385
case__203: case__203
logic__1746: logic__434
reg__248: reg__248
dsp48e1__32: dsp48e1__32
muxpart__178: muxpart__31
datapath__196: datapath__196
datapath__546: datapath__195
reg__301: reg__301
logic__1604: logic__444
logic__1710: logic__434
datapath__314: datapath__203
case__381: case__381
datapath__343: datapath__202
logic__661: logic__661
logic__218: logic__218
datapath__169: datapath__169
logic__1595: logic__441
case__579: case__135
case__662: case__136
datapath__5: datapath__5
datapath__442: datapath__201
logic__723: logic__723
case__468: case__468
datapath__7: datapath__7
case__260: case__260
note_blob__19: note_blob
logic__166: logic__166
counter__9: counter__9
datapath__492: datapath__207
logic__1592: logic__444
case__92: case__92
case__622: case__134
reg__336: reg__9
case__209: case__209
logic__572: logic__572
logic__1764: logic__440
logic__410: logic__410
logic__434: logic__434
logic__1514: logic__438
case__681: case__135
datapath__390: datapath__197
datapath__32: datapath__32
case__703: case__137
datapath__523: datapath__204
logic__1840: logic__436
case__537: case__135
logic__1607: logic__441
datapath__470: datapath__201
datapath__374: datapath__199
case__533: case__139
logic__1520: logic__444
muxpart__200: muxpart__31
reg__187: reg__187
datapath__240: datapath__240
logic__1735: logic__445
datapath__41: datapath__41
case__686: case__136
datapath__80: datapath__80
logic__1708: logic__436
logic__411: logic__411
case__701: case__139
logic__1628: logic__444
case__193: case__193
datapath__243: datapath__243
case__212: case__212
datapath__296: datapath__207
reg__331: reg__331
case__401: case__401
logic__230: logic__230
reg__105: reg__105
logic__1509: logic__443
reg__233: reg__233
datapath__584: datapath__199
logic__1690: logic__442
reg__314: reg__314
datapath__391: datapath__196
datapath__181: datapath__181
logic__1755: logic__437
logic__779: logic__779
logic__1541: logic__435
logic__396: logic__396
dsp48e1__2: dsp48e1__2
logic__668: logic__668
reg__198: reg__198
reg__319: reg__319
datapath__193: datapath__193
datapath__164: datapath__164
logic__1762: logic__442
logic__585: logic__585
logic__1671: logic__437
case__608: case__136
logic__206: logic__206
case__638: case__136
case__226: case__226
image_rom__6: image_rom
logic__1849: logic__439
logic__746: logic__746
datapath__325: datapath__206
datapath__479: datapath__206
logic__1786: logic__442
logic__174: logic__174
reg__153: reg__153
datapath__509: datapath__204
datapath__452: datapath__205
reg__12: reg__12
logic__1688: logic__444
datapath__183: datapath__183
datapath__104: datapath__104
datapath__26: datapath__26
reg__49: reg__49
datapath__585: datapath__198
datapath__202: datapath__202
logic__1494: logic__434
logic__917: logic__917
case__393: case__393
datapath__244: datapath__244
case__664: case__134
logic__1826: logic__438
datapath__652: datapath__201
logic__367: logic__367
sine_lut__44: sine_lut
datapath__137: datapath__137
extrom__56: extrom
sine_generator__parameterized4: sine_generator__parameterized4
case__659: case__139
case__18: case__18
logic__1057: logic__1057
sine_generator__parameterized1: sine_generator__parameterized1
logic__1779: logic__437
case__376: case__376
datapath__279: datapath__10
logic__885: logic__885
logic__1640: logic__444
reg__108: reg__108
datapath__681: datapath__200
reg__1: reg__1
case__128: case__128
datapath__126: datapath__126
case__679: case__137
logic__150: logic__150
logic__254: logic__254
case__644: case__136
datapath__161: datapath__161
logic__292: logic__292
logic__1455: logic__1455
logic__492: logic__492
logic__739: logic__739
datapath__592: datapath__205
case__556: case__134
counter__20: counter__20
datapath__217: datapath__217
logic__740: logic__740
reg__155: reg__155
logic__1716: logic__440
logic__699: logic__699
logic__610: logic__610
picture_blob_alph__xdcDup__1: picture_blob_alph__xdcDup__1
case__230: case__230
datapath__378: datapath__195
case__272: case__272
sine_generator__parameterized55: sine_generator__parameterized55
reg__311: reg__311
sine_generator__parameterized25: sine_generator__parameterized25
reg__201: reg__201
extrom__55: extrom
sine_lut__16: sine_lut
case__127: case__127
case__160: case__160
datapath__14: datapath__14
datapath__33: datapath__33
counter__12: counter__12
logic__1815: logic__437
case__270: case__270
datapath__99: datapath__99
datapath__179: datapath__179
logic__1767: logic__437
dsp48e1__9: dsp48e1__9
logic__416: logic__416
datapath__498: datapath__201
logic__274: logic__274
logic__1819: logic__445
logic__266: logic__266
logic__1488: logic__440
datapath__305: datapath__198
image_rom__4: image_rom
logic__1834: logic__442
case__214: case__214
logic__74: logic__74
logic__1715: logic__441
case__6: case__6
muxpart__206: muxpart__10
logic__1742: logic__438
logic__650: logic__650
datapath__701: datapath__208
logic__1751: logic__441
logic__62: logic__62
logic__364: logic__364
reg__184: reg__184
case__53: case__53
datapath__86: datapath__86
case__159: case__159
logic__849: logic__849
datapath__393: datapath__208
datapath__214: datapath__214
sine_lut__10: sine_lut
datapath__462: datapath__195
datapath__177: datapath__177
datapath__141: datapath__141
reg__43: reg__43
logic__260: logic__260
case__668: case__136
case__141: case__141
case__228: case__228
datapath__699: datapath__196
alph_map_red_rom__22: alph_map_red_rom
case__564: case__138
logic__1722: logic__434
case__119: case__119
datapath__713: datapath__196
reg__55: reg__55
logic__1075: logic__1075
datapath__135: datapath__135
logic__713: logic__713
reg__22: reg__22
datapath__352: datapath__207
counter__102: counter__102
datapath__117: datapath__117
reg__50: reg__50
case__422: case__422
datapath__335: datapath__196
counter__21: counter__21
dsp48e1__17: dsp48e1__17
logic__589: logic__589
datapath__87: datapath__87
datapath__425: datapath__204
case__194: case__194
logic__1556: logic__444
logic__1600: logic__436
datapath__578: datapath__205
case__652: case__134
reg__61: reg__61
logic__1774: logic__442
case__242: case__242
note_blob__29: note_blob
dsp48e1__38: dsp48e1__38
logic__1697: logic__435
reg__316: reg__316
datapath__230: datapath__230
case__33: case__33
datapath__16: datapath__16
case__502: case__502
datapath__376: datapath__197
datapath__579: datapath__204
datapath__620: datapath__205
note_blob__3: note_blob
datapath__647: datapath__206
note_blob__11: note_blob
extrom__8: extrom
note_blob__16: note_blob
case__510: case__510
logic__815: logic__815
case__452: case__452
muxpart__35: muxpart__35
logic__941: logic__941
case__613: case__137
case__704: case__136
logic__380: logic__380
logic__546: logic__546
logic__1500: logic__440
logic__1720: logic__436
reg__8: reg__8
case__375: case__375
logic__1528: logic__436
counter__15: counter__15
datapath__557: datapath__198
datapath__548: datapath__207
logic__289: logic__289
case: case
case__503: case__503
datapath__97: datapath__97
extrom__17: extrom
muxpart__203: muxpart__31
case__377: case__377
datapath__23: datapath__23
logic__1813: logic__439
logic__409: logic__409
logic__1807: logic__445
logic__1842: logic__434
logic__234: logic__234
logic__1537: logic__439
logic__401: logic__401
muxpart__201: muxpart__31
counter__4: counter__4
logic__1547: logic__441
logic__1808: logic__444
sine_lut__2: sine_lut
case__538: case__134
logic__333: logic__333
reg__2: reg__2
logic__665: logic__665
logic__1512: logic__440
reg__199: reg__199
logic__1754: logic__438
datapath__600: datapath__197
datapath__486: datapath__199
datapath__300: datapath__203
datapath__629: datapath__196
datapath__577: datapath__206
datapath__677: datapath__204
datapath__632: datapath__207
sine_lut__42: sine_lut
datapath__542: datapath__199
datapath__580: datapath__203
reg__270: reg__270
logic__1738: logic__442
logic__327: logic__327
logic__1615: logic__445
reg__177: reg__177
case__107: case__107
logic__182: logic__182
logic__178: logic__178
case__552: case__138
logic__1853: logic__435
logic__372: logic__372
note_blob__28: note_blob
logic__586: logic__586
datapath__437: datapath__206
datapath__68: datapath__68
logic__1029: logic__1029
datapath__435: datapath__208
case__561: case__135
extrom__4: extrom
datapath__555: datapath__200
case__654: case__138
logic__186: logic__186
logic__673: logic__673
reg__189: reg__189
datapath__433: datapath__196
datapath__562: datapath__207
datapath__674: datapath__207
datapath__380: datapath__207
case__554: case__136
datapath__441: datapath__202
logic__1454: logic__1454
datapath__340: datapath__205
datapath__463: datapath__208
sine_lut__40: sine_lut
datapath__586: datapath__197
sine_lut__3: sine_lut
datapath__258: datapath__13
reg__172: reg__172
logic__1693: logic__439
datapath__365: datapath__208
case__88: case__88
alph_image_rom__23: alph_image_rom
alph_map_red_rom: alph_map_red_rom
datapath__151: datapath__151
counter__104: counter__104
case__227: case__227
case__419: case__419
case__245: case__245
datapath__198: datapath__198
logic__1701: logic__443
muxpart__182: muxpart__31
logic__268: logic__268
reg__246: reg__246
datapath__583: datapath__200
logic__1502: logic__438
sine_generator__parameterized26: sine_generator__parameterized26
case__51: case__51
logic__408: logic__408
case__17: case__17
reg__41: reg__41
logic__1776: logic__440
logic__392: logic__392
sine_generator__parameterized31: sine_generator__parameterized31
logic__383: logic__383
datapath__44: datapath__44
sine_generator__parameterized47: sine_generator__parameterized47
logic__1811: logic__441
case__135: case__135
logic__210: logic__210
logic__1652: logic__444
muxpart__181: muxpart__31
reg__140: reg__140
datapath__252: datapath__252
case__657: case__135
dsp48e1__23: dsp48e1__23
case__665: case__139
datapath__136: datapath__136
datapath__116: datapath__116
case__132: case__132
logic__989: logic__989
datapath__144: datapath__144
logic__612: logic__612
datapath__45: datapath__45
datapath__18: datapath__18
datapath__688: datapath__207
reg__272: reg__272
datapath__689: datapath__206
case__1: case__1
case__628: case__134
logic__1676: logic__444
reg__86: reg__86
reg__243: reg__243
case__483: case__483
logic__500: logic__500
extrom__9: extrom
counter__23: counter__23
counter__18: counter__18
sine_lut__24: sine_lut
logic__1795: logic__445
counter__56: counter__56
datapath__17: datapath__17
datapath__342: datapath__203
datapath__153: datapath__153
logic__1641: logic__443
counter__76: counter__76
case__633: case__135
reg__221: reg__221
logic__643: logic__643
logic__1559: logic__441
logic__701: logic__701
logic__1574: logic__438
reg__317: reg__317
logic__800: logic__800
case__199: case__199
muxpart__199: muxpart__31
sine_generator__parameterized5: sine_generator__parameterized5
counter__1: counter__1
case__142: case__142
blob: blob
reg__16: reg__16
datapath__191: datapath__191
datapath__529: datapath__198
sine_generator: sine_generator
logic__1630: logic__442
datapath__201: datapath__201
sine_generator__parameterized41: sine_generator__parameterized41
datapath__120: datapath__120
datapath__679: datapath__202
case__198: case__198
datapath__375: datapath__198
reg__54: reg__54
case__689: case__139
logic__1816: logic__436
datapath__716: datapath__2
case__218: case__218
datapath__630: datapath__195
sine_lut__50: sine_lut
case__604: case__134
logic__913: logic__913
muxpart__196: muxpart__31
logic__635: logic__635
reg__225: reg__225
datapath__283: datapath__206
logic__1714: logic__442
logic__1483: logic__445
logic__689: logic__689
reg__213: reg__213
counter__54: counter__54
logic__337: logic__337
reg__119: reg__119
datapath__625: datapath__200
logic__1661: logic__435
muxpart__194: muxpart__31
logic__1765: logic__439
datapath__143: datapath__143
logic__829: logic__829
counter__46: counter__46
sine_generator__parameterized45: sine_generator__parameterized45
case__105: case__105
case__671: case__139
datapath__405: datapath__196
reg__204: reg__204
case__143: case__143
datapath__451: datapath__206
datapath__690: datapath__205
logic__1637: logic__435
extrom__58: extrom
datapath__67: datapath__67
logic__1554: logic__434
case__246: case__246
case__605: case__139
reg__64: reg__64
counter__81: counter__81
picture_blob_alph__xdcDup__10: picture_blob_alph__xdcDup__10
picture_blob_alph__xdcDup__6: picture_blob_alph__xdcDup__6
datapath__519: datapath__208
sine_lut__53: sine_lut
logic__1611: logic__437
datapath__621: datapath__204
case__148: case__148
extrom__43: extrom
datapath__297: datapath__206
sine_lut__32: sine_lut
extrom__50: extrom
logic__22: logic__22
datapath__641: datapath__198
logic__38: logic__38
datapath__403: datapath__198
logic__1659: logic__437
datapath__28: datapath__28
logic__791: logic__791
logic__893: logic__893
reg__156: reg__156
datapath__46: datapath__46
counter__58: counter__58
note_blob__26: note_blob
logic__1472: logic__267
logic__402: logic__402
case__215: case__215
logic__937: logic__937
datapath__344: datapath__201
datapath__499: datapath__200
case__123: case__123
datapath__457: datapath__200
datapath__624: datapath__201
reg__24: reg__24
case__673: case__137
reg__159: reg__159
datapath__210: datapath__210
reg__166: reg__166
datapath__292: datapath__197
logic__1496: logic__444
datapath__416: datapath__199
dsp48e1__50: dsp48e1__50
case__206: case__206
datapath__450: datapath__207
logic__1712: logic__444
case__263: case__263
sine_generator__parameterized19: sine_generator__parameterized19
logic__398: logic__398
logic__522: logic__522
logic__1: logic__1
datapath__326: datapath__205
datapath__471: datapath__200
sine_generator__parameterized50: sine_generator__parameterized50
logic__1785: logic__443
dsp48e1__34: dsp48e1__34
datapath__521: datapath__206
datapath__29: datapath__29
case__617: case__139
reg__93: reg__93
case__257: case__257
reg__94: reg__94
datapath__346: datapath__199
datapath__552: datapath__203
datapath__345: datapath__200
case__486: case__486
counter__94: counter__94
datapath__213: datapath__213
logic__454: logic__454
datapath__347: datapath__198
datapath__491: datapath__208
counter__16: counter__16
datapath__330: datapath__201
logic__1647: logic__437
datapath__665: datapath__202
case__49: case__49
datapath__682: datapath__199
logic__1682: logic__438
sine_lut__12: sine_lut
logic__158: logic__158
extrom__13: extrom
case__394: case__394
reg__256: reg__256
datapath__94: datapath__94
logic__98: logic__98
reg__289: reg__289
logic__1564: logic__436
extrom__2: extrom
sine_generator__parameterized3: sine_generator__parameterized3
datapath__8: datapath__8
logic__1450: logic__1450
logic__1730: logic__438
counter__90: counter__90
datapath__540: datapath__201
logic__1440: logic__1440
logic__363: logic__363
note_blob__6: note_blob
logic__1670: logic__438
counter__22: counter__22
logic__1589: logic__435
pwm: pwm
datapath__66: datapath__66
case__205: case__205
datapath__533: datapath__208
case__497: case__497
datapath__603: datapath__208
case__170: case__170
datapath__686: datapath__195
datapath__106: datapath__106
logic__1655: logic__441
logic__1501: logic__439
datapath__708: datapath__201
sine_lut__25: sine_lut
logic__14: logic__14
logic__1683: logic__437
logic__426: logic__426
case__239: case__239
sine_generator__parameterized52: sine_generator__parameterized52
datapath__122: datapath__122
datapath__351: datapath__208
reg__275: reg__275
logic__326: logic__326
sine_generator__parameterized20: sine_generator__parameterized20
logic__1787: logic__441
logic__1702: logic__442
logic__653: logic__653
counter__99: counter__99
case__247: case__247
datapath__62: datapath__62
case__427: case__427
reg__137: reg__137
logic__1069: logic__1069
logic__1638: logic__434
logic__462: logic__462
logic__1718: logic__438
muxpart__11: muxpart__11
case__637: case__137
case__191: case__191
muxpart__24: muxpart__24
logic__377: logic__377
case__154: case__154
dsp48e1__40: dsp48e1__40
datapath__606: datapath__205
counter__55: counter__55
datapath__524: datapath__203
counter__67: counter__67
case__647: case__139
logic__667: logic__667
case__233: case__233
logic__929: logic__929
case__56: case__56
case__20: case__20
datapath__558: datapath__197
logic__1689: logic__443
logic__455: logic__455
datapath__517: datapath__196
logic__1727: logic__441
datapath__174: datapath__174
datapath__658: datapath__195
extrom__26: extrom
logic__1725: logic__443
datapath__70: datapath__70
case__544: case__134
datapath__594: datapath__203
logic__569: logic__569
logic__741: logic__741
reg__44: reg__44
reg__292: reg__292
logic__1656: logic__440
case__428: case__428
datapath__231: datapath__231
note_blob__15: note_blob
datapath__653: datapath__200
logic__198: logic__198
datapath__392: datapath__195
datapath__192: datapath__192
reg__202: reg__202
reg__15: reg__15
logic__716: logic__716
datapath__222: datapath__222
datapath__490: datapath__195
logic__816: logic__816
datapath__173: datapath__173
logic__1617: logic__443
logic__1823: logic__441
datapath__220: datapath__220
logic__1579: logic__445
datapath__710: datapath__199
datapath__265: datapath__12
case__687: case__135
counter__97: counter__97
logic__1497: logic__443
logic__1443: logic__1443
logic__1831: logic__445
muxpart__10: muxpart__10
counter__107: counter__3
logic__361: logic__361
case__494: case__494
datapath__609: datapath__202
datapath__338: datapath__207
case__208: case__208
logic__549: logic__549
datapath__324: datapath__207
datapath__655: datapath__198
logic__605: logic__605
datapath__261: datapath__10
extrom__24: extrom
reg__267: reg__267
datapath__316: datapath__201
case__477: case__477
datapath__98: datapath__98
datapath__711: datapath__198
case__448: case__448
case__445: case__445
extrom__57: extrom
case__683: case__139
logic__1763: logic__441
extrom__28: extrom
case__421: case__421
datapath__43: datapath__43
logic__246: logic__246
reg__154: reg__154
datapath__415: datapath__200
datapath__669: datapath__198
logic__250: logic__250
logic__1809: logic__443
logic__1814: logic__438
datapath__65: datapath__65
datapath__634: datapath__205
logic__1523: logic__441
logic__1513: logic__439
case__656: case__136
reg__170: reg__170
case__506: case__506
case__138: case__138
reg__212: reg__212
case__545: case__139
extrom__44: extrom
logic__1662: logic__434
logic__1836: logic__440
reg__37: reg__37
logic__286: logic__286
case__496: case__496
logic__1800: logic__440
datapath__81: datapath__81
reg__133: reg__133
picture_blob_alph__xdcDup__2: picture_blob_alph__xdcDup__2
case__248: case__248
reg__112: reg__112
case__196: case__196
case__28: case__28
logic__554: logic__554
reg__294: reg__294
reg__259: reg__259
datapath__599: datapath__198
logic__275: logic__275
case__93: case__93
datapath__456: datapath__201
logic__1506: logic__434
counter__72: counter__72
case__511: case__511
case__219: case__219
logic__1573: logic__439
logic__705: logic__705
datapath__651: datapath__202
logic__162: logic__162
logic__731: logic__731
case__237: case__237
datapath__675: datapath__206
datapath__516: datapath__197
extrom__21: extrom
logic__1577: logic__435
logic__42: logic__42
datapath__358: datapath__201
case__90: case__90
logic__1451: logic__1451
muxpart__177: muxpart__31
reg__192: reg__192
case__14: case__14
logic__378: logic__378
reg__320: reg__320
case__631: case__137
counter__65: counter__65
counter: counter
datapath__224: datapath__224
datapath__257: datapath__14
reg__10: reg__10
case__429: case__429
counter__28: counter__28
logic__1017: logic__1017
counter__26: counter__26
logic__1657: logic__439
note_blob__24: note_blob
case__190: case__190
case__185: case__185
logic__533: logic__533
logic__1045: logic__1045
logic__1675: logic__445
logic__1686: logic__434
logic__387: logic__387
reg__90: reg__90
reg__129: reg__129
datapath__207: datapath__207
reg__32: reg__32
datapath__685: datapath__196
picture_blob_digit__xdcDup__3: picture_blob_digit__xdcDup__3
sine_lut__19: sine_lut
case__131: case__131
logic__581: logic__581
logic__1475: logic__267
reg__57: reg__57
datapath__155: datapath__155
sine_generator__parameterized27: sine_generator__parameterized27
logic__595: logic__595
counter__24: counter__24
datapath__694: datapath__201
datapath__233: datapath__233
logic__1636: logic__436
datapath__329: datapath__202
case__12: case__12
muxpart__39: muxpart__39
reg__71: reg__71
case__532: case__134
case__414: case__414
datapath__401: datapath__200
case__455: case__455
note_blob__9: note_blob
logic__146: logic__146
muxpart__33: muxpart__33
datapath__333: datapath__198
datapath__604: datapath__207
extrom__30: extrom
datapath__118: datapath__118
case__186: case__186
datapath__413: datapath__202
case__30: case__30
debounce__2: debounce
datapath__448: datapath__195
case__456: case__456
logic__1602: logic__434
datapath__286: datapath__203
datapath__500: datapath__199
logic__1529: logic__435
case__714: case__7
reg__245: reg__245
alph_map_red_rom__17: alph_map_red_rom
datapath__494: datapath__205
counter__13: counter__13
case__672: case__138
datapath__91: datapath__91
case__488: case__488
muxpart__26: muxpart__26
logic__1664: logic__444
datapath__373: datapath__200
datapath__567: datapath__202
datapath__287: datapath__202
datapath__506: datapath__207
reg__69: reg__69
muxpart__36: muxpart__36
extrom__15: extrom
datapath__421: datapath__208
datapath__528: datapath__199
sine_lut__29: sine_lut
muxpart__195: muxpart__31
datapath__510: datapath__203
case__83: case__83
reg__223: reg__223
picture_blob_alph__xdcDup__5: picture_blob_alph__xdcDup__5
case__715: case__6
muxpart__5: muxpart__5
datapath__76: datapath__76
counter__83: counter__83
datapath__638: datapath__201
datapath__188: datapath__188
case__678: case__138
logic__877: logic__877
datapath__386: datapath__201
case__676: case__134
datapath__272: datapath__11
alph_image_rom: alph_image_rom
case__378: case__378
datapath__245: datapath__245
case__202: case__202
datapath__133: datapath__133
datapath__291: datapath__198
logic__1669: logic__439
dsp48e1__27: dsp48e1__27
logic__677: logic__677
case__451: case__451
counter__73: counter__73
datapath__54: datapath__54
logic__415: logic__415
datapath__114: datapath__114
picture_blob_alph__xdcDup__3: picture_blob_alph__xdcDup__3
case__261: case__261
datapath__431: datapath__198
case__677: case__139
datapath__570: datapath__199
datapath__663: datapath__204
muxpart__175: muxpart__31
case__531: case__135
reg__56: reg__56
logic__945: logic__945
logic__1772: logic__444
logic__1703: logic__441
logic__1773: logic__443
datapath__313: datapath__204
datapath__608: datapath__203
counter__71: counter__71
logic__1721: logic__435
logic__1845: logic__443
reg__326: reg__326
datapath__215: datapath__215
logic__841: logic__841
note_blob__12: note_blob
logic__1560: logic__440
reg__174: reg__174
logic__1009: logic__1009
case__168: case__168
case__438: case__438
counter__35: counter__35
logic__1575: logic__437
case__89: case__89
datapath__64: datapath__64
case__484: case__484
reg__218: reg__218
datapath__59: datapath__59
case__587: case__139
reg__287: reg__287
logic__1824: logic__440
case__253: case__253
datapath__514: datapath__199
logic__1471: logic__268
logic__391: logic__391
reg__235: reg__235
case__224: case__224
case__19: case__19
case__441: case__441
datapath__671: datapath__196
logic__346: logic__346
datapath__631: datapath__208
logic__555: logic__555
datapath__563: datapath__206
datapath__302: datapath__201
datapath__10: datapath__10
datapath__418: datapath__197
reg__21: reg__21
reg__277: reg__277
datapath__550: datapath__205
datapath__353: datapath__206
logic__2: logic__2
datapath__659: datapath__208
case__691: case__137
datapath__404: datapath__197
case__16: case__16
logic__1804: logic__436
logic__1851: logic__437
datapath__19: datapath__19
counter__41: counter__41
picture_blob_digit: picture_blob_digit
datapath: datapath
datapath__166: datapath__166
hex_to_decimal: hex_to_decimal
reg__273: reg__273
logic__358: logic__358
datapath__545: datapath__196
case__699: case__135
logic__837: logic__837
sine_lut__21: sine_lut
muxpart__173: muxpart__31
muxpart__179: muxpart__31
reg__66: reg__66
case__409: case__409
datapath__107: datapath__107
sine_lut__20: sine_lut
case__201: case__201
logic__170: logic__170
reg__13: reg__13
logic__1793: logic__435
case__31: case__31
case__566: case__136
logic__1660: logic__436
datapath__426: datapath__203
case__36: case__36
datapath__190: datapath__190
case__50: case__50
case__520: case__520
logic__649: logic__649
datapath__408: datapath__207
logic__3: logic__3
case__606: case__138
datapath__337: datapath__208
datapath__9: datapath__9
datapath__588: datapath__195
reg__99: reg__99
counter__101: counter__101
logic__406: logic__406
case__540: case__138
datapath__285: datapath__204
reg__299: reg__299
case__593: case__139
logic__802: logic__802
datapath__657: datapath__196
datapath__695: datapath__200
logic__1665: logic__443
logic__82: logic__82
reg__68: reg__68
sine_lut: sine_lut
datapath__684: datapath__197
datapath__194: datapath__194
logic__515: logic__515
reg__303: reg__303
sine_generator__parameterized6: sine_generator__parameterized6
counter__34: counter__34
datapath__541: datapath__200
logic__1584: logic__440
case__602: case__136
datapath__449: datapath__208
logic__865: logic__865
datapath__50: datapath__50
case__66: case__66
reg__130: reg__130
logic__1470: logic__1470
logic__1518: logic__434
logic__265: logic__265
datapath__162: datapath__162
case__675: case__135
dsp48e1__16: dsp48e1__16
dsp48e1__18: dsp48e1__18
datapath__27: datapath__27
reg__95: reg__95
case__636: case__138
datapath__544: datapath__197
sine_lut__59: sine_lut
case__560: case__136
reg__161: reg__161
case__550: case__134
case__546: case__138
datapath__165: datapath__165
datapath__429: datapath__200
logic__1499: logic__441
note_blob__25: note_blob
case__512: case__512
datapath__407: datapath__208
logic__725: logic__725
logic__724: logic__724
case__153: case__153
extrom__27: extrom
datapath__327: datapath__204
datapath__175: datapath__175
counter__49: counter__49
logic__676: logic__676
case__702: case__138
logic__356: logic__356
alph_image_rom__14: alph_image_rom
counter__66: counter__66
datapath__559: datapath__196
picture_blob_alph: picture_blob_alph
logic__1802: logic__438
logic__1837: logic__439
logic__1736: logic__444
reg__125: reg__125
reg__194: reg__194
extrom__22: extrom
sine_lut__47: sine_lut
case__645: case__135
case__144: case__144
reg__109: reg__109
logic__596: logic__596
case__719: case__6
logic__1848: logic__440
logic__1570: logic__442
datapath__512: datapath__201
case__252: case__252
datapath__468: datapath__203
logic__1536: logic__440
logic__1453: logic__1453
case__22: case__22
note_blob__10: note_blob
logic__1061: logic__1061
datapath__572: datapath__197
logic__1633: logic__439
datapath__278: datapath__11
datapath__119: datapath__119
reg__318: reg__318
case__572: case__136
logic__1477: logic__268
case__63: case__63
logic__997: logic__997
logic__1610: logic__438
dsp48e1__12: dsp48e1__12
counter__11: counter__11
logic__429: logic__429
reg__232: reg__232
reg__31: reg__31
counter__69: counter__69
case__416: case__416
logic__1487: logic__441
logic__1668: logic__440
reg__4: reg__4
datapath__199: datapath__199
datapath__264: datapath__13
case__70: case__70
datapath__614: datapath__197
case__663: case__135
counter__33: counter__33
logic__353: logic__353
datapath__311: datapath__206
case__443: case__443
case__173: case__173
datapath__439: datapath__204
datapath__115: datapath__115
case__563: case__139
note_blob__27: note_blob
logic__1489: logic__439
logic: logic
logic__1539: logic__437
case__152: case__152
case__693: case__135
datapath__430: datapath__199
dsp48e1: dsp48e1
case__583: case__137
case__718: case__7
logic__626: logic__626
sine_generator__parameterized2: sine_generator__parameterized2
datapath__637: datapath__202
reg__5: reg__5
reg__152: reg__152
sine_generator__parameterized30: sine_generator__parameterized30
beat_generator: beat_generator
reg__47: reg__47
datapath__518: datapath__195
case__24: case__24
sine_generator__parameterized40: sine_generator__parameterized40
play_notes: play_notes
case__27: case__27
case__137: case__137
datapath__37: datapath__37
logic__509: logic__509
logic__258: logic__258
case__420: case__420
datapath__481: datapath__204
counter__37: counter__37
image_rom_map__4: image_rom_map
reg__305: reg__305
reg__220: reg__220
logic__1013: logic__1013
logic__1053: logic__1053
audio_gen: audio_gen
datapath__387: datapath__200
datapath__438: datapath__205
case__669: case__135
datapath__320: datapath__197
logic__1744: logic__436
reg__261: reg__261
case__379: case__379
case__373: case__373
logic__1621: logic__439
muxpart__180: muxpart__31
datapath__322: datapath__195
logic__553: logic__553
counter__89: counter__89
logic__753: logic__753
datapath__282: datapath__207
reg__120: reg__120
datapath__455: datapath__202
sine_generator__parameterized57: sine_generator__parameterized57
dsp48e1__33: dsp48e1__33
logic__1444: logic__1444
dsp48e1__11: dsp48e1__11
datapath__84: datapath__84
counter__59: counter__59
alph_image_rom__16: alph_image_rom
extrom__32: extrom
dsp48e1__14: dsp48e1__14
reg__229: reg__229
sine_lut__28: sine_lut
datapath__78: datapath__78
datapath__38: datapath__38
dsp48e1__28: dsp48e1__28
sine_lut__15: sine_lut
logic__617: logic__617
logic__362: logic__362
datapath__406: datapath__195
datapath__573: datapath__196
case__57: case__57
logic__1798: logic__442
sine_lut__35: sine_lut
datapath__410: datapath__205
datapath__348: datapath__197
datapath__646: datapath__207
logic__1768: logic__436
reg__20: reg__20
sine_lut__49: sine_lut
reg__167: reg__167
logic__1580: logic__444
datapath__538: datapath__203
datapath__3: datapath__3
logic__1622: logic__438
datapath__159: datapath__159
reg__35: reg__35
logic__1535: logic__441
case__231: case__231
datapath__417: datapath__198
case__586: case__134
case__418: case__418
case__581: case__139
logic__457: logic__457
case__696: case__138
logic__433: logic__433
logic__957: logic__957
logic__593: logic__593
logic__114: logic__114
extrom__19: extrom
sine_lut__43: sine_lut
extrom__60: extrom
reg__288: reg__288
logic__1769: logic__435
note_positions: note_positions
logic__1479: logic__266
case__383: case__383
logic__577: logic__577
logic__1635: logic__437
logic__873: logic__873
datapath__25: datapath__25
logic__642: logic__642
reg__28: reg__28
case__650: case__136
case__594: case__138
datapath__476: datapath__195
datapath__294: datapath__195
datapath__226: datapath__226
logic__1704: logic__440
reg__92: reg__92
reg__75: reg__75
datapath__662: datapath__205
datapath__11: datapath__11
dsp48e1__31: dsp48e1__31
logic__283: logic__283
logic__625: logic__625
datapath__218: datapath__218
logic__1495: logic__445
case__415: case__415
reg__251: reg__251
counter__88: counter__88
case__571: case__137
case__434: case__434
datapath__515: datapath__198
dsp48e1__39: dsp48e1__39
logic__715: logic__715
case__41: case__41
logic__478: logic__478
reg__249: reg__249
logic__1825: logic__439
logic__440: logic__440
case__655: case__137
logic__1805: logic__435
datapath__185: datapath__185
extrom__49: extrom
muxpart__44: muxpart__44
logic__1632: logic__440
logic__1594: logic__442
datapath__667: datapath__200
case__717: case__8
datapath__553: datapath__202
case__115: case__115
logic__1818: logic__434
case__569: case__139
reg__240: reg__240
addsub: addsub
logic__1750: logic__442
logic__1480: logic__268
case__632: case__136
case__567: case__135
reg__325: reg__325
logic__1590: logic__434
logic__350: logic__350
logic__1613: logic__435
case__508: case__508
datapath__654: datapath__199
case__524: case__70
datapath__167: datapath__167
reg__148: reg__148
logic__1049: logic__1049
case__481: case__481
datapath__661: datapath__206
datapath__610: datapath__201
reg__87: reg__87
reg__72: reg__72
logic__447: logic__447
datapath__707: datapath__202
muxpart__185: muxpart__31
logic__1532: logic__444
reg__70: reg__70
muxpart__31: muxpart__31
datapath__112: datapath__112
logic__94: logic__94
logic__627: logic__627
logic__1852: logic__436
extrom__29: extrom
reg__169: reg__169
datapath__232: datapath__232
logic__1005: logic__1005
datapath__140: datapath__140
case__151: case__151
datapath__702: datapath__207
counter__78: counter__78
datapath__178: datapath__178
logic__1476: logic__266
logic__659: logic__659
image_rom: image_rom
extrom__38: extrom
logic__1784: logic__444
reg__208: reg__208
case__640: case__134
logic__1850: logic__438
dsp48e1__42: dsp48e1__42
logic__1626: logic__434
logic__517: logic__517
dsp48e1__3: dsp48e1__3
dsp48e1__1: dsp48e1__1
reg__207: reg__207
logic__525: logic__525
dsp48e1__49: dsp48e1__49
reg__80: reg__80
logic__1524: logic__440
logic__564: logic__564
logic__379: logic__379
logic__531: logic__531
logic__34: logic__34
case__46: case__46
datapath__55: datapath__55
logic__845: logic__845
logic__1646: logic__438
case__597: case__135
datapath__409: datapath__206
sine_lut__13: sine_lut
muxpart__40: muxpart__40
extrom__42: extrom
datapath__359: datapath__200
reg__117: reg__117
logic__1679: logic__441
datapath__209: datapath__209
case__634: case__134
case__150: case__150
datapath__591: datapath__206
logic__1076: logic__1076
datapath__82: datapath__82
datapath__56: datapath__56
datapath__664: datapath__203
note_blob__1: note_blob
sine_lut__6: sine_lut
logic__1783: logic__445
logic__750: logic__750
logic__1700: logic__444
reg__313: reg__313
logic__388: logic__388
logic__961: logic__961
case__223: case__223
logic__1527: logic__437
clk_wiz_65__GC0: clk_wiz_65__GC0
logic__456: logic__456
datapath__357: datapath__202
case__178: case__178
logic__1791: logic__437
datapath__613: datapath__198
datapath__691: datapath__204
case__705: case__135
sine_generator__parameterized46: sine_generator__parameterized46
case__125: case__125
case__407: case__407
case__23: case__23
datapath__487: datapath__198
counter__38: counter__38
reg__279: reg__279
dsp48e1__30: dsp48e1__30
case__692: case__136
logic__692: logic__692
case__2: case__2
extrom__6: extrom
logic__30: logic__30
logic__776: logic__776
datapath__334: datapath__197
case__471: case__471
logic__814: logic__814
case__204: case__204
datapath__288: datapath__201
datapath__673: datapath__208
sine_generator__parameterized44: sine_generator__parameterized44
datapath__317: datapath__200
case__163: case__163
datapath__268: datapath__9
logic__516: logic__516
case__42: case__42
datapath__152: datapath__152
datapath__172: datapath__172
counter__10: counter__10
datapath__636: datapath__203
datapath__260: datapath__11
counter__70: counter__70
logic__721: logic__721
logic__1663: logic__445
datapath__356: datapath__203
logic__276: logic__276
datapath__138: datapath__138
datapath__362: datapath__197
datapath__306: datapath__197
case__595: case__137
alph_image_rom__19: alph_image_rom
logic__708: logic__708
datapath__534: datapath__207
note_blob__14: note_blob
case__103: case__103
case__712: case__134
logic__439: logic__439
logic__1822: logic__442
case__374: case__374
datapath__331: datapath__200
case__539: case__139
counter__93: counter__93
case__653: case__139
case__548: case__136
logic__336: logic__336
reg__160: reg__160
extrom__59: extrom
case__580: case__134
logic__1777: logic__439
reg__244: reg__244
dsp48e1__47: dsp48e1__47
datapath__617: datapath__208
case__553: case__137
logic__425: logic__425
dsp48e1__36: dsp48e1__36
logic__1723: logic__445
datapath__363: datapath__196
case__642: case__138
logic__343: logic__343
dsp48e1__13: dsp48e1__13
case__525: case__70
reg__40: reg__40
reg__19: reg__19
counter__98: counter__98
case__403: case__403
logic__338: logic__338
logic__580: logic__580
reg__121: reg__121
reg__81: reg__81
datapath__556: datapath__199
case__182: case__182
image_rom_map__6: image_rom_map
counter__75: counter__75
counter__29: counter__29
logic__752: logic__752
logic__469: logic__469
datapath__315: datapath__202
reg__139: reg__139
logic__1691: logic__441
case__404: case__404
case__5: case__5
counter__77: counter__77
case__258: case__258
datapath__489: datapath__196
