Copyright 1986-2019 Xilinx, Inc. All Rights Reserved.
--------------------------------------------------------------------------------------
| Tool Version : Vivado v.2019.1.2 (lin64) Build 2615518 Fri Aug  9 15:53:29 MDT 2019
| Date         : Thu Dec  5 15:40:06 2019
| Host         : eecs-digital-207 running 64-bit Ubuntu 14.04.6 LTS
| Command      : report_control_sets -verbose -file labkit_control_sets_placed.rpt
| Design       : labkit
| Device       : xc7a100t
--------------------------------------------------------------------------------------

Control Set Information

Table of Contents
-----------------
1. Summary
2. Histogram
3. Flip-Flop Distribution
4. Detailed Control Set Information

1. Summary
----------

+----------------------------------------------------------+-------+
|                          Status                          | Count |
+----------------------------------------------------------+-------+
| Total control sets                                       |   184 |
|    Minimum number of control sets                        |   184 |
|    Addition due to synthesis replication                 |     0 |
|    Addition due to physical synthesis replication        |     0 |
| Unused register locations in slices containing registers |   503 |
+----------------------------------------------------------+-------+
* Control sets can be merged at opt_design using control_set_merge or merge_equivalent_drivers
** Run report_qor_suggestions for automated merging and remapping suggestions


2. Histogram
------------

+--------------------+-------+
|       Fanout       | Count |
+--------------------+-------+
| Total control sets |   184 |
| >= 0 to < 4        |     8 |
| >= 4 to < 6        |    18 |
| >= 6 to < 8        |     4 |
| >= 8 to < 10       |    67 |
| >= 10 to < 12      |    38 |
| >= 12 to < 14      |     2 |
| >= 14 to < 16      |    34 |
| >= 16              |    13 |
+--------------------+-------+
* Control sets can be remapped at either synth_design or opt_design


3. Flip-Flop Distribution
-------------------------

+--------------+-----------------------+------------------------+-----------------+--------------+
| Clock Enable | Synchronous Set/Reset | Asynchronous Set/Reset | Total Registers | Total Slices |
+--------------+-----------------------+------------------------+-----------------+--------------+
| No           | No                    | No                     |             135 |           64 |
| No           | No                    | Yes                    |               0 |            0 |
| No           | Yes                   | No                     |             742 |          285 |
| Yes          | No                    | No                     |             564 |          227 |
| Yes          | No                    | Yes                    |               0 |            0 |
| Yes          | Yes                   | No                     |            2456 |          695 |
+--------------+-----------------------+------------------------+-----------------+--------------+


4. Detailed Control Set Information
-----------------------------------

+-----------------------+--------------------------------------------------+--------------------------------------------------+------------------+----------------+
|      Clock Signal     |                   Enable Signal                  |                 Set/Reset Signal                 | Slice Load Count | Bel Load Count |
+-----------------------+--------------------------------------------------+--------------------------------------------------+------------------+----------------+
|  clkdivider/clk_65mhz | xvga1/hcount_out_reg[10]_rep_30[0]               |                                                  |                1 |              1 |
|  clkdivider/clk_65mhz | xvga1/hcount_out_reg[10]_rep_22[0]               |                                                  |                1 |              1 |
|  clkdivider/clk_65mhz | pg/hand1_counter[20]_i_2_n_0                     |                                                  |                1 |              1 |
|  clkdivider/clk_65mhz | pg/bpm                                           | pg/ly6[9]_i_1_n_0                                |                1 |              2 |
|  clkdivider/clk_65mhz | pg/reset_beat9_out                               | pg/ly6[9]_i_1_n_0                                |                1 |              2 |
|  clkdivider/clk_65mhz |                                                  | display/p_0_in__0[0]                             |                1 |              2 |
|  clkdivider/clk_65mhz |                                                  | display/strobe_out[2]_i_1_n_0                    |                1 |              3 |
|  clkdivider/clk_65mhz |                                                  | display/p_0_in__0[2]                             |                2 |              3 |
|  clkdivider/clk_65mhz | pg/num1000[3]_i_2_n_0                            | pg/num1000[3]_i_1_n_0                            |                1 |              4 |
|  clkdivider/clk_65mhz |                                                  | xvga1/hcount_out_reg[10]_rep_0                   |                2 |              4 |
|  clkdivider/clk_65mhz |                                                  | xvga1/hcount_out_reg[10]_rep_12                  |                2 |              4 |
|  clkdivider/clk_65mhz |                                                  | xvga1/hcount_out_reg[10]_rep_14                  |                2 |              4 |
|  clkdivider/clk_65mhz |                                                  | xvga1/hcount_out_reg[10]_rep_19                  |                3 |              4 |
|  clkdivider/clk_65mhz |                                                  | xvga1/hcount_out_reg[10]_rep_24                  |                2 |              4 |
|  clkdivider/clk_65mhz |                                                  | xvga1/hcount_out_reg[10]_rep_27                  |                1 |              4 |
|  clkdivider/clk_65mhz |                                                  | xvga1/hcount_out_reg[10]_rep_3                   |                1 |              4 |
|  clkdivider/clk_65mhz |                                                  | xvga1/hcount_out_reg[10]_rep_6                   |                1 |              4 |
|  clkdivider/clk_65mhz |                                                  | xvga1/hcount_out_reg[10]_rep_9                   |                2 |              4 |
|  clkdivider/clk_65mhz |                                                  | xvga1/hcount_out_reg[10]_rep__0_10               |                1 |              4 |
|  clkdivider/clk_65mhz |                                                  | xvga1/hcount_out_reg[10]_rep__0_13               |                2 |              4 |
|  clkdivider/clk_65mhz |                                                  | xvga1/hcount_out_reg[10]_rep__0_3                |                4 |              4 |
|  clkdivider/clk_65mhz |                                                  | xvga1/hcount_out_reg[10]_rep__0_7                |                1 |              4 |
|  clkdivider/clk_65mhz | pg/hd/di1000[3]_i_1_n_0                          |                                                  |                1 |              4 |
|  clkdivider/clk_65mhz | pg/hd/digit1000[3]_i_2_n_0                       | pg/hd/digit1000[3]_i_1_n_0                       |                1 |              4 |
|  clkdivider/clk_65mhz | pg/notegen/note_buffer                           | db1/reset                                        |                2 |              5 |
|  clkdivider/clk_65mhz | xvga1/E[0]                                       |                                                  |                2 |              5 |
|  clkdivider/clk_65mhz | pg/lx7                                           |                                                  |                2 |              6 |
|  clkdivider/clk_65mhz | pg/meter1/E[0]                                   | pg/hand1_x0                                      |                3 |              6 |
|  clkdivider/clk_65mhz | pg/l4[1]_i_1_n_0                                 |                                                  |                3 |              7 |
|  clkdivider/clk_65mhz | pg/meter1/song_reg[1]                            |                                                  |                6 |              7 |
|  clkdivider/clk_65mhz |                                                  | pg/audio1/myrec/d21[7]_i_1_n_0                   |                2 |              8 |
|  clkdivider/clk_65mhz |                                                  | pg/audio1/myrec/d18[7]_i_1_n_0                   |                2 |              8 |
|  clkdivider/clk_65mhz |                                                  | pg/audio1/myrec/d22[7]_i_1_n_0                   |                2 |              8 |
|  clkdivider/clk_65mhz |                                                  | pg/audio1/myrec/d23[7]_i_1_n_0                   |                4 |              8 |
|  clkdivider/clk_65mhz |                                                  | pg/audio1/myrec/d24[7]_i_1_n_0                   |                4 |              8 |
|  clkdivider/clk_65mhz |                                                  | pg/audio1/myrec/d25[7]_i_1_n_0                   |                3 |              8 |
|  clkdivider/clk_65mhz |                                                  | pg/audio1/myrec/d26[7]_i_1_n_0                   |                2 |              8 |
|  clkdivider/clk_65mhz |                                                  | pg/audio1/myrec/d27[7]_i_1_n_0                   |                4 |              8 |
|  clkdivider/clk_65mhz |                                                  | pg/audio1/myrec/d28[7]_i_1_n_0                   |                3 |              8 |
|  clkdivider/clk_65mhz |                                                  | pg/audio1/myrec/d2[7]_i_1_n_0                    |                3 |              8 |
|  clkdivider/clk_65mhz |                                                  | pg/audio1/myrec/d29[7]_i_1_n_0                   |                2 |              8 |
|  clkdivider/clk_65mhz |                                                  | pg/audio1/myrec/d9[7]_i_1_n_0                    |                3 |              8 |
|  clkdivider/clk_65mhz |                                                  | pg/audio1/myrec/d8[7]_i_1_n_0                    |                3 |              8 |
|  clkdivider/clk_65mhz |                                                  | pg/audio1/myrec/d7[7]_i_1_n_0                    |                4 |              8 |
|  clkdivider/clk_65mhz |                                                  | pg/audio1/myrec/d20[7]_i_1_n_0                   |                3 |              8 |
|  clkdivider/clk_65mhz |                                                  | pg/audio1/myrec/d1[7]_i_1_n_0                    |                3 |              8 |
|  clkdivider/clk_65mhz |                                                  | pg/audio1/myrec/d19[7]_i_1_n_0                   |                4 |              8 |
|  clkdivider/clk_65mhz |                                                  | pg/audio1/myrec/d30[7]_i_1_n_0                   |                1 |              8 |
|  clkdivider/clk_65mhz |                                                  | pg/audio1/myrec/d17[7]_i_1_n_0                   |                2 |              8 |
|  clkdivider/clk_65mhz |                                                  | pg/audio1/myrec/d16[7]_i_1_n_0                   |                3 |              8 |
|  clkdivider/clk_65mhz |                                                  | pg/audio1/myrec/d14[7]_i_1_n_0                   |                3 |              8 |
|  clkdivider/clk_65mhz |                                                  | pg/audio1/myrec/d13[7]_i_1_n_0                   |                2 |              8 |
|  clkdivider/clk_65mhz |                                                  | pg/audio1/myrec/d15[7]_i_1_n_0                   |                3 |              8 |
|  clkdivider/clk_65mhz |                                                  | pg/audio1/myrec/d12[7]_i_1_n_0                   |                4 |              8 |
|  clkdivider/clk_65mhz |                                                  | pg/audio1/myrec/d11[7]_i_1_n_0                   |                3 |              8 |
|  clkdivider/clk_65mhz |                                                  | pg/audio1/myrec/d0[7]_i_1_n_0                    |                1 |              8 |
|  clkdivider/clk_65mhz |                                                  | pg/audio1/myrec/d10[7]_i_1_n_0                   |                2 |              8 |
|  clkdivider/clk_65mhz | pg/d1000/digit_selector[10]_i_1_n_0              |                                                  |                2 |              8 |
|  clkdivider/clk_65mhz | pg/notegen/note_num                              |                                                  |                3 |              8 |
|  clkdivider/clk_65mhz |                                                  | pg/audio1/myrec/d39[7]_i_1_n_0                   |                4 |              8 |
|  clkdivider/clk_65mhz |                                                  | pg/audio1/myrec/d45[7]_i_1_n_0                   |                3 |              8 |
|  clkdivider/clk_65mhz |                                                  | pg/audio1/myrec/d44[7]_i_1_n_0                   |                4 |              8 |
|  clkdivider/clk_65mhz |                                                  | pg/audio1/myrec/d43[7]_i_1_n_0                   |                4 |              8 |
|  clkdivider/clk_65mhz |                                                  | pg/audio1/myrec/d42[7]_i_1_n_0                   |                3 |              8 |
|  clkdivider/clk_65mhz |                                                  | pg/audio1/myrec/d6[7]_i_1_n_0                    |                4 |              8 |
|  clkdivider/clk_65mhz |                                                  | pg/audio1/myrec/d41[7]_i_1_n_0                   |                5 |              8 |
|  clkdivider/clk_65mhz |                                                  | pg/audio1/myrec/d40[7]_i_1_n_0                   |                3 |              8 |
|  clkdivider/clk_65mhz |                                                  | pg/audio1/myrec/d3[7]_i_1_n_0                    |                3 |              8 |
|  clkdivider/clk_65mhz |                                                  | pg/audio1/myrec/d60[7]_i_1_n_0                   |                3 |              8 |
|  clkdivider/clk_65mhz |                                                  | pg/audio1/myrec/d38[7]_i_1_n_0                   |                4 |              8 |
|  clkdivider/clk_65mhz |                                                  | pg/audio1/myrec/d37[7]_i_1_n_0                   |                3 |              8 |
|  clkdivider/clk_65mhz |                                                  | pg/audio1/myrec/d36[7]_i_1_n_0                   |                4 |              8 |
|  clkdivider/clk_65mhz |                                                  | pg/audio1/myrec/d35[7]_i_1_n_0                   |                3 |              8 |
|  clkdivider/clk_65mhz |                                                  | pg/audio1/myrec/d34[7]_i_1_n_0                   |                4 |              8 |
|  clkdivider/clk_65mhz |                                                  | pg/audio1/myrec/d33[7]_i_1_n_0                   |                3 |              8 |
|  clkdivider/clk_65mhz |                                                  | pg/audio1/myrec/d32[7]_i_1_n_0                   |                5 |              8 |
|  clkdivider/clk_65mhz |                                                  | pg/audio1/myrec/d31[7]_i_1_n_0                   |                1 |              8 |
|  clkdivider/clk_65mhz |                                                  | pg/audio1/myrec/d47[7]_i_1_n_0                   |                3 |              8 |
|  clkdivider/clk_65mhz |                                                  | pg/audio1/myrec/d5[7]_i_1_n_0                    |                4 |              8 |
|  clkdivider/clk_65mhz |                                                  | pg/audio1/myrec/d59[7]_i_1_n_0                   |                2 |              8 |
|  clkdivider/clk_65mhz |                                                  | pg/audio1/myrec/d58[7]_i_1_n_0                   |                2 |              8 |
|  clkdivider/clk_65mhz |                                                  | pg/audio1/myrec/d57[7]_i_1_n_0                   |                2 |              8 |
|  clkdivider/clk_65mhz |                                                  | pg/audio1/myrec/d56[7]_i_1_n_0                   |                2 |              8 |
|  clkdivider/clk_65mhz |                                                  | pg/audio1/myrec/d55[7]_i_1_n_0                   |                2 |              8 |
|  clkdivider/clk_65mhz |                                                  | pg/audio1/myrec/d54[7]_i_1_n_0                   |                2 |              8 |
|  clkdivider/clk_65mhz |                                                  | pg/audio1/myrec/d53[7]_i_1_n_0                   |                2 |              8 |
|  clkdivider/clk_65mhz |                                                  | pg/audio1/myrec/d52[7]_i_1_n_0                   |                3 |              8 |
|  clkdivider/clk_65mhz |                                                  | pg/audio1/myrec/d46[7]_i_1_n_0                   |                4 |              8 |
|  clkdivider/clk_65mhz |                                                  | pg/audio1/myrec/d51[7]_i_1_n_0                   |                3 |              8 |
|  clkdivider/clk_65mhz |                                                  | pg/audio1/myrec/d50[7]_i_1_n_0                   |                5 |              8 |
|  clkdivider/clk_65mhz |                                                  | pg/audio1/myrec/d4[7]_i_1_n_0                    |                4 |              8 |
|  clkdivider/clk_65mhz |                                                  | pg/audio1/myrec/d49[7]_i_1_n_0                   |                2 |              8 |
|  clkdivider/clk_65mhz |                                                  | pg/audio1/myrec/d48[7]_i_1_n_0                   |                3 |              8 |
|  clkdivider/clk_65mhz | pg/meter1/song_reg[1]                            | pg/meter1/beat_reg[8]_1                          |                5 |              9 |
|  clkdivider/clk_65mhz | pg/old_beat                                      |                                                  |                4 |              9 |
|  clkdivider/clk_65mhz | pg/notegen/notepos/x_pos[9]_i_1_n_0              |                                                  |                3 |              9 |
|  clkdivider/clk_65mhz | pg/meter1/counter0_carry__1_n_3                  | pg/reset_beat_reg_n_0                            |                4 |              9 |
|  clkdivider/clk_65mhz | pg/notegen/y17                                   | db1/clean_out_reg_16[0]                          |                3 |             10 |
|  clkdivider/clk_65mhz | pg/notegen/y18                                   | db1/clean_out_reg_15[0]                          |                2 |             10 |
|  clkdivider/clk_65mhz | pg/notegen/y19                                   | db1/clean_out_reg_14[0]                          |                2 |             10 |
|  clkdivider/clk_65mhz | pg/notegen/y2                                    | db1/clean_out_reg_31[0]                          |                3 |             10 |
|  clkdivider/clk_65mhz | pg/notegen/y20                                   | db1/clean_out_reg_13[0]                          |                3 |             10 |
|  clkdivider/clk_65mhz | pg/notegen/y24                                   | db1/clean_out_reg_9[0]                           |                4 |             10 |
|  clkdivider/clk_65mhz | pg/notegen/y21                                   | db1/clean_out_reg_12[0]                          |                4 |             10 |
|  clkdivider/clk_65mhz | pg/notegen/y22                                   | db1/clean_out_reg_11[0]                          |                4 |             10 |
|  clkdivider/clk_65mhz | pg/notegen/y23                                   | db1/clean_out_reg_10[0]                          |                3 |             10 |
|  clkdivider/clk_65mhz | pg/notegen/y16                                   | db1/clean_out_reg_17[0]                          |                3 |             10 |
|  clkdivider/clk_65mhz | pg/notegen/y15                                   | db1/clean_out_reg_18[0]                          |                3 |             10 |
|  clkdivider/clk_65mhz | pg/notegen/y14                                   | db1/clean_out_reg_19[0]                          |                3 |             10 |
|  clkdivider/clk_65mhz | pg/notegen/y0                                    | db1/SS[0]                                        |                3 |             10 |
|  clkdivider/clk_65mhz | pg/notegen/y1                                    | db1/clean_out_reg_32[0]                          |                3 |             10 |
|  clkdivider/clk_65mhz | pg/notegen/y10                                   | db1/clean_out_reg_23[0]                          |                5 |             10 |
|  clkdivider/clk_65mhz | pg/notegen/y11                                   | db1/clean_out_reg_22[0]                          |                4 |             10 |
|  clkdivider/clk_65mhz | pg/notegen/y12                                   | db1/clean_out_reg_21[0]                          |                3 |             10 |
|  clkdivider/clk_65mhz | pg/notegen/y13                                   | db1/clean_out_reg_20[0]                          |                2 |             10 |
|  clkdivider/clk_65mhz | pg/notegen/y6                                    | db1/clean_out_reg_27[0]                          |                4 |             10 |
|  clkdivider/clk_65mhz | pg/hand1_y[9]_i_1_n_0                            | pg/hand1_x0                                      |                5 |             10 |
|  clkdivider/clk_65mhz | pg/dig1000x[8]_i_1_n_0                           |                                                  |                2 |             10 |
|  clkdivider/clk_65mhz | pg/button_click_counter[9]_i_1_n_0               | pg/hand1_x0                                      |                3 |             10 |
|  clkdivider/clk_65mhz | pg/notegen/y9                                    | db1/clean_out_reg_24[0]                          |                2 |             10 |
|  clkdivider/clk_65mhz | pg/notegen/y8                                    | db1/clean_out_reg_25[0]                          |                3 |             10 |
|  clkdivider/clk_65mhz | pg/notegen/y7                                    | db1/clean_out_reg_26[0]                          |                2 |             10 |
|  clkdivider/clk_65mhz | pg/notegen/y25                                   | db1/clean_out_reg_8[0]                           |                3 |             10 |
|  clkdivider/clk_65mhz | pg/notegen/y5                                    | db1/clean_out_reg_28[0]                          |                4 |             10 |
|  clkdivider/clk_65mhz | pg/notegen/y4                                    | db1/clean_out_reg_29[0]                          |                3 |             10 |
|  clkdivider/clk_65mhz | pg/notegen/y31                                   | db1/clean_out_reg_2[0]                           |                5 |             10 |
|  clkdivider/clk_65mhz | pg/notegen/y30                                   | db1/clean_out_reg_3[0]                           |                4 |             10 |
|  clkdivider/clk_65mhz | pg/notegen/y3                                    | db1/clean_out_reg_30[0]                          |                3 |             10 |
|  clkdivider/clk_65mhz | pg/notegen/y29                                   | db1/clean_out_reg_4[0]                           |                4 |             10 |
|  clkdivider/clk_65mhz | pg/notegen/y28                                   | db1/clean_out_reg_5[0]                           |                3 |             10 |
|  clkdivider/clk_65mhz | pg/notegen/y27                                   | db1/clean_out_reg_6[0]                           |                5 |             10 |
|  clkdivider/clk_65mhz | pg/notegen/y26                                   | db1/clean_out_reg_7[0]                           |                4 |             10 |
|  clkdivider/clk_65mhz | pg/hand2_x[10]_i_1_n_0                           | pg/hand1_x0                                      |                4 |             11 |
|  clkdivider/clk_65mhz | pg/bpm                                           |                                                  |                4 |             11 |
|  clkdivider/clk_65mhz | pg/hand1_x[10]_i_1_n_0                           | pg/hand1_x0                                      |                7 |             11 |
|  clkdivider/clk_65mhz |                                                  | xvga1/hcount_out_reg[10]_rep__0_21               |                3 |             12 |
|  clkdivider/clk_65mhz | pg/alpha_pixel[11]_i_1_n_0                       |                                                  |                6 |             12 |
|  clkdivider/clk_65mhz | pg/notegen/nlen0[1]_i_1_n_0                      |                                                  |                8 |             14 |
|  clkdivider/clk_65mhz | pg/notegen/nlen10[1]_i_1_n_0                     |                                                  |                5 |             14 |
|  clkdivider/clk_65mhz | pg/notegen/nlen11[1]_i_1_n_0                     |                                                  |                5 |             14 |
|  clkdivider/clk_65mhz | pg/notegen/nlen12[1]_i_1_n_0                     |                                                  |                5 |             14 |
|  clkdivider/clk_65mhz | pg/notegen/nlen13[1]_i_1_n_0                     |                                                  |                5 |             14 |
|  clkdivider/clk_65mhz | pg/notegen/nlen14[1]_i_1_n_0                     |                                                  |                7 |             14 |
|  clkdivider/clk_65mhz | pg/notegen/nlen8[1]_i_1_n_0                      |                                                  |                6 |             14 |
|  clkdivider/clk_65mhz | pg/notegen/nlen15[1]_i_1_n_0                     |                                                  |                5 |             14 |
|  clkdivider/clk_65mhz | pg/notegen/nlen16[1]_i_1_n_0                     |                                                  |                5 |             14 |
|  clkdivider/clk_65mhz | pg/notegen/nlen17[1]_i_1_n_0                     |                                                  |                6 |             14 |
|  clkdivider/clk_65mhz | pg/notegen/nlen18[1]_i_1_n_0                     |                                                  |                5 |             14 |
|  clkdivider/clk_65mhz | pg/notegen/nlen19[1]_i_1_n_0                     |                                                  |                6 |             14 |
|  clkdivider/clk_65mhz | pg/notegen/nlen1[1]_i_1_n_0                      |                                                  |                5 |             14 |
|  clkdivider/clk_65mhz | pg/notegen/nlen20[1]_i_1_n_0                     |                                                  |                7 |             14 |
|  clkdivider/clk_65mhz | pg/notegen/nlen21[1]_i_1_n_0                     |                                                  |                6 |             14 |
|  clkdivider/clk_65mhz | pg/notegen/nlen23[1]_i_1_n_0                     |                                                  |                6 |             14 |
|  clkdivider/clk_65mhz | pg/notegen/nlen9[1]_i_1_n_0                      |                                                  |                5 |             14 |
|  clkdivider/clk_65mhz | pg/notegen/nlen7[1]_i_1_n_0                      |                                                  |                6 |             14 |
|  clkdivider/clk_65mhz | pg/notegen/nlen6[1]_i_1_n_0                      |                                                  |                6 |             14 |
|  clkdivider/clk_65mhz | pg/notegen/nlen5[1]_i_1_n_0                      |                                                  |                5 |             14 |
|  clkdivider/clk_65mhz | pg/notegen/nlen4[1]_i_1_n_0                      |                                                  |                7 |             14 |
|  clkdivider/clk_65mhz | pg/notegen/nlen3[1]_i_1_n_0                      |                                                  |                5 |             14 |
|  clkdivider/clk_65mhz | pg/notegen/nlen31[1]_i_1_n_0                     |                                                  |                5 |             14 |
|  clkdivider/clk_65mhz | pg/notegen/nlen30[1]_i_1_n_0                     |                                                  |                5 |             14 |
|  clkdivider/clk_65mhz | pg/notegen/nlen2[1]_i_1_n_0                      |                                                  |                5 |             14 |
|  clkdivider/clk_65mhz | pg/notegen/nlen29[1]_i_1_n_0                     |                                                  |                5 |             14 |
|  clkdivider/clk_65mhz | pg/notegen/nlen28[1]_i_1_n_0                     |                                                  |                6 |             14 |
|  clkdivider/clk_65mhz | pg/notegen/nlen27[1]_i_1_n_0                     |                                                  |                6 |             14 |
|  clkdivider/clk_65mhz | pg/notegen/nlen26[1]_i_1_n_0                     |                                                  |                5 |             14 |
|  clkdivider/clk_65mhz | pg/notegen/nlen25[1]_i_1_n_0                     |                                                  |                5 |             14 |
|  clkdivider/clk_65mhz | pg/notegen/nlen24[1]_i_1_n_0                     |                                                  |                5 |             14 |
|  clkdivider/clk_65mhz | pg/notegen/nlen22[1]_i_1_n_0                     |                                                  |                5 |             14 |
|  clkdivider/clk_65mhz |                                                  | pg/audio1/myrec/tonet1567/sample_counter_reg[11] |                4 |             15 |
|  clkdivider/clk_65mhz | xvga1/hreset                                     | xvga1/vcount_out0                                |                6 |             15 |
|  clkdivider/clk_65mhz | pg/hd/number[16]_i_1_n_0                         |                                                  |                8 |             17 |
|  clkdivider/clk_65mhz | pg/score[16]_i_1_n_0                             | pg/hand1_x0                                      |                4 |             17 |
|  clkdivider/clk_65mhz | pg/hand1_counter[20]_i_2_n_0                     | pg/hand1_counter[20]_i_1_n_0                     |                5 |             20 |
|  clkdivider/clk_65mhz | db1/count                                        | db1/count[0]_i_1__0_n_0                          |                5 |             20 |
|  clkdivider/clk_65mhz | pg/old_beat                                      | pg/hand2_counter[20]_i_1_n_0                     |                5 |             21 |
|  clkdivider/clk_65mhz |                                                  | db1/reset                                        |                9 |             22 |
|  clkdivider/clk_65mhz |                                                  | db1/clean_out_reg_1                              |                7 |             27 |
|  clkdivider/clk_65mhz |                                                  | pg/meter1/counter[0]_i_1_n_0                     |                7 |             27 |
|  clkdivider/clk_65mhz |                                                  | xvga1/hreset                                     |               15 |             30 |
|  clkdivider/clk_65mhz | pg/notes[60]_i_1_n_0                             | pg/hand1_x0                                      |               43 |             61 |
|  clkdivider/clk_65mhz |                                                  | pg/n_array[60]_i_1_n_0                           |               29 |             61 |
|  clkdivider/clk_65mhz |                                                  |                                                  |               64 |            135 |
|  clkdivider/clk_65mhz | pg/audio1/myrec/tonet1567/sample_counter_reg[11] | db1/reset                                        |              484 |           1899 |
+-----------------------+--------------------------------------------------+--------------------------------------------------+------------------+----------------+


