Copyright 1986-2019 Xilinx, Inc. All Rights Reserved.
--------------------------------------------------------------------------------------
| Tool Version : Vivado v.2019.1.2 (lin64) Build 2615518 Fri Aug  9 15:53:29 MDT 2019
| Date         : Tue Nov 19 16:17:23 2019
| Host         : eecs-digital-207 running 64-bit Ubuntu 14.04.6 LTS
| Command      : report_control_sets -verbose -file labkit_control_sets_placed.rpt
| Design       : labkit
| Device       : xc7a100t
--------------------------------------------------------------------------------------

Control Set Information

Table of Contents
-----------------
1. Summary
2. Histogram
3. Flip-Flop Distribution
4. Detailed Control Set Information

1. Summary
----------

+----------------------------------------------------------+-------+
|                          Status                          | Count |
+----------------------------------------------------------+-------+
| Total control sets                                       |    70 |
|    Minimum number of control sets                        |    70 |
|    Addition due to synthesis replication                 |     0 |
|    Addition due to physical synthesis replication        |     0 |
| Unused register locations in slices containing registers |   213 |
+----------------------------------------------------------+-------+
* Control sets can be merged at opt_design using control_set_merge or merge_equivalent_drivers
** Run report_qor_suggestions for automated merging and remapping suggestions


2. Histogram
------------

+--------------------+-------+
|       Fanout       | Count |
+--------------------+-------+
| Total control sets |    70 |
| >= 0 to < 4        |     4 |
| >= 4 to < 6        |     2 |
| >= 6 to < 8        |     2 |
| >= 8 to < 10       |    13 |
| >= 10 to < 12      |    21 |
| >= 12 to < 14      |     2 |
| >= 14 to < 16      |    17 |
| >= 16              |     9 |
+--------------------+-------+
* Control sets can be remapped at either synth_design or opt_design


3. Flip-Flop Distribution
-------------------------

+--------------+-----------------------+------------------------+-----------------+--------------+
| Clock Enable | Synchronous Set/Reset | Asynchronous Set/Reset | Total Registers | Total Slices |
+--------------+-----------------------+------------------------+-----------------+--------------+
| No           | No                    | No                     |             167 |           54 |
| No           | No                    | Yes                    |               0 |            0 |
| No           | Yes                   | No                     |             222 |           68 |
| Yes          | No                    | No                     |             262 |          111 |
| Yes          | No                    | Yes                    |               0 |            0 |
| Yes          | Yes                   | No                     |             720 |          197 |
+--------------+-----------------------+------------------------+-----------------+--------------+


4. Detailed Control Set Information
-----------------------------------

+----------------------+-------------------------------------------------+--------------------------------------+------------------+----------------+
|     Clock Signal     |                  Enable Signal                  |           Set/Reset Signal           | Slice Load Count | Bel Load Count |
+----------------------+-------------------------------------------------+--------------------------------------+------------------+----------------+
|  clkdivider/clk_out1 | db1/new_input_i_1_n_0                           |                                      |                1 |              1 |
|  clkdivider/clk_out1 |                                                 | display/p_0_in__0[0]                 |                1 |              2 |
|  clkdivider/clk_out1 |                                                 | display/strobe_out[6]_i_1_n_0        |                2 |              2 |
|  clkdivider/clk_out1 |                                                 | display/strobe_out[1]_i_1_n_0        |                1 |              2 |
|  clkdivider/clk_out1 | pg/notegen/note_buffer                          | db1/reset                            |                2 |              4 |
|  clkdivider/clk_out1 | db1/E[0]                                        |                                      |                2 |              5 |
|  clkdivider/clk_out1 | pg/meter1/E[0]                                  | db1/reset                            |                2 |              6 |
|  clkdivider/clk_out1 | pg/notegen/note_num[3]_i_1_n_0                  |                                      |                1 |              6 |
|  clkdivider/clk_out1 |                                                 | pg/audio1/myrec/data8[7]_i_1_n_0     |                2 |              8 |
|  clkdivider/clk_out1 |                                                 | pg/audio1/myrec/data9[7]_i_1_n_0     |                1 |              8 |
|  clkdivider/clk_out1 |                                                 | pg/audio1/myrec/data7[7]_i_1_n_0     |                1 |              8 |
|  clkdivider/clk_out1 |                                                 | pg/audio1/myrec/data6[7]_i_1_n_0     |                2 |              8 |
|  clkdivider/clk_out1 |                                                 | pg/audio1/myrec/data5[7]_i_1_n_0     |                2 |              8 |
|  clkdivider/clk_out1 |                                                 | pg/audio1/myrec/data4[7]_i_1_n_0     |                3 |              8 |
|  clkdivider/clk_out1 |                                                 | pg/audio1/myrec/data3[7]_i_1_n_0     |                1 |              8 |
|  clkdivider/clk_out1 |                                                 | pg/audio1/myrec/data2[7]_i_1_n_0     |                2 |              8 |
|  clkdivider/clk_out1 |                                                 | pg/audio1/myrec/data1[7]_i_1_n_0     |                2 |              8 |
|  clkdivider/clk_out1 |                                                 | pg/audio1/myrec/data12[7]_i_1_n_0    |                3 |              8 |
|  clkdivider/clk_out1 |                                                 | pg/audio1/myrec/data11[7]_i_1_n_0    |                1 |              8 |
|  clkdivider/clk_out1 |                                                 | pg/audio1/myrec/data10[7]_i_1_n_0    |                2 |              8 |
|  clkdivider/clk_out1 |                                                 | pg/audio1/myrec/data0[7]_i_1_n_0     |                2 |              8 |
|  clkdivider/clk_out1 | pg/notegen/y8[9]_i_2_n_0                        | pg/notegen/y8[9]_i_1_n_0             |                3 |             10 |
|  clkdivider/clk_out1 | pg/notegen/y4[9]_i_2_n_0                        | pg/notegen/y4[9]_i_1_n_0             |                3 |             10 |
|  clkdivider/clk_out1 | pg/notegen/y0[9]_i_2_n_0                        | pg/notegen/y0[9]_i_1_n_0             |                3 |             10 |
|  clkdivider/clk_out1 | pg/notegen/y14[9]_i_2_n_0                       | pg/notegen/y14[9]_i_1_n_0            |                3 |             10 |
|  clkdivider/clk_out1 | pg/notegen/y13[9]_i_2_n_0                       | pg/notegen/y13[9]_i_1_n_0            |                3 |             10 |
|  clkdivider/clk_out1 | pg/notegen/y7[9]_i_2_n_0                        | pg/notegen/y7[9]_i_1_n_0             |                3 |             10 |
|  clkdivider/clk_out1 | pg/notegen/y9[9]_i_2_n_0                        | pg/notegen/y9[9]_i_1_n_0             |                3 |             10 |
|  clkdivider/clk_out1 | pg/notegen/y10[9]_i_2_n_0                       | pg/notegen/y10[9]_i_1_n_0            |                3 |             10 |
|  clkdivider/clk_out1 | pg/notegen/y15[9]_i_2_n_0                       | pg/notegen/y15[9]_i_1_n_0            |                4 |             10 |
|  clkdivider/clk_out1 | pg/notegen/y1[9]_i_2_n_0                        | pg/notegen/y1[9]_i_1_n_0             |                4 |             10 |
|  clkdivider/clk_out1 | pg/notegen/y2[9]_i_2_n_0                        | pg/notegen/y2[9]_i_1_n_0             |                3 |             10 |
|  clkdivider/clk_out1 | pg/notegen/y3[9]_i_2_n_0                        | pg/notegen/y3[9]_i_1_n_0             |                3 |             10 |
|  clkdivider/clk_out1 | pg/notegen/notepos/x_pos[9]_i_1_n_0             |                                      |                2 |             10 |
|  clkdivider/clk_out1 | pg/notegen/y11[9]_i_2_n_0                       | pg/notegen/y11[9]_i_1_n_0            |                3 |             10 |
|  clkdivider/clk_out1 | pg/notegen/y6[9]_i_2_n_0                        | pg/notegen/y6[9]_i_1_n_0             |                4 |             10 |
|  clkdivider/clk_out1 | pg/notegen/y5[9]_i_2_n_0                        | pg/notegen/y5[9]_i_1_n_0             |                3 |             10 |
|  clkdivider/clk_out1 | pg/notegen/y12[9]_i_2_n_0                       | pg/notegen/y12[9]_i_1_n_0            |                3 |             10 |
|  clkdivider/clk_out1 | xvga1/hreset                                    | xvga1/vcount_out0                    |                4 |             10 |
|  clkdivider/clk_out1 |                                                 | xvga1/hreset                         |                6 |             11 |
|  clkdivider/clk_out1 | pg/hand2_x[10]_i_1_n_0                          | db1/reset                            |                4 |             11 |
|  clkdivider/clk_out1 | pg/hand1_x[10]_i_1_n_0                          | db1/reset                            |                4 |             11 |
|  clkdivider/clk_out1 |                                                 | xvga1/n_array                        |                8 |             13 |
|  clkdivider/clk_out1 | xvga1/notes0                                    | db1/reset                            |                4 |             13 |
|  clkdivider/clk_out1 |                                                 | pg/audio1/sample_counter[15]_i_1_n_0 |                4 |             15 |
|  clkdivider/clk_out1 | pg/notegen/nlen12[8]_i_1_n_0                    |                                      |                5 |             15 |
|  clkdivider/clk_out1 | pg/notegen/nlen10[8]_i_1_n_0                    |                                      |                7 |             15 |
|  clkdivider/clk_out1 | pg/notegen/nlen11[8]_i_1_n_0                    |                                      |                8 |             15 |
|  clkdivider/clk_out1 | pg/notegen/nlen1[8]_i_1_n_0                     |                                      |                6 |             15 |
|  clkdivider/clk_out1 | pg/notegen/nlen15[8]_i_1_n_0                    |                                      |                7 |             15 |
|  clkdivider/clk_out1 | pg/notegen/nlen5[8]_i_1_n_0                     |                                      |                6 |             15 |
|  clkdivider/clk_out1 | pg/notegen/nlen13[8]_i_1_n_0                    |                                      |                8 |             15 |
|  clkdivider/clk_out1 | pg/notegen/nlen14[8]_i_1_n_0                    |                                      |                8 |             15 |
|  clkdivider/clk_out1 | pg/notegen/nlen3[8]_i_1_n_0                     |                                      |                5 |             15 |
|  clkdivider/clk_out1 | pg/notegen/nlen2[8]_i_1_n_0                     |                                      |                6 |             15 |
|  clkdivider/clk_out1 | pg/notegen/nlen6[8]_i_1_n_0                     |                                      |                5 |             15 |
|  clkdivider/clk_out1 | pg/notegen/nlen7[8]_i_1_n_0                     |                                      |                6 |             15 |
|  clkdivider/clk_out1 | pg/notegen/nlen8[8]_i_1_n_0                     |                                      |                7 |             15 |
|  clkdivider/clk_out1 | pg/notegen/nlen9[8]_i_1_n_0                     |                                      |                8 |             15 |
|  clkdivider/clk_out1 | pg/notegen/nlen4[8]_i_1_n_0                     |                                      |                7 |             15 |
|  clkdivider/clk_out1 | pg/notegen/nlen0[8]_i_1_n_0                     |                                      |                6 |             15 |
|  clkdivider/clk_out1 |                                                 | db1/reset                            |                8 |             19 |
|  clkdivider/clk_out1 | db1/count                                       | db1/new_input_i_1_n_0                |                5 |             20 |
|  clkdivider/clk_out1 | db1/E[0]                                        | db1/SR[0]                            |                5 |             21 |
|  clkdivider/clk_out1 | db1/E[0]                                        | db1/clean_out_reg_3[0]               |                4 |             21 |
|  clkdivider/clk_out1 |                                                 | db1/clean_out_reg_1                  |                7 |             27 |
|  clkdivider/clk_out1 |                                                 | db1/clean_out_reg_0                  |                7 |             27 |
|  clkdivider/clk_out1 | pg/score                                        | db1/reset                            |                8 |             32 |
|  clkdivider/clk_out1 |                                                 |                                      |               54 |            167 |
|  clkdivider/clk_out1 | pg/audio1/myrec/tone622hz/sample_counter_reg[3] | db1/reset                            |              104 |            411 |
+----------------------+-------------------------------------------------+--------------------------------------+------------------+----------------+


