Copyright 1986-2019 Xilinx, Inc. All Rights Reserved.
--------------------------------------------------------------------------------------
| Tool Version : Vivado v.2019.1.2 (lin64) Build 2615518 Fri Aug  9 15:53:29 MDT 2019
| Date         : Thu Nov  7 19:37:07 2019
| Host         : eecs-digital-03 running 64-bit Ubuntu 14.04.6 LTS
| Command      : report_control_sets -verbose -file labkit_control_sets_placed.rpt
| Design       : labkit
| Device       : xc7a100t
--------------------------------------------------------------------------------------

Control Set Information

Table of Contents
-----------------
1. Summary
2. Histogram
3. Flip-Flop Distribution
4. Detailed Control Set Information

1. Summary
----------

+----------------------------------------------------------+-------+
|                          Status                          | Count |
+----------------------------------------------------------+-------+
| Total control sets                                       |    15 |
|    Minimum number of control sets                        |    15 |
|    Addition due to synthesis replication                 |     0 |
|    Addition due to physical synthesis replication        |     0 |
| Unused register locations in slices containing registers |    54 |
+----------------------------------------------------------+-------+
* Control sets can be merged at opt_design using control_set_merge or merge_equivalent_drivers
** Run report_qor_suggestions for automated merging and remapping suggestions


2. Histogram
------------

+--------------------+-------+
|       Fanout       | Count |
+--------------------+-------+
| Total control sets |    15 |
| >= 0 to < 4        |     1 |
| >= 4 to < 6        |     0 |
| >= 6 to < 8        |     0 |
| >= 8 to < 10       |     2 |
| >= 10 to < 12      |     5 |
| >= 12 to < 14      |     0 |
| >= 14 to < 16      |     1 |
| >= 16              |     6 |
+--------------------+-------+
* Control sets can be remapped at either synth_design or opt_design


3. Flip-Flop Distribution
-------------------------

+--------------+-----------------------+------------------------+-----------------+--------------+
| Clock Enable | Synchronous Set/Reset | Asynchronous Set/Reset | Total Registers | Total Slices |
+--------------+-----------------------+------------------------+-----------------+--------------+
| No           | No                    | No                     |              70 |           31 |
| No           | No                    | Yes                    |               0 |            0 |
| No           | Yes                   | No                     |              78 |           23 |
| Yes          | No                    | No                     |               1 |            1 |
| Yes          | No                    | Yes                    |               0 |            0 |
| Yes          | Yes                   | No                     |             141 |           40 |
+--------------+-----------------------+------------------------+-----------------+--------------+


4. Detailed Control Set Information
-----------------------------------

+----------------------+-------------------------------------------------+-------------------------------------------------+------------------+----------------+
|     Clock Signal     |                  Enable Signal                  |                 Set/Reset Signal                | Slice Load Count | Bel Load Count |
+----------------------+-------------------------------------------------+-------------------------------------------------+------------------+----------------+
|  clkdivider/clk_out1 | db1/new_input_i_1_n_0                           |                                                 |                1 |              1 |
|  clkdivider/clk_out1 |                                                 | pg/audio1/myrec/data1[7]_i_1_n_0                |                2 |              8 |
|  clkdivider/clk_out1 |                                                 | pg/audio1/myrec/data2[7]_i_1_n_0                |                1 |              8 |
|  clkdivider/clk_out1 | pg/note_y1                                      | pg/note_y2                                      |                3 |             10 |
|  clkdivider/clk_out1 | xvga1/hreset                                    | xvga1/vcount_out0                               |                4 |             10 |
|  clkdivider/clk_out1 |                                                 | xvga1/hreset                                    |                3 |             11 |
|  clkdivider/clk_out1 | pg/hand1_x[10]_i_1_n_0                          | db1/reset                                       |                4 |             11 |
|  clkdivider/clk_out1 | pg/hand2_x[10]_i_1_n_0                          | db1/reset                                       |                4 |             11 |
|  clkdivider/clk_out1 |                                                 | pg/audio1/myrec/tone440hz/sample_counter_reg[0] |                4 |             15 |
|  clkdivider/clk_out1 | db1/count                                       | db1/new_input_i_1_n_0                           |                5 |             20 |
|  clkdivider/clk_out1 | db1/E[0]                                        | db1/SR[0]                                       |                5 |             21 |
|  clkdivider/clk_out1 | db1/E[0]                                        | db1/clean_out_reg_0[0]                          |                5 |             21 |
|  clkdivider/clk_out1 |                                                 | db1/reset                                       |               13 |             36 |
|  clkdivider/clk_out1 | pg/audio1/myrec/tone440hz/sample_counter_reg[0] | db1/reset                                       |               10 |             37 |
|  clkdivider/clk_out1 |                                                 |                                                 |               31 |             70 |
+----------------------+-------------------------------------------------+-------------------------------------------------+------------------+----------------+


